<html>
<body>
<pre>
<h1>µVision Build Log</h1>
<h2>Tool Versions:</h2>
IDE-Version: ¦ÌVision V5.31.0.0
Copyright (C) 2020 ARM Ltd and ARM Germany GmbH. All rights reserved.
License Information: luo luo, luo, LIC=UJWP0-BE7ZK-KPKZY-IJ3E4-HME3A-UX9D7
 
Tool Versions:
Toolchain:       MDK-ARM Plus  Version: 5.31.0.0
Toolchain Path:  C:\Keil_v5\ARM\ARMCLANG\Bin
C Compiler:      ArmClang.exe V6.14
Assembler:       Armasm.exe V6.14
Linker/Locator:  ArmLink.exe V6.14
Library Manager: ArmAr.exe V6.14
Hex Converter:   FromElf.exe V6.14
CPU DLL:         SARMCM3.DLL V5.31.0.0
Dialog DLL:      DARMCM1.DLL V1.19.3.0
Target DLL:      UL2CM3.DLL V1.163.4.0
Dialog DLL:      TARMCM1.DLL V1.14.2.0
 
<h2>Project:</h2>
E:\Data\PY32\SW6306V\SW6306V\Project.uvprojx
Project File Date:  09/04/2025

<h2>Output:</h2>
*** Using Compiler 'V6.14', folder: 'C:\Keil_v5\ARM\ARMCLANG\Bin'
Rebuild target 'PY32F030x6_Project'
assembling startup_py32f030xx.s...
compiling system_py32f0xx.c...
compiling py32f0xx_ll_exti.c...
compiling py32f0xx_it.c...
compiling py32f0xx_ll_dma.c...
compiling bsp_py32f030x6.c...
compiling py32f0xx_ll_adc.c...
compiling py32f0xx_ll_gpio.c...
compiling py32f0xx_ll_i2c.c...
compiling debounce_key.c...
compiling py32f0xx_ll_lptim.c...
compiling py32f0xx_ll_pwr.c...
compiling main.c...
compiling py32f0xx_ll_rcc.c...
compiling py32f0xx_ll_tim.c...
compiling py32f0xx_bsp_exti.c...
compiling py32f0xx_ll_utils.c...
compiling py32f0xx_bsp_pwr.c...
compiling py32f0xx_bsp_gpio.c...
compiling py32f0xx_bsp_rcc.c...
compiling coroOS.c...
compiling py32f0xx_bsp_tim.c...
compiling py32f0xx_bsp_i2c.c...
compiling py32f0xx_bsp_usart.c...
compiling myspi_drv.c...
compiling flash_drv.c...
compiling shtc3_drv.c...
compiling ds3231_drv.c...
compiling 12864oled_drv.c...
compiling menu.c...
compiling py32f0xx_hal_cortex.c...
compiling sw6306.c...
compiling py32f0xx_hal.c...
compiling py32f0xx_hal_flash.c...
linking...
Program Size: Code=30800 RO-data=7468 RW-data=216 ZI-data=2624  
FromELF: creating hex file...
".\Objects\Target.axf" - 0 Error(s), 0 Warning(s).

<h2>Software Packages used:</h2>

Package Vendor: ARM
                http://www.keil.com/pack/ARM.CMSIS.5.7.0.pack
                ARM.CMSIS.5.7.0
                CMSIS (Cortex Microcontroller Software Interface Standard)
   * Component: CORE Version: 5.4.0

Package Vendor: Puya
                https://www.puyasemi.com/uploadfiles/Puya.PY32F0xx_DFP.1.2.0.pack
                Puya.PY32F0xx_DFP.1.2.0
                Puya PY32F0 Series Device Support

<h2>Collection of Component include folders:</h2>
  .\RTE\_PY32F030x6_Project
  C:\Keil_v5\ARM\PACK\ARM\CMSIS\5.7.0\CMSIS\Core\Include
  C:\Keil_v5\ARM\PACK\Puya\PY32F0xx_DFP\1.2.0\Drivers\CMSIS\Device\Puya\PY32F0xx\Include

<h2>Collection of Component Files used:</h2>

   * Component: ARM::CMSIS:CORE:5.4.0
Build Time Elapsed:  00:00:02
</pre>
</body>
</html>
