Component: ARM Compiler 6.14 Tool: armlink [5db06800]

==============================================================================

Section Cross References

    startup_py32f030xx.o(RESET) refers to startup_py32f030xx.o(STACK) for __initial_sp
    startup_py32f030xx.o(RESET) refers to startup_py32f030xx.o(.text) for Reset_Handler
    startup_py32f030xx.o(RESET) refers to py32f0xx_it.o(.text.NMI_Handler) for NMI_Handler
    startup_py32f030xx.o(RESET) refers to py32f0xx_it.o(.text.HardFault_Handler) for HardFault_Handler
    startup_py32f030xx.o(RESET) refers to py32f0xx_it.o(.text.SVC_Handler) for SVC_Handler
    startup_py32f030xx.o(RESET) refers to py32f0xx_it.o(.text.PendSV_Handler) for PendSV_Handler
    startup_py32f030xx.o(RESET) refers to py32f0xx_it.o(.text.SysTick_Handler) for SysTick_Handler
    startup_py32f030xx.o(RESET) refers to py32f0xx_bsp_exti.o(.text.EXTI0_1_IRQHandler) for EXTI0_1_IRQHandler
    startup_py32f030xx.o(RESET) refers to py32f0xx_bsp_exti.o(.text.EXTI2_3_IRQHandler) for EXTI2_3_IRQHandler
    startup_py32f030xx.o(RESET) refers to py32f0xx_bsp_exti.o(.text.EXTI4_15_IRQHandler) for EXTI4_15_IRQHandler
    startup_py32f030xx.o(RESET) refers to py32f0xx_bsp_i2c.o(.text.I2C1_IRQHandler) for I2C1_IRQHandler
    startup_py32f030xx.o(RESET) refers to py32f0xx_bsp_usart.o(.text.USART1_IRQHandler) for USART1_IRQHandler
    startup_py32f030xx.o(.text) refers to system_py32f0xx.o(.text.SystemInit) for SystemInit
    startup_py32f030xx.o(.text) refers to entry.o(.ARM.Collect$$$$00000000) for __main
    system_py32f0xx.o(.text.SystemCoreClockUpdate) refers to system_py32f0xx.o(.rodata.HSIFreqTable) for HSIFreqTable
    system_py32f0xx.o(.text.SystemCoreClockUpdate) refers to system_py32f0xx.o(.data.SystemCoreClock) for SystemCoreClock
    system_py32f0xx.o(.text.SystemCoreClockUpdate) refers to system_py32f0xx.o(.rodata.AHBPrescTable) for AHBPrescTable
    system_py32f0xx.o(.ARM.exidx.text.SystemCoreClockUpdate) refers to system_py32f0xx.o(.text.SystemCoreClockUpdate) for [Anonymous Symbol]
    system_py32f0xx.o(.ARM.exidx.text.SystemInit) refers to system_py32f0xx.o(.text.SystemInit) for [Anonymous Symbol]
    system_py32f0xx.o(.text.$Sub$$main) refers to main.o(.text.main) for $Super$$main
    system_py32f0xx.o(.text.$Sub$$main) refers to system_py32f0xx.o(.ARM.__at_0x20000000) for VECT_SRAM_TAB
    system_py32f0xx.o(.ARM.exidx.text.$Sub$$main) refers to system_py32f0xx.o(.text.$Sub$$main) for [Anonymous Symbol]
    py32f0xx_it.o(.ARM.exidx.text.NMI_Handler) refers to py32f0xx_it.o(.text.NMI_Handler) for [Anonymous Symbol]
    py32f0xx_it.o(.ARM.exidx.text.HardFault_Handler) refers to py32f0xx_it.o(.text.HardFault_Handler) for [Anonymous Symbol]
    py32f0xx_it.o(.ARM.exidx.text.SVC_Handler) refers to py32f0xx_it.o(.text.SVC_Handler) for [Anonymous Symbol]
    py32f0xx_it.o(.ARM.exidx.text.PendSV_Handler) refers to py32f0xx_it.o(.text.PendSV_Handler) for [Anonymous Symbol]
    py32f0xx_it.o(.text.SysTick_Handler) refers to py32f0xx_it.o(.bss.millis) for millis
    py32f0xx_it.o(.ARM.exidx.text.SysTick_Handler) refers to py32f0xx_it.o(.text.SysTick_Handler) for [Anonymous Symbol]
    bsp_py32f030x6.o(.text.SysInit) refers to py32f0xx_bsp_rcc.o(.text.BSP_SystemClockConfig) for BSP_SystemClockConfig
    bsp_py32f030x6.o(.text.SysInit) refers to py32f0xx_bsp_pwr.o(.text.BSP_PWR_Config) for BSP_PWR_Config
    bsp_py32f030x6.o(.text.SysInit) refers to py32f0xx_bsp_gpio.o(.text.BSP_GPIO_Config) for BSP_GPIO_Config
    bsp_py32f030x6.o(.text.SysInit) refers to py32f0xx_bsp_exti.o(.text.BSP_EXTI_Config) for BSP_EXTI_Config
    bsp_py32f030x6.o(.text.SysInit) refers to py32f0xx_bsp_tim.o(.text.BSP_TIM_config) for BSP_TIM_config
    bsp_py32f030x6.o(.text.SysInit) refers to py32f0xx_bsp_tim.o(.text.BSP_PWMChannelConfig) for BSP_PWMChannelConfig
    bsp_py32f030x6.o(.text.SysInit) refers to py32f0xx_bsp_usart.o(.text.BSP_USART_Config) for BSP_USART_Config
    bsp_py32f030x6.o(.text.SysInit) refers to py32f0xx_bsp_i2c.o(.text.BSP_I2C_Config) for BSP_I2C_Config
    bsp_py32f030x6.o(.ARM.exidx.text.SysInit) refers to bsp_py32f030x6.o(.text.SysInit) for [Anonymous Symbol]
    main.o(.text.thread_app) refers to sw6306.o(.text.SW6306_Click) for SW6306_Click
    main.o(.text.thread_app) refers to sw6306.o(.text.SW6306_IextEnSet) for SW6306_IextEnSet
    main.o(.text.thread_app) refers to sw6306.o(.text.SW6306_ReadIBAT) for SW6306_ReadIBAT
    main.o(.text.thread_app) refers to sw6306.o(.text.SW6306_ReadIBUS) for SW6306_ReadIBUS
    main.o(.text.thread_app) refers to sw6306.o(.text.SW6306_ReadVBUS) for SW6306_ReadVBUS
    main.o(.text.thread_app) refers to sw6306.o(.text.SW6306_ReadVBAT) for SW6306_ReadVBAT
    main.o(.text.thread_app) refers to uidiv.o(.text) for __aeabi_uidiv
    main.o(.text.thread_app) refers to sw6306.o(.text.SW6306_IextSet) for SW6306_IextSet
    main.o(.text.thread_app) refers to sw6306.o(.text.SW6306_Init) for SW6306_Init
[...]
    _printf_lc                               0x00000000   Number         0  printfstubs.o ABSOLUTE
    _printf_ll                               0x00000000   Number         0  printfstubs.o ABSOLUTE
    _printf_lld                              0x00000000   Number         0  printfstubs.o ABSOLUTE
    _printf_lli                              0x00000000   Number         0  printfstubs.o ABSOLUTE
    _printf_llo                              0x00000000   Number         0  printfstubs.o ABSOLUTE
    _printf_llu                              0x00000000   Number         0  printfstubs.o ABSOLUTE
    _printf_llx                              0x00000000   Number         0  printfstubs.o ABSOLUTE
    _printf_longlong_dec                     0x00000000   Number         0  printfstubs.o ABSOLUTE
    _printf_longlong_hex                     0x00000000   Number         0  printfstubs.o ABSOLUTE
    _printf_longlong_oct                     0x00000000   Number         0  printfstubs.o ABSOLUTE
    _printf_ls                               0x00000000   Number         0  printfstubs.o ABSOLUTE
    _printf_mbtowc                           0x00000000   Number         0  printfstubs.o ABSOLUTE
    _printf_n                                0x00000000   Number         0  printfstubs.o ABSOLUTE
    _printf_o                                0x00000000   Number         0  printfstubs.o ABSOLUTE
    _printf_p                                0x00000000   Number         0  printfstubs.o ABSOLUTE
    _printf_percent                          0x00000000   Number         0  printfstubs.o ABSOLUTE
    _printf_pre_padding                      0x00000000   Number         0  printfstubs.o ABSOLUTE
    _printf_return_value                     0x00000000   Number         0  printfstubs.o ABSOLUTE
    _printf_s                                0x00000000   Number         0  printfstubs.o ABSOLUTE
    _printf_sizespec                         0x00000000   Number         0  printfstubs.o ABSOLUTE
    _printf_str                              0x00000000   Number         0  printfstubs.o ABSOLUTE
    _printf_truncate_signed                  0x00000000   Number         0  printfstubs.o ABSOLUTE
    _printf_truncate_unsigned                0x00000000   Number         0  printfstubs.o ABSOLUTE
    _printf_u                                0x00000000   Number         0  printfstubs.o ABSOLUTE
    _printf_wc                               0x00000000   Number         0  printfstubs.o ABSOLUTE
    _printf_wctomb                           0x00000000   Number         0  printfstubs.o ABSOLUTE
    _printf_widthprec                        0x00000000   Number         0  printfstubs.o ABSOLUTE
    _printf_x                                0x00000000   Number         0  printfstubs.o ABSOLUTE
    __cpp_initialize__aeabi_                  - Undefined Weak Reference
    __cxa_finalize                            - Undefined Weak Reference
    __decompress                              - Undefined Weak Reference
    _clock_init                               - Undefined Weak Reference
    _microlib_exit                            - Undefined Weak Reference
    __Vectors_Size                           0x000000c0   Number         0  startup_py32f030xx.o ABSOLUTE
    __Vectors                                0x08000000   Data           4  startup_py32f030xx.o(RESET)
    __Vectors_End                            0x080000c0   Data           0  startup_py32f030xx.o(RESET)
    __main                                   0x080000c1   Thumb Code     0  entry.o(.ARM.Collect$$$$00000000)
    _main_stk                                0x080000c1   Thumb Code     0  entry2.o(.ARM.Collect$$$$00000001)
    _main_scatterload                        0x080000c5   Thumb Code     0  entry5.o(.ARM.Collect$$$$00000004)
    __main_after_scatterload                 0x080000c9   Thumb Code     0  entry5.o(.ARM.Collect$$$$00000004)
    _main_clock                              0x080000c9   Thumb Code     0  entry7b.o(.ARM.Collect$$$$00000008)
    _main_cpp_init                           0x080000c9   Thumb Code     0  entry8b.o(.ARM.Collect$$$$0000000A)
    _main_init                               0x080000c9   Thumb Code     0  entry9a.o(.ARM.Collect$$$$0000000B)
    __rt_final_cpp                           0x080000d1   Thumb Code     0  entry10a.o(.ARM.Collect$$$$0000000D)
    __rt_final_exit                          0x080000d1   Thumb Code     0  entry11a.o(.ARM.Collect$$$$0000000F)
    Reset_Handler                            0x080000d5   Thumb Code     8  startup_py32f030xx.o(.text)
    ADC_COMP_IRQHandler                      0x080000e7   Thumb Code     0  startup_py32f030xx.o(.text)
    DMA1_Channel1_IRQHandler                 0x080000e7   Thumb Code     0  startup_py32f030xx.o(.text)
    DMA1_Channel2_3_IRQHandler               0x080000e7   Thumb Code     0  startup_py32f030xx.o(.text)
    FLASH_IRQHandler                         0x080000e7   Thumb Code     0  startup_py32f030xx.o(.text)
    LED_IRQHandler                           0x080000e7   Thumb Code     0  startup_py32f030xx.o(.text)
    LPTIM1_IRQHandler                        0x080000e7   Thumb Code     0  startup_py32f030xx.o(.text)
    PVD_IRQHandler                           0x080000e7   Thumb Code     0  startup_py32f030xx.o(.text)
    RCC_IRQHandler                           0x080000e7   Thumb Code     0  startup_py32f030xx.o(.text)
    RTC_IRQHandler                           0x080000e7   Thumb Code     0  startup_py32f030xx.o(.text)
    SPI1_IRQHandler                          0x080000e7   Thumb Code     0  startup_py32f030xx.o(.text)
    SPI2_IRQHandler                          0x080000e7   Thumb Code     0  startup_py32f030xx.o(.text)
    TIM14_IRQHandler                         0x080000e7   Thumb Code     0  startup_py32f030xx.o(.text)
    TIM16_IRQHandler                         0x080000e7   Thumb Code     0  startup_py32f030xx.o(.text)
    TIM17_IRQHandler                         0x080000e7   Thumb Code     0  startup_py32f030xx.o(.text)
    TIM1_BRK_UP_TRG_COM_IRQHandler           0x080000e7   Thumb Code     0  startup_py32f030xx.o(.text)
    TIM1_CC_IRQHandler                       0x080000e7   Thumb Code     0  startup_py32f030xx.o(.text)
    TIM3_IRQHandler                          0x080000e7   Thumb Code     0  startup_py32f030xx.o(.text)
    USART2_IRQHandler                        0x080000e7   Thumb Code     0  startup_py32f030xx.o(.text)
    WWDG_IRQHandler                          0x080000e7   Thumb Code     0  startup_py32f030xx.o(.text)
    __aeabi_uidiv                            0x080000f1   Thumb Code     0  uidiv.o(.text)
    __aeabi_uidivmod                         0x080000f1   Thumb Code    44  uidiv.o(.text)
    __aeabi_memcpy                           0x0800011d   Thumb Code    36  memcpya.o(.text)
    __aeabi_memcpy4                          0x0800011d   Thumb Code     0  memcpya.o(.text)
    __aeabi_memcpy8                          0x0800011d   Thumb Code     0  memcpya.o(.text)
    __aeabi_memset                           0x08000141   Thumb Code    14  memseta.o(.text)
    __aeabi_memset4                          0x08000141   Thumb Code     0  memseta.o(.text)
    __aeabi_memset8                          0x08000141   Thumb Code     0  memseta.o(.text)
    __aeabi_memclr                           0x0800014f   Thumb Code     4  memseta.o(.text)
    __aeabi_memclr4                          0x0800014f   Thumb Code     0  memseta.o(.text)
    __aeabi_memclr8                          0x0800014f   Thumb Code     0  memseta.o(.text)
    _memset$wrapper                          0x08000153   Thumb Code    18  memseta.o(.text)
    strlen                                   0x08000165   Thumb Code    14  strlen.o(.text)
    __aeabi_fadd                             0x08000173   Thumb Code   162  fadd.o(.text)
    __aeabi_fsub                             0x08000215   Thumb Code     8  fadd.o(.text)
    __aeabi_frsub                            0x0800021d   Thumb Code     8  fadd.o(.text)
    __aeabi_fmul                             0x08000225   Thumb Code   122  fmul.o(.text)
    __aeabi_fdiv                             0x0800029f   Thumb Code   124  fdiv.o(.text)
    __aeabi_dadd                             0x0800031d   Thumb Code   328  dadd.o(.text)
    __aeabi_dsub                             0x08000465   Thumb Code    12  dadd.o(.text)
    __aeabi_drsub                            0x08000471   Thumb Code    12  dadd.o(.text)
    __aeabi_dmul                             0x08000481   Thumb Code   202  dmul.o(.text)
    __aeabi_ddiv                             0x08000551   Thumb Code   234  ddiv.o(.text)
    __aeabi_fcmplt                           0x08000641   Thumb Code    28  fcmplt.o(.text)
    __aeabi_fcmpgt                           0x0800065d   Thumb Code    28  fcmpgt.o(.text)
    __aeabi_i2f                              0x08000679   Thumb Code    22  fflti.o(.text)
    __aeabi_ui2f                             0x0800068f   Thumb Code    14  ffltui.o(.text)
    __aeabi_ui2d                             0x0800069d   Thumb Code    24  dfltui.o(.text)
    __aeabi_f2iz                             0x080006b9   Thumb Code    50  ffixi.o(.text)
    __aeabi_f2d                              0x080006eb   Thumb Code    40  f2d.o(.text)
    __aeabi_d2f                              0x08000713   Thumb Code    56  d2f.o(.text)
    __aeabi_uldivmod                         0x0800074b   Thumb Code    96  uldiv.o(.text)
    __aeabi_llsl                             0x080007ab   Thumb Code    32  llshl.o(.text)
    _ll_shift_l                              0x080007ab   Thumb Code     0  llshl.o(.text)
    __aeabi_lasr                             0x080007cb   Thumb Code    38  llsshr.o(.text)
    _ll_sshift_r                             0x080007cb   Thumb Code     0  llsshr.o(.text)
    __I$use$fp                               0x080007f1   Thumb Code     0  iusefp.o(.text)
    _float_round                             0x080007f1   Thumb Code    16  fepilogue.o(.text)
    _float_epilogue                          0x08000801   Thumb Code   114  fepilogue.o(.text)
    _double_round                            0x08000873   Thumb Code    26  depilogue.o(.text)
    _double_epilogue                         0x0800088d   Thumb Code   164  depilogue.o(.text)
    __ARM_scalbn                             0x08000931   Thumb Code    44  dscalb.o(.text)
    scalbn                                   0x08000931   Thumb Code     0  dscalb.o(.text)
    __aeabi_i2d                              0x0800095d   Thumb Code    34  dflti.o(.text)
    __aeabi_d2ulz                            0x08000985   Thumb Code    54  dfixul.o(.text)
    __aeabi_cdcmpeq                          0x080009c5   Thumb Code     0  cdcmple.o(.text)
    __aeabi_cdcmple                          0x080009c5   Thumb Code    38  cdcmple.o(.text)
    __aeabi_cdrcmple                         0x080009ed   Thumb Code    38  cdrcmple.o(.text)
    __ARM_fcmp4                              0x08000a15   Thumb Code    44  fcmp4.o(.text)
    _fcmp4                                   0x08000a15   Thumb Code     0  fcmp4.o(.text)
    __scatterload                            0x08000a49   Thumb Code    28  init.o(.text)
    __scatterload_rt2                        0x08000a49   Thumb Code     0  init.o(.text)
    __aeabi_llsr                             0x08000a6d   Thumb Code    34  llushr.o(.text)
    _ll_ushift_r                             0x08000a6d   Thumb Code     0  llushr.o(.text)
    main                                     0x08000a91   Thumb Code    44  system_py32f0xx.o(.text.$Sub$$main)
    APP_I2C_Receive                          0x08000ad5   Thumb Code   388  py32f0xx_bsp_i2c.o(.text.APP_I2C_Receive)
    APP_I2C_Transmit                         0x08000c59   Thumb Code   122  py32f0xx_bsp_i2c.o(.text.APP_I2C_Transmit)
    ASYNC_I2C_Receive                        0x08000cd5   Thumb Code    92  py32f0xx_bsp_i2c.o(.text.ASYNC_I2C_Receive)
    ASYNC_I2C_Transmit                       0x08000d31   Thumb Code    96  py32f0xx_bsp_i2c.o(.text.ASYNC_I2C_Transmit)
    BSP_AdcConfig                            0x08000d91   Thumb Code    78  py32f0xx_bsp_gpio.o(.text.BSP_AdcConfig)
    BSP_AdcConvert                           0x08000de1   Thumb Code    44  py32f0xx_bsp_gpio.o(.text.BSP_AdcConvert)
    BSP_EXTI_Config                          0x08000e0d   Thumb Code   200  py32f0xx_bsp_exti.o(.text.BSP_EXTI_Config)
    BSP_GPIO_Config                          0x08000ed5   Thumb Code   176  py32f0xx_bsp_gpio.o(.text.BSP_GPIO_Config)
    BSP_I2C_Config                           0x08000f85   Thumb Code   144  py32f0xx_bsp_i2c.o(.text.BSP_I2C_Config)
    BSP_PWMChannelConfig                     0x08001015   Thumb Code   156  py32f0xx_bsp_tim.o(.text.BSP_PWMChannelConfig)
    BSP_PWR_Config                           0x080010b1   Thumb Code    24  py32f0xx_bsp_pwr.o(.text.BSP_PWR_Config)
    BSP_SystemClockConfig                    0x080010c9   Thumb Code   104  py32f0xx_bsp_rcc.o(.text.BSP_SystemClockConfig)
    BSP_TIM_config                           0x08001131   Thumb Code   104  py32f0xx_bsp_tim.o(.text.BSP_TIM_config)
    BSP_USART_Config                         0x08001199   Thumb Code   132  py32f0xx_bsp_usart.o(.text.BSP_USART_Config)
    Check_Key_Events                         0x0800121d   Thumb Code   170  debounce_key.o(.text.Check_Key_Events)
    DS3231_getdate                           0x080012c7   Thumb Code    72  ds3231_drv.o(.text.DS3231_getdate)
    DS3231_gettime                           0x0800130f   Thumb Code    82  ds3231_drv.o(.text.DS3231_gettime)
    DS3231_setDate                           0x08001361   Thumb Code   122  ds3231_drv.o(.text.DS3231_setDate)
    DS3231_setTime                           0x080013db   Thumb Code    94  ds3231_drv.o(.text.DS3231_setTime)
    Ds3231SetHome                            0x08001439   Thumb Code   520  main.o(.text.Ds3231SetHome)
    EXTI0_1_IRQHandler                       0x08001641   Thumb Code    52  py32f0xx_bsp_exti.o(.text.EXTI0_1_IRQHandler)
    EXTI2_3_IRQHandler                       0x08001675   Thumb Code    56  py32f0xx_bsp_exti.o(.text.EXTI2_3_IRQHandler)
    EXTI4_15_IRQHandler                      0x080016ad   Thumb Code    44  py32f0xx_bsp_exti.o(.text.EXTI4_15_IRQHandler)
    ElectricArc                              0x080016d9   Thumb Code    64  main.o(.text.ElectricArc)
    GUI_ShowChar                             0x08001719   Thumb Code   208  12864oled_drv.o(.text.GUI_ShowChar)
    GUI_ShowFont16                           0x080017e9   Thumb Code   132  12864oled_drv.o(.text.GUI_ShowFont16)
    GUI_ShowFont24                           0x0800186d   Thumb Code   112  12864oled_drv.o(.text.GUI_ShowFont24)
    GUI_ShowFont32                           0x080018dd   Thumb Code   112  12864oled_drv.o(.text.GUI_ShowFont32)
    GetShtc3Data                             0x0800194d   Thumb Code    32  shtc3_drv.o(.text.GetShtc3Data)
    HardFault_Handler                        0x0800196d   Thumb Code     2  py32f0xx_it.o(.text.HardFault_Handler)
    Home1                                    0x08001971   Thumb Code  1588  main.o(.text.Home1)
    Home1_2                                  0x08001fa5   Thumb Code   380  main.o(.text.Home1_2)
    Home2                                    0x08002121   Thumb Code   524  main.o(.text.Home2)
    I2C1_IRQHandler                          0x0800232d   Thumb Code   592  py32f0xx_bsp_i2c.o(.text.I2C1_IRQHandler)
    I2C_Diagnosis                            0x0800257d   Thumb Code    24  py32f0xx_bsp_i2c.o(.text.I2C_Diagnosis)
    I2C_Unlock                               0x08002595   Thumb Code   124  py32f0xx_bsp_i2c.o(.text.I2C_Unlock)
    IIC_DS3231_ByteRead                      0x08002611   Thumb Code    42  ds3231_drv.o(.text.IIC_DS3231_ByteRead)
    IIC_DS3231_ByteWrite                     0x0800263b   Thumb Code    30  ds3231_drv.o(.text.IIC_DS3231_ByteWrite)
    Key_Init                                 0x08002659   Thumb Code    44  debounce_key.o(.text.Key_Init)
    Key_IsLongPressed                        0x08002685   Thumb Code    24  debounce_key.o(.text.Key_IsLongPressed)
    Key_IsLongReleased                       0x0800269d   Thumb Code    32  debounce_key.o(.text.Key_IsLongReleased)
    Key_IsShortPressed                       0x080026bd   Thumb Code    32  debounce_key.o(.text.Key_IsShortPressed)
    Key_Read                                 0x080026dd   Thumb Code    12  debounce_key.o(.text.Key_Read)
    Key_Scan                                 0x080026e9   Thumb Code   108  debounce_key.o(.text.Key_Scan)
    LL_EXTI_Init                             0x08002a01   Thumb Code   152  py32f0xx_ll_exti.o(.text.LL_EXTI_Init)
    LL_GPIO_Init                             0x08002ae1   Thumb Code   122  py32f0xx_ll_gpio.o(.text.LL_GPIO_Init)
    LL_I2C_Init                              0x08002e95   Thumb Code    58  py32f0xx_ll_i2c.o(.text.LL_I2C_Init)
    LL_RCC_GetSystemClocksFreq               0x08003079   Thumb Code    24  py32f0xx_ll_rcc.o(.text.LL_RCC_GetSystemClocksFreq)
    LL_SetSystemCoreClock                    0x08003175   Thumb Code    12  py32f0xx_ll_utils.o(.text.LL_SetSystemCoreClock)
    LL_TIM_Init                              0x080031a1   Thumb Code   160  py32f0xx_ll_tim.o(.text.LL_TIM_Init)
    LL_TIM_OC_Init                           0x08003241   Thumb Code    80  py32f0xx_ll_tim.o(.text.LL_TIM_OC_Init)
    LL_mDelay                                0x08003479   Thumb Code    40  py32f0xx_ll_utils.o(.text.LL_mDelay)
    LcdGpioDisable                           0x080034a1   Thumb Code   112  12864oled_drv.o(.text.LcdGpioDisable)
    MCU1LEDSet                               0x08003511   Thumb Code   144  main.o(.text.MCU1LEDSet)
    MySPI_SwapByte                           0x080035a1   Thumb Code    68  myspi_drv.o(.text.MySPI_SwapByte)
    MySpiGpioInit                            0x080035e5   Thumb Code    88  myspi_drv.o(.text.MySpiGpioInit)
    NMI_Handler                              0x0800363d   Thumb Code     2  py32f0xx_it.o(.text.NMI_Handler)
    OLED_Clear                               0x08003849   Thumb Code    32  12864oled_drv.o(.text.OLED_Clear)
    OLED_Display                             0x08003869   Thumb Code    64  12864oled_drv.o(.text.OLED_Display)
    OLED_Display_On                          0x080038a9   Thumb Code    30  12864oled_drv.o(.text.OLED_Display_On)
    OLED_Init                                0x080038c9   Thumb Code   276  12864oled_drv.o(.text.OLED_Init)
    OLED_Print                               0x080039dd   Thumb Code   206  12864oled_drv.o(.text.OLED_Print)
    OLED_Set_Pixel                           0x08003aad   Thumb Code    40  12864oled_drv.o(.text.OLED_Set_Pixel)
    OLED_WR_Byte                             0x08003ad5   Thumb Code    20  12864oled_drv.o(.text.OLED_WR_Byte)
    PendSV_Handler                           0x08003ae9   Thumb Code     2  py32f0xx_it.o(.text.PendSV_Handler)
    RCC_GetHCLKClockFreq                     0x08003aed   Thumb Code    32  py32f0xx_ll_rcc.o(.text.RCC_GetHCLKClockFreq)
    RCC_GetPCLK1ClockFreq                    0x08003b0d   Thumb Code    32  py32f0xx_ll_rcc.o(.text.RCC_GetPCLK1ClockFreq)
    RCC_GetSystemClockFreq                   0x08003b2d   Thumb Code    84  py32f0xx_ll_rcc.o(.text.RCC_GetSystemClockFreq)
    RCC_PLL_GetFreqDomain_SYS                0x08003b81   Thumb Code    28  py32f0xx_ll_rcc.o(.text.RCC_PLL_GetFreqDomain_SYS)
    SVC_Handler                              0x08003b9d   Thumb Code     2  py32f0xx_it.o(.text.SVC_Handler)
    SW6306_ADCLoad                           0x08003ba1   Thumb Code   272  sw6306.o(.text.SW6306_ADCLoad)
    SW6306_ADCRead                           0x08003cb1   Thumb Code   104  sw6306.o(.text.SW6306_ADCRead)
    SW6306_ByteModify                        0x08003d19   Thumb Code    96  sw6306.o(.text.SW6306_ByteModify)
    SW6306_ByteRead                          0x08003d79   Thumb Code    80  sw6306.o(.text.SW6306_ByteRead)
    SW6306_ByteWrite                         0x08003dc9   Thumb Code    44  sw6306.o(.text.SW6306_ByteWrite)
    SW6306_CapacityLoad                      0x08003df5   Thumb Code   196  sw6306.o(.text.SW6306_CapacityLoad)
    SW6306_Click                             0x08003eb9   Thumb Code    68  sw6306.o(.text.SW6306_Click)
    SW6306_IextDirSet                        0x08003efd   Thumb Code    88  sw6306.o(.text.SW6306_IextDirSet)
    SW6306_IextEnSet                         0x08003f55   Thumb Code    88  sw6306.o(.text.SW6306_IextEnSet)
    SW6306_IextSet                           0x08003fad   Thumb Code   104  sw6306.o(.text.SW6306_IextSet)
    SW6306_Init                              0x08004015   Thumb Code   940  sw6306.o(.text.SW6306_Init)
    SW6306_IsBatteryDepleted                 0x080043c1   Thumb Code    12  sw6306.o(.text.SW6306_IsBatteryDepleted)
    SW6306_IsCharging                        0x080043cd   Thumb Code    12  sw6306.o(.text.SW6306_IsCharging)
    SW6306_IsDischarging                     0x080043d9   Thumb Code    12  sw6306.o(.text.SW6306_IsDischarging)
    SW6306_IsErrorinCharging                 0x080043e5   Thumb Code    12  sw6306.o(.text.SW6306_IsErrorinCharging)
    SW6306_IsErrorinDischarging              0x080043f1   Thumb Code    12  sw6306.o(.text.SW6306_IsErrorinDischarging)
    SW6306_IsFullCharged                     0x080043fd   Thumb Code    12  sw6306.o(.text.SW6306_IsFullCharged)
    SW6306_IsInitialized                     0x08004409   Thumb Code    40  sw6306.o(.text.SW6306_IsInitialized)
    SW6306_IsOverHeated                      0x08004431   Thumb Code    24  sw6306.o(.text.SW6306_IsOverHeated)
    SW6306_IsPortA1ON                        0x08004449   Thumb Code    12  sw6306.o(.text.SW6306_IsPortA1ON)
    SW6306_IsPortA2ON                        0x08004455   Thumb Code    12  sw6306.o(.text.SW6306_IsPortA2ON)
    SW6306_IsPortC1ON                        0x08004461   Thumb Code    12  sw6306.o(.text.SW6306_IsPortC1ON)
    SW6306_IsPortC2ON                        0x0800446d   Thumb Code    12  sw6306.o(.text.SW6306_IsPortC2ON)
    SW6306_IsQCStatAFC                       0x08004479   Thumb Code    16  sw6306.o(.text.SW6306_IsQCStatAFC)
    SW6306_IsQCStatFCP                       0x08004489   Thumb Code    16  sw6306.o(.text.SW6306_IsQCStatFCP)
    SW6306_IsQCStatNONE                      0x08004499   Thumb Code    16  sw6306.o(.text.SW6306_IsQCStatNONE)
    SW6306_IsQCStatPDFIX                     0x080044a9   Thumb Code    16  sw6306.o(.text.SW6306_IsQCStatPDFIX)
    SW6306_IsQCStatPDPPS                     0x080044b9   Thumb Code    16  sw6306.o(.text.SW6306_IsQCStatPDPPS)
    SW6306_IsQCStatPE11                      0x080044c9   Thumb Code    16  sw6306.o(.text.SW6306_IsQCStatPE11)
    SW6306_IsQCStatPE20                      0x080044d9   Thumb Code    16  sw6306.o(.text.SW6306_IsQCStatPE20)
    SW6306_IsQCStatPQC                       0x080044e9   Thumb Code    12  sw6306.o(.text.SW6306_IsQCStatPQC)
    SW6306_IsQCStatQC2                       0x080044f5   Thumb Code    16  sw6306.o(.text.SW6306_IsQCStatQC2)
    SW6306_IsQCStatQC3                       0x08004505   Thumb Code    16  sw6306.o(.text.SW6306_IsQCStatQC3)
    SW6306_IsQCStatQC3P                      0x08004515   Thumb Code    16  sw6306.o(.text.SW6306_IsQCStatQC3P)
    SW6306_IsQCStatSCP                       0x08004525   Thumb Code    16  sw6306.o(.text.SW6306_IsQCStatSCP)
    SW6306_IsQCStatSFCP                      0x08004535   Thumb Code    16  sw6306.o(.text.SW6306_IsQCStatSFCP)
    SW6306_IsQCStatSVOOC                     0x08004545   Thumb Code    16  sw6306.o(.text.SW6306_IsQCStatSVOOC)
    SW6306_IsQCStatUFCS                      0x08004555   Thumb Code    16  sw6306.o(.text.SW6306_IsQCStatUFCS)
    SW6306_IsQCStatVOOC1                     0x08004565   Thumb Code    16  sw6306.o(.text.SW6306_IsQCStatVOOC1)
    SW6306_IsQCStatVOOC4                     0x08004575   Thumb Code    16  sw6306.o(.text.SW6306_IsQCStatVOOC4)
    SW6306_IsQCStatVQC                       0x08004585   Thumb Code    16  sw6306.o(.text.SW6306_IsQCStatVQC)
    SW6306_LPSet                             0x08004595   Thumb Code    72  sw6306.o(.text.SW6306_LPSet)
    SW6306_PDSet                             0x080045dd   Thumb Code   384  sw6306.o(.text.SW6306_PDSet)
    SW6306_PortA1Remove                      0x0800475d   Thumb Code    64  sw6306.o(.text.SW6306_PortA1Remove)
    SW6306_PortA2Remove                      0x0800479d   Thumb Code    64  sw6306.o(.text.SW6306_PortA2Remove)
    SW6306_PortStatusLoad                    0x080047dd   Thumb Code   164  sw6306.o(.text.SW6306_PortStatusLoad)
    SW6306_PowerLoad                         0x08004881   Thumb Code   244  sw6306.o(.text.SW6306_PowerLoad)
    SW6306_ReadCapacity                      0x08004975   Thumb Code    12  sw6306.o(.text.SW6306_ReadCapacity)
    SW6306_ReadIBAT                          0x08004981   Thumb Code     8  sw6306.o(.text.SW6306_ReadIBAT)
    SW6306_ReadIBUS                          0x08004989   Thumb Code     8  sw6306.o(.text.SW6306_ReadIBUS)
    SW6306_ReadMaxGuageCap                   0x08004991   Thumb Code    32  sw6306.o(.text.SW6306_ReadMaxGuageCap)
    SW6306_ReadPresentGuageCap               0x080049b1   Thumb Code    32  sw6306.o(.text.SW6306_ReadPresentGuageCap)
    SW6306_ReadTCHIP                         0x080049d1   Thumb Code    44  sw6306.o(.text.SW6306_ReadTCHIP)
    SW6306_ReadTNTC                          0x080049fd   Thumb Code    16  sw6306.o(.text.SW6306_ReadTNTC)
    SW6306_ReadVBAT                          0x08004a0d   Thumb Code     8  sw6306.o(.text.SW6306_ReadVBAT)
    SW6306_ReadVBUS                          0x08004a15   Thumb Code     8  sw6306.o(.text.SW6306_ReadVBUS)
    SW6306_RegsetSwitch                      0x08004a1d   Thumb Code   104  sw6306.o(.text.SW6306_RegsetSwitch)
    SW6306_StatusLoad                        0x08004a85   Thumb Code   260  sw6306.o(.text.SW6306_StatusLoad)
    SW6306_Unlock                            0x08004b89   Thumb Code   148  sw6306.o(.text.SW6306_Unlock)
    SetTempControl                           0x08004c1d   Thumb Code    68  main.o(.text.SetTempControl)
    Shtc3Hibernate                           0x08004c61   Thumb Code    28  shtc3_drv.o(.text.Shtc3Hibernate)
    Shtc3Wakeup                              0x08004c7d   Thumb Code    28  shtc3_drv.o(.text.Shtc3Wakeup)
    Shtc3_Read_Result                        0x08004c99   Thumb Code   156  shtc3_drv.o(.text.Shtc3_Read_Result)
    SysInit                                  0x08004d35   Thumb Code    40  bsp_py32f030x6.o(.text.SysInit)
    SysTick_Handler                          0x08004d5d   Thumb Code    16  py32f0xx_it.o(.text.SysTick_Handler)
    SystemInit                               0x08004d6d   Thumb Code    48  system_py32f0xx.o(.text.SystemInit)
    USART1_IRQHandler                        0x08004d9d   Thumb Code   168  py32f0xx_bsp_usart.o(.text.USART1_IRQHandler)
    USART_IsBusy                             0x08004e45   Thumb Code    26  py32f0xx_bsp_usart.o(.text.USART_IsBusy)
    USART_bufread                            0x08004e61   Thumb Code    76  py32f0xx_bsp_usart.o(.text.USART_bufread)
    USART_bufsend                            0x08004ead   Thumb Code   128  py32f0xx_bsp_usart.o(.text.USART_bufsend)
    USART_getvalidnum                        0x08004f2d   Thumb Code    36  py32f0xx_bsp_usart.o(.text.USART_getvalidnum)
    Write_IIC_Command                        0x08004f51   Thumb Code    32  12864oled_drv.o(.text.Write_IIC_Command)
    Write_IIC_Data                           0x08004f71   Thumb Code    40  12864oled_drv.o(.text.Write_IIC_Data)
    bcdToDec                                 0x08005031   Thumb Code    16  ds3231_drv.o(.text.bcdToDec)
    $Super$$main                             0x08005041   Thumb Code   400  main.o(.text.main)
    thread_app                               0x080051d1   Thumb Code  2404  main.o(.text.thread_app)
    thread_echo                              0x08005b35   Thumb Code    70  main.o(.text.thread_echo)
    thread_key                               0x08005b7d   Thumb Code  1112  main.o(.text.thread_key)
    thread_lcdprintf                         0x08005fd5   Thumb Code   128  main.o(.text.thread_lcdprintf)
    thread_trig                              0x08006055   Thumb Code   232  main.o(.text.thread_trig)
    uprintf                                  0x0800613d   Thumb Code    44  py32f0xx_bsp_usart.o(.text.uprintf)
    __0sprintf                               0x08006169   Thumb Code    36  printfa.o(i.__0sprintf)
    __1sprintf                               0x08006169   Thumb Code     0  printfa.o(i.__0sprintf)
    __2sprintf                               0x08006169   Thumb Code     0  printfa.o(i.__0sprintf)
    __c89sprintf                             0x08006169   Thumb Code     0  printfa.o(i.__0sprintf)
    sprintf                                  0x08006169   Thumb Code     0  printfa.o(i.__0sprintf)
    __0vsprintf                              0x08006191   Thumb Code    30  printfa.o(i.__0vsprintf)
    __1vsprintf                              0x08006191   Thumb Code     0  printfa.o(i.__0vsprintf)
    __2vsprintf                              0x08006191   Thumb Code     0  printfa.o(i.__0vsprintf)
    __c89vsprintf                            0x08006191   Thumb Code     0  printfa.o(i.__0vsprintf)
    vsprintf                                 0x08006191   Thumb Code     0  printfa.o(i.__0vsprintf)
    __ARM_clz                                0x080061b5   Thumb Code    46  depilogue.o(i.__ARM_clz)
    __kernel_poly                            0x080061e3   Thumb Code   172  poly.o(i.__kernel_poly)
    __mathlib_dbl_divzero                    0x08006291   Thumb Code    16  dunder.o(i.__mathlib_dbl_divzero)
    __mathlib_dbl_infnan                     0x080062a5   Thumb Code    10  dunder.o(i.__mathlib_dbl_infnan)
    __mathlib_dbl_invalid                    0x080062af   Thumb Code    16  dunder.o(i.__mathlib_dbl_invalid)
    __scatterload_copy                       0x080062bf   Thumb Code    14  handlers.o(i.__scatterload_copy)
    __scatterload_null                       0x080062cd   Thumb Code     2  handlers.o(i.__scatterload_null)
    __scatterload_zeroinit                   0x080062cf   Thumb Code    14  handlers.o(i.__scatterload_zeroinit)
    __set_errno                              0x080062dd   Thumb Code     6  errno.o(i.__set_errno)
    fminf                                    0x08006b9f   Thumb Code    38  fminf.o(i.fminf)
    log                                      0x08006bc5   Thumb Code   790  log.o(i.log)
    __mathlib_zero                           0x08006f50   Data           8  qnan.o(.constdata)
    AHBPrescTable                            0x08006f58   Data          64  system_py32f0xx.o(.rodata.AHBPrescTable)
    APBPrescTable                            0x08006f98   Data          32  system_py32f0xx.o(.rodata.APBPrescTable)
    F6x8                                     0x08006fb8   Data         760  12864oled_drv.o(.rodata.F6x8)
    F8X16                                    0x080072b0   Data        1520  12864oled_drv.o(.rodata.F8X16)
    HSIFreqTable                             0x080078a0   Data          32  system_py32f0xx.o(.rodata.HSIFreqTable)
    cfont16                                  0x080078c0   Data        2006  12864oled_drv.o(.rodata.cfont16)
    cfont24                                  0x08008096   Data          74  12864oled_drv.o(.rodata.cfont24)
    cfont32                                  0x080080e0   Data         130  12864oled_drv.o(.rodata.cfont32)
    Region$$Table$$Base                      0x0800890c   Number         0  anon$$obj.o(Region$$Table)
    Region$$Table$$Limit                     0x0800892c   Number         0  anon$$obj.o(Region$$Table)
    VECT_SRAM_TAB                            0x20000000   Data         192  system_py32f0xx.o(.ARM.__at_0x20000000)
    SystemCoreClock                          0x200000c4   Data           4  system_py32f0xx.o(.data.SystemCoreClock)
    I2C1_Status                              0x200000e0   Data          16  py32f0xx_bsp_i2c.o(.bss.I2C1_Status)
    Tim1Ch4Pwm                               0x20000550   Data           2  main.o(.bss.Tim1Ch4Pwm)
    cd_sleep                                 0x20000674   Data           2  main.o(.bss.cd_sleep)
    i2cwdtovf                                0x20000694   Data           4  py32f0xx_bsp_i2c.o(.bss.i2cwdtovf)
    inttrig                                  0x20000698   Data           1  py32f0xx_bsp_exti.o(.bss.inttrig)
    keytrig                                  0x200006ba   Data           1  py32f0xx_bsp_exti.o(.bss.keytrig)
    millis                                   0x200006bc   Data           4  py32f0xx_it.o(.bss.millis)
    pt1                                      0x200006c0   Data           2  main.o(.bss.pt1)
    pt2                                      0x200006c2   Data           2  main.o(.bss.pt2)
    pt3                                      0x200006c4   Data           2  main.o(.bss.pt3)
    pt4                                      0x200006c6   Data           2  main.o(.bss.pt4)
    pt5                                      0x200006c8   Data           2  main.o(.bss.pt5)
    rx_buf_ovf                               0x200006ca   Data           1  py32f0xx_bsp_usart.o(.bss.rx_buf_ovf)
    __initial_sp                             0x20000ae0   Data           0  startup_py32f030xx.o(STACK)



==============================================================================

Memory Map of the image

  Image Entry point : 0x080000c1

  Load Region LR_IROM1 (Base: 0x08000000, Size: 0x00008a00, Max: 0x00010000, ABSOLUTE)

    Execution Region ER_IROM1 (Exec base: 0x08000000, Load base: 0x08000000, Size: 0x0000892c, Max: 0x00010000, ABSOLUTE)

    Exec Addr    Load Addr    Size         Type   Attr      Idx    E Section Name        Object

    0x08000000   0x08000000   0x000000c0   Data   RO            3    RESET               startup_py32f030xx.o
    0x080000c0   0x080000c0   0x00000000   Code   RO         1333  * .ARM.Collect$$$$00000000  mc_p.l(entry.o)
    0x080000c0   0x080000c0   0x00000004   Code   RO         1654    .ARM.Collect$$$$00000001  mc_p.l(entry2.o)
    0x080000c4   0x080000c4   0x00000004   Code   RO         1657    .ARM.Collect$$$$00000004  mc_p.l(entry5.o)
    0x080000c8   0x080000c8   0x00000000   Code   RO         1659    .ARM.Collect$$$$00000008  mc_p.l(entry7b.o)
    0x080000c8   0x080000c8   0x00000000   Code   RO         1661    .ARM.Collect$$$$0000000A  mc_p.l(entry8b.o)
    0x080000c8   0x080000c8   0x00000008   Code   RO         1662    .ARM.Collect$$$$0000000B  mc_p.l(entry9a.o)
    0x080000d0   0x080000d0   0x00000000   Code   RO         1664    .ARM.Collect$$$$0000000D  mc_p.l(entry10a.o)
    0x080000d0   0x080000d0   0x00000000   Code   RO         1666    .ARM.Collect$$$$0000000F  mc_p.l(entry11a.o)
    0x080000d0   0x080000d0   0x00000004   Code   RO         1655    .ARM.Collect$$$$00002712  mc_p.l(entry2.o)
    0x080000d4   0x080000d4   0x0000001c   Code   RO            4    .text               startup_py32f030xx.o
    0x080000f0   0x080000f0   0x0000002c   Code   RO         1336    .text               mc_p.l(uidiv.o)
    0x0800011c   0x0800011c   0x00000024   Code   RO         1340    .text               mc_p.l(memcpya.o)
    0x08000140   0x08000140   0x00000024   Code   RO         1342    .text               mc_p.l(memseta.o)
    0x08000164   0x08000164   0x0000000e   Code   RO         1344    .text               mc_p.l(strlen.o)
    0x08000172   0x08000172   0x000000b2   Code   RO         1609    .text               mf_p.l(fadd.o)
    0x08000224   0x08000224   0x0000007a   Code   RO         1611    .text               mf_p.l(fmul.o)
    0x0800029e   0x0800029e   0x0000007c   Code   RO         1613    .text               mf_p.l(fdiv.o)
    0x0800031a   0x0800031a   0x00000002   PAD
    0x0800031c   0x0800031c   0x00000164   Code   RO         1615    .text               mf_p.l(dadd.o)
    0x08000480   0x08000480   0x000000d0   Code   RO         1617    .text               mf_p.l(dmul.o)
    0x08000550   0x08000550   0x000000f0   Code   RO         1619    .text               mf_p.l(ddiv.o)
    0x08000640   0x08000640   0x0000001c   Code   RO         1621    .text               mf_p.l(fcmplt.o)
    0x0800065c   0x0800065c   0x0000001c   Code   RO         1623    .text               mf_p.l(fcmpgt.o)
    0x08000678   0x08000678   0x00000016   Code   RO         1625    .text               mf_p.l(fflti.o)
    0x0800068e   0x0800068e   0x0000000e   Code   RO         1627    .text               mf_p.l(ffltui.o)
    0x0800069c   0x0800069c   0x0000001c   Code   RO         1629    .text               mf_p.l(dfltui.o)
    0x080006b8   0x080006b8   0x00000032   Code   RO         1631    .text               mf_p.l(ffixi.o)
    0x080006ea   0x080006ea   0x00000028   Code   RO         1633    .text               mf_p.l(f2d.o)
    0x08000712   0x08000712   0x00000038   Code   RO         1635    .text               mf_p.l(d2f.o)
    0x0800074a   0x0800074a   0x00000060   Code   RO         1673    .text               mc_p.l(uldiv.o)
    0x080007aa   0x080007aa   0x00000020   Code   RO         1675    .text               mc_p.l(llshl.o)
    0x080007ca   0x080007ca   0x00000026   Code   RO         1677    .text               mc_p.l(llsshr.o)
    0x080007f0   0x080007f0   0x00000000   Code   RO         1686    .text               mc_p.l(iusefp.o)
    0x080007f0   0x080007f0   0x00000082   Code   RO         1687    .text               mf_p.l(fepilogue.o)
    0x08000872   0x08000872   0x000000be   Code   RO         1689    .text               mf_p.l(depilogue.o)
    0x08000930   0x08000930   0x0000002c   Code   RO         1693    .text               mf_p.l(dscalb.o)
    0x0800095c   0x0800095c   0x00000028   Code   RO         1695    .text               mf_p.l(dflti.o)
    0x08000984   0x08000984   0x00000040   Code   RO         1697    .text               mf_p.l(dfixul.o)
    0x080009c4   0x080009c4   0x00000028   Code   RO         1699    .text               mf_p.l(cdcmple.o)
    0x080009ec   0x080009ec   0x00000028   Code   RO         1701    .text               mf_p.l(cdrcmple.o)
    0x08000a14   0x08000a14   0x00000034   Code   RO         1703    .text               mf_p.l(fcmp4.o)
    0x08000a48   0x08000a48   0x00000024   Code   RO         1705    .text               mc_p.l(init.o)
    0x08000a6c   0x08000a6c   0x00000022   Code   RO         1708    .text               mc_p.l(llushr.o)
    0x08000a8e   0x08000a8e   0x00000002   PAD
    0x08000a90   0x08000a90   0x0000002c   Code   RO           15    .text.$Sub$$main    system_py32f0xx.o
    0x08000abc   0x08000abc   0x00000018   Code   RO          599    .text.APP_AdcCalibrate  py32f0xx_bsp_gpio.o
    0x08000ad4   0x08000ad4   0x00000184   Code   RO          705    .text.APP_I2C_Receive  py32f0xx_bsp_i2c.o
    0x08000c58   0x08000c58   0x0000007a   Code   RO          699    .text.APP_I2C_Transmit  py32f0xx_bsp_i2c.o
    0x08000cd2   0x08000cd2   0x00000002   PAD
    0x08000cd4   0x08000cd4   0x0000005c   Code   RO          729    .text.ASYNC_I2C_Receive  py32f0xx_bsp_i2c.o
    0x08000d30   0x08000d30   0x00000060   Code   RO          725    .text.ASYNC_I2C_Transmit  py32f0xx_bsp_i2c.o
    0x08000d90   0x08000d90   0x0000004e   Code   RO          593    .text.BSP_AdcConfig  py32f0xx_bsp_gpio.o
    0x08000dde   0x08000dde   0x00000002   PAD
    0x08000de0   0x08000de0   0x0000002c   Code   RO          625    .text.BSP_AdcConvert  py32f0xx_bsp_gpio.o
    0x08000e0c   0x08000e0c   0x000000c8   Code   RO          559    .text.BSP_EXTI_Config  py32f0xx_bsp_exti.o
    0x08000ed4   0x08000ed4   0x000000b0   Code   RO          587    .text.BSP_GPIO_Config  py32f0xx_bsp_gpio.o
    0x08000f84   0x08000f84   0x00000090   Code   RO          657    .text.BSP_I2C_Config  py32f0xx_bsp_i2c.o
    0x08001014   0x08001014   0x0000009c   Code   RO          824    .text.BSP_PWMChannelConfig  py32f0xx_bsp_tim.o
    0x080010b0   0x080010b0   0x00000018   Code   RO          757    .text.BSP_PWR_Config  py32f0xx_bsp_pwr.o
    0x080010c8   0x080010c8   0x00000068   Code   RO          776    .text.BSP_SystemClockConfig  py32f0xx_bsp_rcc.o
    0x08001130   0x08001130   0x00000068   Code   RO          816    .text.BSP_TIM_config  py32f0xx_bsp_tim.o
    0x08001198   0x08001198   0x00000084   Code   RO          834    .text.BSP_USART_Config  py32f0xx_bsp_usart.o
    0x0800121c   0x0800121c   0x000000aa   Code   RO          154    .text.Check_Key_Events  debounce_key.o
    0x080012c6   0x080012c6   0x00000048   Code   RO         1307    .text.DS3231_getdate  ds3231_drv.o
    0x0800130e   0x0800130e   0x00000052   Code   RO         1305    .text.DS3231_gettime  ds3231_drv.o
    0x08001360   0x08001360   0x0000007a   Code   RO         1299    .text.DS3231_setDate  ds3231_drv.o
    0x080013da   0x080013da   0x0000005e   Code   RO         1301    .text.DS3231_setTime  ds3231_drv.o
    0x08001438   0x08001438   0x00000208   Code   RO           98    .text.Ds3231SetHome  main.o
    0x08001640   0x08001640   0x00000034   Code   RO          573    .text.EXTI0_1_IRQHandler  py32f0xx_bsp_exti.o
    0x08001674   0x08001674   0x00000038   Code   RO          575    .text.EXTI2_3_IRQHandler  py32f0xx_bsp_exti.o
    0x080016ac   0x080016ac   0x0000002c   Code   RO          567    .text.EXTI4_15_IRQHandler  py32f0xx_bsp_exti.o
    0x080016d8   0x080016d8   0x00000040   Code   RO          100    .text.ElectricArc   main.o
    0x08001718   0x08001718   0x000000d0   Code   RO         1228    .text.GUI_ShowChar  12864oled_drv.o
    0x080017e8   0x080017e8   0x00000084   Code   RO         1236    .text.GUI_ShowFont16  12864oled_drv.o
    0x0800186c   0x0800186c   0x00000070   Code   RO         1238    .text.GUI_ShowFont24  12864oled_drv.o
    0x080018dc   0x080018dc   0x00000070   Code   RO         1240    .text.GUI_ShowFont32  12864oled_drv.o
    0x0800194c   0x0800194c   0x00000020   Code   RO         1282    .text.GetShtc3Data  shtc3_drv.o
    0x0800196c   0x0800196c   0x00000002   Code   RO           32    .text.HardFault_Handler  py32f0xx_it.o
    0x0800196e   0x0800196e   0x00000002   PAD
    0x08001970   0x08001970   0x00000634   Code   RO           90    .text.Home1         main.o
    0x08001fa4   0x08001fa4   0x0000017c   Code   RO           94    .text.Home1_2       main.o
    0x08002120   0x08002120   0x0000020c   Code   RO           92    .text.Home2         main.o
    0x0800232c   0x0800232c   0x00000250   Code   RO          731    .text.I2C1_IRQHandler  py32f0xx_bsp_i2c.o
    0x0800257c   0x0800257c   0x00000018   Code   RO          721    .text.I2C_Diagnosis  py32f0xx_bsp_i2c.o
    0x08002594   0x08002594   0x0000007c   Code   RO          659    .text.I2C_Unlock    py32f0xx_bsp_i2c.o
    0x08002610   0x08002610   0x0000002a   Code   RO         1297    .text.IIC_DS3231_ByteRead  ds3231_drv.o
    0x0800263a   0x0800263a   0x0000001e   Code   RO         1295    .text.IIC_DS3231_ByteWrite  ds3231_drv.o
    0x08002658   0x08002658   0x0000002c   Code   RO          140    .text.Key_Init      debounce_key.o
    0x08002684   0x08002684   0x00000018   Code   RO          150    .text.Key_IsLongPressed  debounce_key.o
    0x0800269c   0x0800269c   0x00000020   Code   RO          152    .text.Key_IsLongReleased  debounce_key.o
    0x080026bc   0x080026bc   0x00000020   Code   RO          148    .text.Key_IsShortPressed  debounce_key.o
    0x080026dc   0x080026dc   0x0000000c   Code   RO          142    .text.Key_Read      debounce_key.o
    0x080026e8   0x080026e8   0x0000006c   Code   RO          146    .text.Key_Scan      debounce_key.o
    0x08002754   0x08002754   0x00000008   Code   RO          635    .text.LL_ADC_ClearFlag_EOC  py32f0xx_bsp_gpio.o
    0x0800275c   0x0800275c   0x00000010   Code   RO          629    .text.LL_ADC_Enable  py32f0xx_bsp_gpio.o
    0x0800276c   0x0800276c   0x00000010   Code   RO          633    .text.LL_ADC_IsActiveFlag_EOC  py32f0xx_bsp_gpio.o
    0x0800277c   0x0800277c   0x00000008   Code   RO          647    .text.LL_ADC_IsCalibrationOnGoing  py32f0xx_bsp_gpio.o
    0x08002784   0x08002784   0x0000000c   Code   RO          643    .text.LL_ADC_IsEnabled  py32f0xx_bsp_gpio.o
    0x08002790   0x08002790   0x0000000c   Code   RO          637    .text.LL_ADC_REG_ReadConversionData12  py32f0xx_bsp_gpio.o
    0x0800279c   0x0800279c   0x00000010   Code   RO          623    .text.LL_ADC_REG_SetContinuousMode  py32f0xx_bsp_gpio.o
    0x080027ac   0x080027ac   0x0000000c   Code   RO          617    .text.LL_ADC_REG_SetDMATransfer  py32f0xx_bsp_gpio.o
    0x080027b8   0x080027b8   0x00000010   Code   RO          619    .text.LL_ADC_REG_SetOverrun  py32f0xx_bsp_gpio.o
    0x080027c8   0x080027c8   0x00000014   Code   RO          627    .text.LL_ADC_REG_SetSequencerChannels  py32f0xx_bsp_gpio.o
    0x080027dc   0x080027dc   0x00000010   Code   RO          621    .text.LL_ADC_REG_SetSequencerDiscont  py32f0xx_bsp_gpio.o
    0x080027ec   0x080027ec   0x00000010   Code   RO          615    .text.LL_ADC_REG_SetTriggerSource  py32f0xx_bsp_gpio.o
    0x080027fc   0x080027fc   0x00000010   Code   RO          631    .text.LL_ADC_REG_StartConversion  py32f0xx_bsp_gpio.o
    0x0800280c   0x0800280c   0x0000000c   Code   RO          595    .text.LL_ADC_Reset  py32f0xx_bsp_gpio.o
    0x08002818   0x08002818   0x00000018   Code   RO          605    .text.LL_ADC_SetClock  py32f0xx_bsp_gpio.o
    0x08002830   0x08002830   0x00000014   Code   RO          603    .text.LL_ADC_SetCommonPathInternalCh  py32f0xx_bsp_gpio.o
    0x08002844   0x08002844   0x0000000c   Code   RO          609    .text.LL_ADC_SetDataAlignment  py32f0xx_bsp_gpio.o
    0x08002850   0x08002850   0x00000010   Code   RO          611    .text.LL_ADC_SetLowPowerMode  py32f0xx_bsp_gpio.o
    0x08002860   0x08002860   0x00000010   Code   RO          607    .text.LL_ADC_SetResolution  py32f0xx_bsp_gpio.o
    0x08002870   0x08002870   0x00000010   Code   RO          613    .text.LL_ADC_SetSamplingTimeCommonChannels  py32f0xx_bsp_gpio.o
    0x08002880   0x08002880   0x00000018   Code   RO          645    .text.LL_ADC_StartCalibration  py32f0xx_bsp_gpio.o
    0x08002898   0x08002898   0x0000001c   Code   RO          661    .text.LL_APB1_GRP1_EnableClock  py32f0xx_bsp_i2c.o
    0x080028b4   0x080028b4   0x00000020   Code   RO          780    .text.LL_APB1_GRP1_EnableClock  py32f0xx_bsp_rcc.o
    0x080028d4   0x080028d4   0x00000010   Code   RO          663    .text.LL_APB1_GRP1_ForceReset  py32f0xx_bsp_i2c.o
    0x080028e4   0x080028e4   0x00000014   Code   RO          665    .text.LL_APB1_GRP1_ReleaseReset  py32f0xx_bsp_i2c.o
    0x080028f8   0x080028f8   0x0000001c   Code   RO          597    .text.LL_APB1_GRP2_EnableClock  py32f0xx_bsp_gpio.o
    0x08002914   0x08002914   0x00000018   Code   RO          778    .text.LL_APB1_GRP2_EnableClock  py32f0xx_bsp_rcc.o
    0x0800292c   0x0800292c   0x00000018   Code   RO          818    .text.LL_APB1_GRP2_EnableClock  py32f0xx_bsp_tim.o
    0x08002944   0x08002944   0x00000020   Code   RO          836    .text.LL_APB1_GRP2_EnableClock  py32f0xx_bsp_usart.o
    0x08002964   0x08002964   0x00000010   Code   RO          639    .text.LL_APB1_GRP2_ForceReset  py32f0xx_bsp_gpio.o
    0x08002974   0x08002974   0x00000014   Code   RO          641    .text.LL_APB1_GRP2_ReleaseReset  py32f0xx_bsp_gpio.o
    0x08002988   0x08002988   0x00000008   Code   RO          571    .text.LL_EXTI_ClearFlag  py32f0xx_bsp_exti.o
    0x08002990   0x08002990   0x0000000c   Code   RO          234    .text.LL_EXTI_DisableEvent  py32f0xx_ll_exti.o
    0x0800299c   0x0800299c   0x0000000c   Code   RO          242    .text.LL_EXTI_DisableFallingTrig  py32f0xx_ll_exti.o
    0x080029a8   0x080029a8   0x0000000c   Code   RO          238    .text.LL_EXTI_DisableIT  py32f0xx_ll_exti.o
    0x080029b4   0x080029b4   0x0000000c   Code   RO          246    .text.LL_EXTI_DisableRisingTrig  py32f0xx_ll_exti.o
    0x080029c0   0x080029c0   0x00000010   Code   RO          240    .text.LL_EXTI_EnableEvent  py32f0xx_ll_exti.o
    0x080029d0   0x080029d0   0x00000010   Code   RO          248    .text.LL_EXTI_EnableFallingTrig  py32f0xx_ll_exti.o
    0x080029e0   0x080029e0   0x00000010   Code   RO          236    .text.LL_EXTI_EnableIT  py32f0xx_ll_exti.o
    0x080029f0   0x080029f0   0x00000010   Code   RO          244    .text.LL_EXTI_EnableRisingTrig  py32f0xx_ll_exti.o
    0x08002a00   0x08002a00   0x00000098   Code   RO          232    .text.LL_EXTI_Init  py32f0xx_ll_exti.o
    0x08002a98   0x08002a98   0x00000014   Code   RO          569    .text.LL_EXTI_IsActiveFlag  py32f0xx_bsp_exti.o
    0x08002aac   0x08002aac   0x00000024   Code   RO          561    .text.LL_EXTI_SetEXTISource  py32f0xx_bsp_exti.o
    0x08002ad0   0x08002ad0   0x00000010   Code   RO          800    .text.LL_FLASH_SetLatency  py32f0xx_bsp_rcc.o
    0x08002ae0   0x08002ae0   0x0000007a   Code   RO          266    .text.LL_GPIO_Init  py32f0xx_ll_gpio.o
    0x08002b5a   0x08002b5a   0x0000000c   Code   RO           58    .text.LL_GPIO_IsInputPinSet  main.o
    0x08002b66   0x08002b66   0x00000002   PAD
    0x08002b68   0x08002b68   0x00000014   Code   RO          144    .text.LL_GPIO_IsInputPinSet  debounce_key.o
    0x08002b7c   0x08002b7c   0x00000010   Code   RO          719    .text.LL_GPIO_IsInputPinSet  py32f0xx_bsp_i2c.o
    0x08002b8c   0x08002b8c   0x0000000c   Code   RO           60    .text.LL_GPIO_ResetOutputPin  main.o
    0x08002b98   0x08002b98   0x00000010   Code   RO          591    .text.LL_GPIO_ResetOutputPin  py32f0xx_bsp_gpio.o
    0x08002ba8   0x08002ba8   0x0000000c   Code   RO          715    .text.LL_GPIO_ResetOutputPin  py32f0xx_bsp_i2c.o
    0x08002bb4   0x08002bb4   0x00000014   Code   RO          274    .text.LL_GPIO_SetAFPin_0_7  py32f0xx_ll_gpio.o
    0x08002bc8   0x08002bc8   0x00000018   Code   RO          862    .text.LL_GPIO_SetAFPin_0_7  py32f0xx_bsp_usart.o
    0x08002be0   0x08002be0   0x00000016   Code   RO          276    .text.LL_GPIO_SetAFPin_8_15  py32f0xx_ll_gpio.o
    0x08002bf6   0x08002bf6   0x00000002   PAD
    0x08002bf8   0x08002bf8   0x00000010   Code   RO           62    .text.LL_GPIO_SetOutputPin  main.o
    0x08002c08   0x08002c08   0x0000000c   Code   RO          717    .text.LL_GPIO_SetOutputPin  py32f0xx_bsp_i2c.o
    0x08002c14   0x08002c14   0x00000012   Code   RO          268    .text.LL_GPIO_SetPinMode  py32f0xx_ll_gpio.o
    0x08002c26   0x08002c26   0x00000012   Code   RO          601    .text.LL_GPIO_SetPinMode  py32f0xx_bsp_gpio.o
    0x08002c38   0x08002c38   0x00000016   Code   RO          856    .text.LL_GPIO_SetPinMode  py32f0xx_bsp_usart.o
    0x08002c4e   0x08002c4e   0x0000000c   Code   RO          278    .text.LL_GPIO_SetPinOutputType  py32f0xx_ll_gpio.o
    0x08002c5a   0x08002c5a   0x00000012   Code   RO          272    .text.LL_GPIO_SetPinPull  py32f0xx_ll_gpio.o
    0x08002c6c   0x08002c6c   0x00000018   Code   RO          860    .text.LL_GPIO_SetPinPull  py32f0xx_bsp_usart.o
    0x08002c84   0x08002c84   0x00000012   Code   RO          270    .text.LL_GPIO_SetPinSpeed  py32f0xx_ll_gpio.o
    0x08002c96   0x08002c96   0x00000002   PAD
    0x08002c98   0x08002c98   0x00000014   Code   RO          858    .text.LL_GPIO_SetPinSpeed  py32f0xx_bsp_usart.o
    0x08002cac   0x08002cac   0x0000000e   Code   RO          306    .text.LL_I2C_AcknowledgeNextData  py32f0xx_ll_i2c.o
    0x08002cba   0x08002cba   0x00000002   PAD
    0x08002cbc   0x08002cbc   0x00000010   Code   RO          707    .text.LL_I2C_AcknowledgeNextData  py32f0xx_bsp_i2c.o
    0x08002ccc   0x08002ccc   0x00000014   Code   RO          697    .text.LL_I2C_ClearFlag_ADDR  py32f0xx_bsp_i2c.o
    0x08002ce0   0x08002ce0   0x00000010   Code   RO          741    .text.LL_I2C_ClearFlag_AF  py32f0xx_bsp_i2c.o
    0x08002cf0   0x08002cf0   0x00000010   Code   RO          745    .text.LL_I2C_ClearFlag_BERR  py32f0xx_bsp_i2c.o
    0x08002d00   0x08002d00   0x000000a4   Code   RO          300    .text.LL_I2C_ConfigSpeed  py32f0xx_ll_i2c.o
    0x08002da4   0x08002da4   0x0000000a   Code   RO          298    .text.LL_I2C_Disable  py32f0xx_ll_i2c.o
    0x08002dae   0x08002dae   0x00000002   PAD
    0x08002db0   0x08002db0   0x00000010   Code   RO          685    .text.LL_I2C_DisableBitPOS  py32f0xx_bsp_i2c.o
    0x08002dc0   0x08002dc0   0x00000010   Code   RO          677    .text.LL_I2C_DisableIT_BUF  py32f0xx_bsp_i2c.o
    0x08002dd0   0x08002dd0   0x00000010   Code   RO          679    .text.LL_I2C_DisableIT_EVT  py32f0xx_bsp_i2c.o
    0x08002de0   0x08002de0   0x00000010   Code   RO          733    .text.LL_I2C_DisableIT_RX  py32f0xx_bsp_i2c.o
    0x08002df0   0x08002df0   0x00000010   Code   RO          735    .text.LL_I2C_DisableIT_TX  py32f0xx_bsp_i2c.o
    0x08002e00   0x08002e00   0x00000010   Code   RO          669    .text.LL_I2C_DisableReset  py32f0xx_bsp_i2c.o
    0x08002e10   0x08002e10   0x0000000a   Code   RO          304    .text.LL_I2C_Enable  py32f0xx_ll_i2c.o
    0x08002e1a   0x08002e1a   0x00000002   PAD
    0x08002e1c   0x08002e1c   0x00000010   Code   RO          709    .text.LL_I2C_EnableBitPOS  py32f0xx_bsp_i2c.o
    0x08002e2c   0x08002e2c   0x00000010   Code   RO          675    .text.LL_I2C_EnableIT_ERR  py32f0xx_bsp_i2c.o
    0x08002e3c   0x08002e3c   0x00000010   Code   RO          737    .text.LL_I2C_EnableIT_RX  py32f0xx_bsp_i2c.o
    0x08002e4c   0x08002e4c   0x00000014   Code   RO          727    .text.LL_I2C_EnableIT_TX  py32f0xx_bsp_i2c.o
    0x08002e60   0x08002e60   0x00000010   Code   RO          667    .text.LL_I2C_EnableReset  py32f0xx_bsp_i2c.o
    0x08002e70   0x08002e70   0x00000010   Code   RO          687    .text.LL_I2C_GenerateStartCondition  py32f0xx_bsp_i2c.o
    0x08002e80   0x08002e80   0x00000014   Code   RO          695    .text.LL_I2C_GenerateStopCondition  py32f0xx_bsp_i2c.o
    0x08002e94   0x08002e94   0x0000003a   Code   RO          296    .text.LL_I2C_Init   py32f0xx_ll_i2c.o
    0x08002ece   0x08002ece   0x00000002   PAD
    0x08002ed0   0x08002ed0   0x0000000c   Code   RO          693    .text.LL_I2C_IsActiveFlag_ADDR  py32f0xx_bsp_i2c.o
    0x08002edc   0x08002edc   0x0000000c   Code   RO          739    .text.LL_I2C_IsActiveFlag_AF  py32f0xx_bsp_i2c.o
    0x08002ee8   0x08002ee8   0x0000000c   Code   RO          743    .text.LL_I2C_IsActiveFlag_BERR  py32f0xx_bsp_i2c.o
    0x08002ef4   0x08002ef4   0x0000000c   Code   RO          703    .text.LL_I2C_IsActiveFlag_BTF  py32f0xx_bsp_i2c.o
    0x08002f00   0x08002f00   0x00000010   Code   RO          683    .text.LL_I2C_IsActiveFlag_BUSY  py32f0xx_bsp_i2c.o
    0x08002f10   0x08002f10   0x0000000c   Code   RO          711    .text.LL_I2C_IsActiveFlag_RXNE  py32f0xx_bsp_i2c.o
    0x08002f1c   0x08002f1c   0x0000000c   Code   RO          689    .text.LL_I2C_IsActiveFlag_SB  py32f0xx_bsp_i2c.o
    0x08002f28   0x08002f28   0x00000010   Code   RO          701    .text.LL_I2C_IsActiveFlag_TXE  py32f0xx_bsp_i2c.o
    0x08002f38   0x08002f38   0x00000008   Code   RO          713    .text.LL_I2C_ReceiveData8  py32f0xx_bsp_i2c.o
    0x08002f40   0x08002f40   0x0000000c   Code   RO          302    .text.LL_I2C_SetOwnAddress1  py32f0xx_ll_i2c.o
    0x08002f4c   0x08002f4c   0x00000014   Code   RO          691    .text.LL_I2C_TransmitData8  py32f0xx_bsp_i2c.o
    0x08002f60   0x08002f60   0x00000018   Code   RO          589    .text.LL_IOP_GRP1_EnableClock  py32f0xx_bsp_gpio.o
    0x08002f78   0x08002f78   0x00000018   Code   RO          854    .text.LL_IOP_GRP1_EnableClock  py32f0xx_bsp_usart.o
    0x08002f90   0x08002f90   0x00000018   Code   RO         1198    .text.LL_IOP_GRP1_EnableClock  12864oled_drv.o
    0x08002fa8   0x08002fa8   0x0000001c   Code   RO         1264    .text.LL_IOP_GRP1_EnableClock  myspi_drv.o
    0x08002fc4   0x08002fc4   0x00000014   Code   RO          796    .text.LL_InitTick   py32f0xx_bsp_rcc.o
    0x08002fd8   0x08002fd8   0x0000000c   Code   RO          759    .text.LL_LPM_DisableEventOnPend  py32f0xx_bsp_pwr.o
    0x08002fe4   0x08002fe4   0x0000000c   Code   RO          765    .text.LL_LPM_DisableSleepOnExit  py32f0xx_bsp_pwr.o
    0x08002ff0   0x08002ff0   0x0000000c   Code   RO           80    .text.LL_LPM_EnableDeepSleep  main.o
    0x08002ffc   0x08002ffc   0x0000000c   Code   RO           84    .text.LL_LPM_EnableSleep  main.o
    0x08003008   0x08003008   0x00000010   Code   RO          767    .text.LL_LPM_EnableSleep  py32f0xx_bsp_pwr.o
    0x08003018   0x08003018   0x00000010   Code   RO          763    .text.LL_PWR_EnableLowPowerRunMode  py32f0xx_bsp_pwr.o
    0x08003028   0x08003028   0x00000014   Code   RO          761    .text.LL_PWR_SetRegulVoltageScaling  py32f0xx_bsp_pwr.o
    0x0800303c   0x0800303c   0x0000000c   Code   RO          409    .text.LL_RCC_GetAHBPrescaler  py32f0xx_ll_rcc.o
    0x08003048   0x08003048   0x0000000c   Code   RO          411    .text.LL_RCC_GetAPB1Prescaler  py32f0xx_ll_rcc.o
    0x08003054   0x08003054   0x0000000c   Code   RO          407    .text.LL_RCC_GetHSIDiv  py32f0xx_ll_rcc.o
    0x08003060   0x08003060   0x0000000c   Code   RO          359    .text.LL_RCC_GetSysClkSource  py32f0xx_ll_rcc.o
    0x0800306c   0x0800306c   0x0000000c   Code   RO          792    .text.LL_RCC_GetSysClkSource  py32f0xx_bsp_rcc.o
    0x08003078   0x08003078   0x00000018   Code   RO          365    .text.LL_RCC_GetSystemClocksFreq  py32f0xx_ll_rcc.o
    0x08003090   0x08003090   0x00000010   Code   RO          804    .text.LL_RCC_HSE_Disable  py32f0xx_bsp_rcc.o
    0x080030a0   0x080030a0   0x00000010   Code   RO          782    .text.LL_RCC_HSI_Enable  py32f0xx_bsp_rcc.o
    0x080030b0   0x080030b0   0x00000014   Code   RO          377    .text.LL_RCC_HSI_GetFreq  py32f0xx_ll_rcc.o
    0x080030c4   0x080030c4   0x00000010   Code   RO          786    .text.LL_RCC_HSI_IsReady  py32f0xx_bsp_rcc.o
    0x080030d4   0x080030d4   0x00000018   Code   RO          784    .text.LL_RCC_HSI_SetCalibFreq  py32f0xx_bsp_rcc.o
    0x080030ec   0x080030ec   0x00000010   Code   RO          802    .text.LL_RCC_LSE_Disable  py32f0xx_bsp_rcc.o
    0x080030fc   0x080030fc   0x00000010   Code   RO          806    .text.LL_RCC_LSI_Disable  py32f0xx_bsp_rcc.o
    0x0800310c   0x0800310c   0x00000010   Code   RO          413    .text.LL_RCC_PLL_GetMainSource  py32f0xx_ll_rcc.o
    0x0800311c   0x0800311c   0x00000010   Code   RO          788    .text.LL_RCC_SetAHBPrescaler  py32f0xx_bsp_rcc.o
    0x0800312c   0x0800312c   0x00000010   Code   RO          794    .text.LL_RCC_SetAPB1Prescaler  py32f0xx_bsp_rcc.o
    0x0800313c   0x0800313c   0x00000010   Code   RO          790    .text.LL_RCC_SetSysClkSource  py32f0xx_bsp_rcc.o
    0x0800314c   0x0800314c   0x0000000c   Code   RO           78    .text.LL_SYSTICK_DisableIT  main.o
    0x08003158   0x08003158   0x0000000c   Code   RO           82    .text.LL_SYSTICK_EnableIT  main.o
    0x08003164   0x08003164   0x00000010   Code   RO          798    .text.LL_SYSTICK_EnableIT  py32f0xx_bsp_rcc.o
    0x08003174   0x08003174   0x0000000c   Code   RO          505    .text.LL_SetSystemCoreClock  py32f0xx_ll_utils.o
    0x08003180   0x08003180   0x0000000c   Code   RO          820    .text.LL_TIM_EnableAllOutputs  py32f0xx_bsp_tim.o
    0x0800318c   0x0800318c   0x0000000a   Code   RO          822    .text.LL_TIM_EnableCounter  py32f0xx_bsp_tim.o
    0x08003196   0x08003196   0x0000000a   Code   RO          443    .text.LL_TIM_GenerateEvent_UPDATE  py32f0xx_ll_tim.o
    0x080031a0   0x080031a0   0x000000a0   Code   RO          435    .text.LL_TIM_Init   py32f0xx_ll_tim.o
    0x08003240   0x08003240   0x00000050   Code   RO          447    .text.LL_TIM_OC_Init  py32f0xx_ll_tim.o
    0x08003290   0x08003290   0x0000000c   Code   RO           74    .text.LL_TIM_OC_SetCompareCH1  main.o
    0x0800329c   0x0800329c   0x00000004   Code   RO          485    .text.LL_TIM_OC_SetCompareCH1  py32f0xx_ll_tim.o
    0x080032a0   0x080032a0   0x0000000c   Code   RO           76    .text.LL_TIM_OC_SetCompareCH2  main.o
    0x080032ac   0x080032ac   0x00000004   Code   RO          479    .text.LL_TIM_OC_SetCompareCH2  py32f0xx_ll_tim.o
    0x080032b0   0x080032b0   0x00000004   Code   RO          487    .text.LL_TIM_OC_SetCompareCH3  py32f0xx_ll_tim.o
    0x080032b4   0x080032b4   0x00000004   Code   RO          489    .text.LL_TIM_OC_SetCompareCH4  py32f0xx_ll_tim.o
    0x080032b8   0x080032b8   0x00000004   Code   RO          437    .text.LL_TIM_SetAutoReload  py32f0xx_ll_tim.o
    0x080032bc   0x080032bc   0x00000004   Code   RO          439    .text.LL_TIM_SetPrescaler  py32f0xx_ll_tim.o
    0x080032c0   0x080032c0   0x00000004   Code   RO          441    .text.LL_TIM_SetRepetitionCounter  py32f0xx_ll_tim.o
    0x080032c4   0x080032c4   0x00000014   Code   RO          908    .text.LL_USART_ClearFlag_FE  py32f0xx_bsp_usart.o
    0x080032d8   0x080032d8   0x00000014   Code   RO          916    .text.LL_USART_ClearFlag_NE  py32f0xx_bsp_usart.o
    0x080032ec   0x080032ec   0x00000014   Code   RO          912    .text.LL_USART_ClearFlag_ORE  py32f0xx_bsp_usart.o
    0x08003300   0x08003300   0x00000014   Code   RO          904    .text.LL_USART_ClearFlag_PE  py32f0xx_bsp_usart.o
    0x08003314   0x08003314   0x0000000c   Code   RO          852    .text.LL_USART_ClearFlag_TC  py32f0xx_bsp_usart.o
    0x08003320   0x08003320   0x0000000c   Code   RO          898    .text.LL_USART_DisableIT_TXE  py32f0xx_bsp_usart.o
    0x0800332c   0x0800332c   0x00000010   Code   RO          850    .text.LL_USART_Enable  py32f0xx_bsp_usart.o
    0x0800333c   0x0800333c   0x0000000c   Code   RO          866    .text.LL_USART_EnableIT_ERROR  py32f0xx_bsp_usart.o
    0x08003348   0x08003348   0x00000010   Code   RO          864    .text.LL_USART_EnableIT_PE  py32f0xx_bsp_usart.o
    0x08003358   0x08003358   0x0000000c   Code   RO          868    .text.LL_USART_EnableIT_RXNE  py32f0xx_bsp_usart.o
    0x08003364   0x08003364   0x0000000c   Code   RO          884    .text.LL_USART_EnableIT_TXE  py32f0xx_bsp_usart.o
    0x08003370   0x08003370   0x0000000c   Code   RO          906    .text.LL_USART_IsActiveFlag_FE  py32f0xx_bsp_usart.o
    0x0800337c   0x0800337c   0x0000000c   Code   RO          914    .text.LL_USART_IsActiveFlag_NE  py32f0xx_bsp_usart.o
    0x08003388   0x08003388   0x0000000c   Code   RO          910    .text.LL_USART_IsActiveFlag_ORE  py32f0xx_bsp_usart.o
    0x08003394   0x08003394   0x0000000c   Code   RO          902    .text.LL_USART_IsActiveFlag_PE  py32f0xx_bsp_usart.o
    0x080033a0   0x080033a0   0x0000000c   Code   RO          876    .text.LL_USART_IsActiveFlag_RXNE  py32f0xx_bsp_usart.o
    0x080033ac   0x080033ac   0x00000010   Code   RO          896    .text.LL_USART_IsActiveFlag_TXE  py32f0xx_bsp_usart.o
    0x080033bc   0x080033bc   0x0000000c   Code   RO          878    .text.LL_USART_IsEnabledIT_TXE  py32f0xx_bsp_usart.o
    0x080033c8   0x080033c8   0x00000008   Code   RO          900    .text.LL_USART_ReceiveData8  py32f0xx_bsp_usart.o
    0x080033d0   0x080033d0   0x00000044   Code   RO          838    .text.LL_USART_SetBaudRate  py32f0xx_bsp_usart.o
    0x08003414   0x08003414   0x00000010   Code   RO          840    .text.LL_USART_SetDataWidth  py32f0xx_bsp_usart.o
    0x08003424   0x08003424   0x00000014   Code   RO          846    .text.LL_USART_SetHWFlowCtrl  py32f0xx_bsp_usart.o
    0x08003438   0x08003438   0x00000010   Code   RO          844    .text.LL_USART_SetParity  py32f0xx_bsp_usart.o
    0x08003448   0x08003448   0x00000014   Code   RO          842    .text.LL_USART_SetStopBitsLength  py32f0xx_bsp_usart.o
    0x0800345c   0x0800345c   0x00000010   Code   RO          848    .text.LL_USART_SetTransferDirection  py32f0xx_bsp_usart.o
    0x0800346c   0x0800346c   0x0000000c   Code   RO          882    .text.LL_USART_TransmitData8  py32f0xx_bsp_usart.o
    0x08003478   0x08003478   0x00000028   Code   RO          503    .text.LL_mDelay     py32f0xx_ll_utils.o
    0x080034a0   0x080034a0   0x00000070   Code   RO         1200    .text.LcdGpioDisable  12864oled_drv.o
    0x08003510   0x08003510   0x00000090   Code   RO           96    .text.MCU1LEDSet    main.o
    0x080035a0   0x080035a0   0x00000044   Code   RO         1266    .text.MySPI_SwapByte  myspi_drv.o
    0x080035e4   0x080035e4   0x00000058   Code   RO         1262    .text.MySpiGpioInit  myspi_drv.o
    0x0800363c   0x0800363c   0x00000002   Code   RO           30    .text.NMI_Handler   py32f0xx_it.o
    0x0800363e   0x0800363e   0x00000002   PAD
    0x08003640   0x08003640   0x0000007c   Code   RO          449    .text.OC1Config     py32f0xx_ll_tim.o
    0x080036bc   0x080036bc   0x00000088   Code   RO          451    .text.OC2Config     py32f0xx_ll_tim.o
    0x08003744   0x08003744   0x00000090   Code   RO          453    .text.OC3Config     py32f0xx_ll_tim.o
    0x080037d4   0x080037d4   0x00000074   Code   RO          455    .text.OC4Config     py32f0xx_ll_tim.o
    0x08003848   0x08003848   0x00000020   Code   RO         1194    .text.OLED_Clear    12864oled_drv.o
    0x08003868   0x08003868   0x00000040   Code   RO         1192    .text.OLED_Display  12864oled_drv.o
    0x080038a8   0x080038a8   0x0000001e   Code   RO         1186    .text.OLED_Display_On  12864oled_drv.o
    0x080038c6   0x080038c6   0x00000002   PAD
    0x080038c8   0x080038c8   0x00000114   Code   RO         1202    .text.OLED_Init     12864oled_drv.o
    0x080039dc   0x080039dc   0x000000ce   Code   RO         1244    .text.OLED_Print    12864oled_drv.o
    0x08003aaa   0x08003aaa   0x00000002   PAD
    0x08003aac   0x08003aac   0x00000028   Code   RO         1190    .text.OLED_Set_Pixel  12864oled_drv.o
    0x08003ad4   0x08003ad4   0x00000014   Code   RO         1182    .text.OLED_WR_Byte  12864oled_drv.o
    0x08003ae8   0x08003ae8   0x00000002   Code   RO           36    .text.PendSV_Handler  py32f0xx_it.o
    0x08003aea   0x08003aea   0x00000002   PAD
    0x08003aec   0x08003aec   0x00000020   Code   RO          369    .text.RCC_GetHCLKClockFreq  py32f0xx_ll_rcc.o
    0x08003b0c   0x08003b0c   0x00000020   Code   RO          371    .text.RCC_GetPCLK1ClockFreq  py32f0xx_ll_rcc.o
    0x08003b2c   0x08003b2c   0x00000054   Code   RO          367    .text.RCC_GetSystemClockFreq  py32f0xx_ll_rcc.o
    0x08003b80   0x08003b80   0x0000001c   Code   RO          379    .text.RCC_PLL_GetFreqDomain_SYS  py32f0xx_ll_rcc.o
    0x08003b9c   0x08003b9c   0x00000002   Code   RO           34    .text.SVC_Handler   py32f0xx_it.o
    0x08003b9e   0x08003b9e   0x00000002   PAD
    0x08003ba0   0x08003ba0   0x00000110   Code   RO          957    .text.SW6306_ADCLoad  sw6306.o
    0x08003cb0   0x08003cb0   0x00000068   Code   RO          955    .text.SW6306_ADCRead  sw6306.o
    0x08003d18   0x08003d18   0x00000060   Code   RO          953    .text.SW6306_ByteModify  sw6306.o
    0x08003d78   0x08003d78   0x00000050   Code   RO          949    .text.SW6306_ByteRead  sw6306.o
    0x08003dc8   0x08003dc8   0x0000002c   Code   RO          947    .text.SW6306_ByteWrite  sw6306.o
    0x08003df4   0x08003df4   0x000000c4   Code   RO         1063    .text.SW6306_CapacityLoad  sw6306.o
    0x08003eb8   0x08003eb8   0x00000044   Code   RO         1071    .text.SW6306_Click  sw6306.o
    0x08003efc   0x08003efc   0x00000058   Code   RO         1101    .text.SW6306_IextDirSet  sw6306.o
    0x08003f54   0x08003f54   0x00000058   Code   RO         1099    .text.SW6306_IextEnSet  sw6306.o
    0x08003fac   0x08003fac   0x00000068   Code   RO         1103    .text.SW6306_IextSet  sw6306.o
    0x08004014   0x08004014   0x000003ac   Code   RO         1127    .text.SW6306_Init   sw6306.o
    0x080043c0   0x080043c0   0x0000000c   Code   RO         1047    .text.SW6306_IsBatteryDepleted  sw6306.o
    0x080043cc   0x080043cc   0x0000000c   Code   RO         1041    .text.SW6306_IsCharging  sw6306.o
    0x080043d8   0x080043d8   0x0000000c   Code   RO         1043    .text.SW6306_IsDischarging  sw6306.o
    0x080043e4   0x080043e4   0x0000000c   Code   RO         1051    .text.SW6306_IsErrorinCharging  sw6306.o
    0x080043f0   0x080043f0   0x0000000c   Code   RO         1053    .text.SW6306_IsErrorinDischarging  sw6306.o
    0x080043fc   0x080043fc   0x0000000c   Code   RO         1045    .text.SW6306_IsFullCharged  sw6306.o
    0x08004408   0x08004408   0x00000028   Code   RO         1129    .text.SW6306_IsInitialized  sw6306.o
    0x08004430   0x08004430   0x00000018   Code   RO         1059    .text.SW6306_IsOverHeated  sw6306.o
    0x08004448   0x08004448   0x0000000c   Code   RO          979    .text.SW6306_IsPortA1ON  sw6306.o
    0x08004454   0x08004454   0x0000000c   Code   RO          981    .text.SW6306_IsPortA2ON  sw6306.o
    0x08004460   0x08004460   0x0000000c   Code   RO          975    .text.SW6306_IsPortC1ON  sw6306.o
    0x0800446c   0x0800446c   0x0000000c   Code   RO          977    .text.SW6306_IsPortC2ON  sw6306.o
    0x08004478   0x08004478   0x00000010   Code   RO          991    .text.SW6306_IsQCStatAFC  sw6306.o
    0x08004488   0x08004488   0x00000010   Code   RO         1011    .text.SW6306_IsQCStatFCP  sw6306.o
    0x08004498   0x08004498   0x00000010   Code   RO         1019    .text.SW6306_IsQCStatNONE  sw6306.o
    0x080044a8   0x080044a8   0x00000010   Code   RO         1007    .text.SW6306_IsQCStatPDFIX  sw6306.o
    0x080044b8   0x080044b8   0x00000010   Code   RO         1005    .text.SW6306_IsQCStatPDPPS  sw6306.o
    0x080044c8   0x080044c8   0x00000010   Code   RO         1003    .text.SW6306_IsQCStatPE11  sw6306.o
    0x080044d8   0x080044d8   0x00000010   Code   RO         1001    .text.SW6306_IsQCStatPE20  sw6306.o
    0x080044e8   0x080044e8   0x0000000c   Code   RO          987    .text.SW6306_IsQCStatPQC  sw6306.o
    0x080044f4   0x080044f4   0x00000010   Code   RO         1017    .text.SW6306_IsQCStatQC2  sw6306.o
    0x08004504   0x08004504   0x00000010   Code   RO         1015    .text.SW6306_IsQCStatQC3  sw6306.o
    0x08004514   0x08004514   0x00000010   Code   RO         1013    .text.SW6306_IsQCStatQC3P  sw6306.o
    0x08004524   0x08004524   0x00000010   Code   RO         1009    .text.SW6306_IsQCStatSCP  sw6306.o
    0x08004534   0x08004534   0x00000010   Code   RO          993    .text.SW6306_IsQCStatSFCP  sw6306.o
    0x08004544   0x08004544   0x00000010   Code   RO          995    .text.SW6306_IsQCStatSVOOC  sw6306.o
    0x08004554   0x08004554   0x00000010   Code   RO          989    .text.SW6306_IsQCStatUFCS  sw6306.o
    0x08004564   0x08004564   0x00000010   Code   RO          999    .text.SW6306_IsQCStatVOOC1  sw6306.o
    0x08004574   0x08004574   0x00000010   Code   RO          997    .text.SW6306_IsQCStatVOOC4  sw6306.o
    0x08004584   0x08004584   0x00000010   Code   RO          985    .text.SW6306_IsQCStatVQC  sw6306.o
    0x08004594   0x08004594   0x00000048   Code   RO         1077    .text.SW6306_LPSet  sw6306.o
    0x080045dc   0x080045dc   0x00000180   Code   RO         1125    .text.SW6306_PDSet  sw6306.o
    0x0800475c   0x0800475c   0x00000040   Code   RO         1087    .text.SW6306_PortA1Remove  sw6306.o
    0x0800479c   0x0800479c   0x00000040   Code   RO         1091    .text.SW6306_PortA2Remove  sw6306.o
    0x080047dc   0x080047dc   0x000000a4   Code   RO          973    .text.SW6306_PortStatusLoad  sw6306.o
    0x08004880   0x08004880   0x000000f4   Code   RO         1021    .text.SW6306_PowerLoad  sw6306.o
    0x08004974   0x08004974   0x0000000c   Code   RO         1065    .text.SW6306_ReadCapacity  sw6306.o
    0x08004980   0x08004980   0x00000008   Code   RO          965    .text.SW6306_ReadIBAT  sw6306.o
    0x08004988   0x08004988   0x00000008   Code   RO          961    .text.SW6306_ReadIBUS  sw6306.o
    0x08004990   0x08004990   0x00000020   Code   RO         1067    .text.SW6306_ReadMaxGuageCap  sw6306.o
    0x080049b0   0x080049b0   0x00000020   Code   RO         1069    .text.SW6306_ReadPresentGuageCap  sw6306.o
    0x080049d0   0x080049d0   0x0000002c   Code   RO          969    .text.SW6306_ReadTCHIP  sw6306.o
    0x080049fc   0x080049fc   0x00000010   Code   RO          967    .text.SW6306_ReadTNTC  sw6306.o
    0x08004a0c   0x08004a0c   0x00000008   Code   RO          963    .text.SW6306_ReadVBAT  sw6306.o
    0x08004a14   0x08004a14   0x00000008   Code   RO          959    .text.SW6306_ReadVBUS  sw6306.o
    0x08004a1c   0x08004a1c   0x00000068   Code   RO          951    .text.SW6306_RegsetSwitch  sw6306.o
    0x08004a84   0x08004a84   0x00000104   Code   RO         1031    .text.SW6306_StatusLoad  sw6306.o
    0x08004b88   0x08004b88   0x00000094   Code   RO         1075    .text.SW6306_Unlock  sw6306.o
    0x08004c1c   0x08004c1c   0x00000044   Code   RO          102    .text.SetTempControl  main.o
    0x08004c60   0x08004c60   0x0000001c   Code   RO         1280    .text.Shtc3Hibernate  shtc3_drv.o
    0x08004c7c   0x08004c7c   0x0000001c   Code   RO         1278    .text.Shtc3Wakeup   shtc3_drv.o
    0x08004c98   0x08004c98   0x0000009c   Code   RO         1276    .text.Shtc3_Read_Result  shtc3_drv.o
    0x08004d34   0x08004d34   0x00000028   Code   RO           48    .text.SysInit       bsp_py32f030x6.o
    0x08004d5c   0x08004d5c   0x00000010   Code   RO           38    .text.SysTick_Handler  py32f0xx_it.o
    0x08004d6c   0x08004d6c   0x00000030   Code   RO           13    .text.SystemInit    system_py32f0xx.o
    0x08004d9c   0x08004d9c   0x000000a8   Code   RO          894    .text.USART1_IRQHandler  py32f0xx_bsp_usart.o
    0x08004e44   0x08004e44   0x0000001a   Code   RO          874    .text.USART_IsBusy  py32f0xx_bsp_usart.o
    0x08004e5e   0x08004e5e   0x00000002   PAD
    0x08004e60   0x08004e60   0x0000004c   Code   RO          892    .text.USART_bufread  py32f0xx_bsp_usart.o
    0x08004eac   0x08004eac   0x00000080   Code   RO          880    .text.USART_bufsend  py32f0xx_bsp_usart.o
    0x08004f2c   0x08004f2c   0x00000024   Code   RO          888    .text.USART_getvalidnum  py32f0xx_bsp_usart.o
    0x08004f50   0x08004f50   0x00000020   Code   RO         1178    .text.Write_IIC_Command  12864oled_drv.o
    0x08004f70   0x08004f70   0x00000028   Code   RO         1180    .text.Write_IIC_Data  12864oled_drv.o
    0x08004f98   0x08004f98   0x00000014   Code   RO          565    .text.__NVIC_EnableIRQ  py32f0xx_bsp_exti.o
    0x08004fac   0x08004fac   0x0000000c   Code   RO          673    .text.__NVIC_EnableIRQ  py32f0xx_bsp_i2c.o
    0x08004fb8   0x08004fb8   0x00000010   Code   RO          872    .text.__NVIC_EnableIRQ  py32f0xx_bsp_usart.o
    0x08004fc8   0x08004fc8   0x0000003c   Code   RO          563    .text.__NVIC_SetPriority  py32f0xx_bsp_exti.o
    0x08005004   0x08005004   0x00000014   Code   RO          671    .text.__NVIC_SetPriority  py32f0xx_bsp_i2c.o
    0x08005018   0x08005018   0x00000018   Code   RO          870    .text.__NVIC_SetPriority  py32f0xx_bsp_usart.o
    0x08005030   0x08005030   0x00000010   Code   RO         1303    .text.bcdToDec      ds3231_drv.o
    0x08005040   0x08005040   0x00000190   Code   RO           72    .text.main          main.o
    0x080051d0   0x080051d0   0x00000964   Code   RO           56    .text.thread_app    main.o
    0x08005b34   0x08005b34   0x00000046   Code   RO           64    .text.thread_echo   main.o
    0x08005b7a   0x08005b7a   0x00000002   PAD
    0x08005b7c   0x08005b7c   0x00000458   Code   RO           66    .text.thread_key    main.o
    0x08005fd4   0x08005fd4   0x00000080   Code   RO           70    .text.thread_lcdprintf  main.o
    0x08006054   0x08006054   0x000000e8   Code   RO           68    .text.thread_trig   main.o
    0x0800613c   0x0800613c   0x0000002c   Code   RO          928    .text.uprintf       py32f0xx_bsp_usart.o
    0x08006168   0x08006168   0x00000028   Code   RO         1583    i.__0sprintf        mc_p.l(printfa.o)
    0x08006190   0x08006190   0x00000024   Code   RO         1587    i.__0vsprintf       mc_p.l(printfa.o)
    0x080061b4   0x080061b4   0x0000002e   Code   RO         1691    i.__ARM_clz         mf_p.l(depilogue.o)
    0x080061e2   0x080061e2   0x000000ac   Code   RO         1651    i.__kernel_poly     m_ps.l(poly.o)
    0x0800628e   0x0800628e   0x00000002   PAD
    0x08006290   0x08006290   0x00000014   Code   RO         1637    i.__mathlib_dbl_divzero  m_ps.l(dunder.o)
    0x080062a4   0x080062a4   0x0000000a   Code   RO         1638    i.__mathlib_dbl_infnan  m_ps.l(dunder.o)
    0x080062ae   0x080062ae   0x00000010   Code   RO         1640    i.__mathlib_dbl_invalid  m_ps.l(dunder.o)
    0x080062be   0x080062be   0x0000000e   Code   RO         1713    i.__scatterload_copy  mc_p.l(handlers.o)
    0x080062cc   0x080062cc   0x00000002   Code   RO         1714    i.__scatterload_null  mc_p.l(handlers.o)
    0x080062ce   0x080062ce   0x0000000e   Code   RO         1715    i.__scatterload_zeroinit  mc_p.l(handlers.o)
    0x080062dc   0x080062dc   0x0000000c   Code   RO         1681    i.__set_errno       mc_p.l(errno.o)
    0x080062e8   0x080062e8   0x00000174   Code   RO         1588    i._fp_digits        mc_p.l(printfa.o)
    0x0800645c   0x0800645c   0x000006ec   Code   RO         1589    i._printf_core      mc_p.l(printfa.o)
    0x08006b48   0x08006b48   0x00000020   Code   RO         1590    i._printf_post_padding  mc_p.l(printfa.o)
    0x08006b68   0x08006b68   0x0000002c   Code   RO         1591    i._printf_pre_padding  mc_p.l(printfa.o)
    0x08006b94   0x08006b94   0x0000000a   Code   RO         1593    i._sputc            mc_p.l(printfa.o)
    0x08006b9e   0x08006b9e   0x00000026   Code   RO         1331    i.fminf             m_ps.l(fminf.o)
    0x08006bc4   0x08006bc4   0x00000354   Code   RO         1322    i.log               m_ps.l(log.o)
    0x08006f18   0x08006f18   0x00000038   Data   RO         1323    .constdata          m_ps.l(log.o)
    0x08006f50   0x08006f50   0x00000008   Data   RO         1653    .constdata          m_ps.l(qnan.o)
    0x08006f58   0x08006f58   0x00000040   Data   RO           18    .rodata.AHBPrescTable  system_py32f0xx.o
    0x08006f98   0x08006f98   0x00000020   Data   RO           19    .rodata.APBPrescTable  system_py32f0xx.o
    0x08006fb8   0x08006fb8   0x000002f8   Data   RO         1248    .rodata.F6x8        12864oled_drv.o
    0x080072b0   0x080072b0   0x000005f0   Data   RO         1249    .rodata.F8X16       12864oled_drv.o
    0x080078a0   0x080078a0   0x00000020   Data   RO           20    .rodata.HSIFreqTable  system_py32f0xx.o
    0x080078c0   0x080078c0   0x000007d6   Data   RO         1250    .rodata.cfont16     12864oled_drv.o
    0x08008096   0x08008096   0x0000004a   Data   RO         1251    .rodata.cfont24     12864oled_drv.o
    0x080080e0   0x080080e0   0x00000082   Data   RO         1252    .rodata.cfont32     12864oled_drv.o
    0x08008162   0x08008162   0x000002bd   Data   RO          114    .rodata.str1.1      main.o
    0x0800841f   0x0800841f   0x00000001   PAD
    0x08008420   0x08008420   0x0000003b   Data   RO          127    .rodata.str1.4      main.o
    0x0800845b   0x0800845b   0x00000001   PAD
    0x0800845c   0x0800845c   0x000004b0   Data   RO          128    .rodata.table       main.o
    0x0800890c   0x0800890c   0x00000020   Data   RO         1712    Region$$Table       anon$$obj.o


    Execution Region RW_IRAM1 (Exec base: 0x20000000, Load base: 0x08008930, Size: 0x00000ae0, Max: 0x00002000, ABSOLUTE)

    Exec Addr    Load Addr    Size         Type   Attr      Idx    E Section Name        Object

    0x20000000   0x08008930   0x000000c0   Data   RW           21    .ARM.__at_0x20000000  system_py32f0xx.o
    0x200000c0   0x080089f0   0x00000004   Data   RW         1682    .data               mc_p.l(errno.o)
    0x200000c4   0x080089f4   0x00000004   Data   RW           17    .data.SystemCoreClock  system_py32f0xx.o
    0x200000c8   0x080089f8   0x00000004   Data   RW          129    .data.Temp1_pid.0   main.o
    0x200000cc   0x080089fc   0x00000001   Data   RW          935    .data.rx_rd_index   py32f0xx_bsp_usart.o
    0x200000cd   0x080089fd   0x00000001   Data   RW          106    .data.timeusart     main.o
    0x200000ce   0x080089fe   0x00000001   Data   RW          931    .data.tx_rd_index   py32f0xx_bsp_usart.o
    0x200000cf   0x080089ff   0x00000001   PAD
    0x200000d0        -       0x0000000a   Zero   RW          112    .bss.Getds3231Time  main.o
    0x200000da   0x080089ff   0x00000002   PAD
    0x200000dc        -       0x00000004   Zero   RW         1286    .bss.Humidity       shtc3_drv.o
    0x200000e0        -       0x00000010   Zero   RW          747    .bss.I2C1_Status    py32f0xx_bsp_i2c.o
    0x200000f0        -       0x00000400   Zero   RW         1253    .bss.OLED_buffer    12864oled_drv.o
    0x200004f0        -       0x00000001   Zero   RW         1136    .bss.SW6306_ADCLoad.swld_steps  sw6306.o
    0x200004f1        -       0x00000001   Zero   RW         1135    .bss.SW6306_ADCRead.sw_steps  sw6306.o
    0x200004f2        -       0x00000001   Zero   RW         1134    .bss.SW6306_ByteModify.swmd_steps  sw6306.o
    0x200004f3        -       0x00000001   Zero   RW         1132    .bss.SW6306_ByteRead.swrd_steps  sw6306.o
    0x200004f4        -       0x00000001   Zero   RW         1140    .bss.SW6306_CapacityLoad.steps  sw6306.o
    0x200004f5        -       0x00000001   Zero   RW         1141    .bss.SW6306_Click.steps  sw6306.o
    0x200004f6        -       0x00000001   Zero   RW         1156    .bss.SW6306_IextDirSet.steps  sw6306.o
    0x200004f7        -       0x00000001   Zero   RW         1155    .bss.SW6306_IextEnSet.steps  sw6306.o
    0x200004f8        -       0x00000001   Zero   RW         1157    .bss.SW6306_IextSet.steps  sw6306.o
    0x200004f9        -       0x00000001   Zero   RW         1169    .bss.SW6306_Init.steps  sw6306.o
    0x200004fa        -       0x00000001   Zero   RW         1144    .bss.SW6306_LPSet.steps  sw6306.o
    0x200004fb        -       0x00000001   Zero   RW         1168    .bss.SW6306_PDSet.steps  sw6306.o
    0x200004fc        -       0x00000001   Zero   RW         1149    .bss.SW6306_PortA1Remove.steps  sw6306.o
    0x200004fd        -       0x00000001   Zero   RW         1151    .bss.SW6306_PortA2Remove.steps  sw6306.o
    0x200004fe        -       0x00000001   Zero   RW         1137    .bss.SW6306_PortStatusLoad.steps  sw6306.o
    0x200004ff        -       0x00000001   Zero   RW         1138    .bss.SW6306_PowerLoad.steps  sw6306.o
    0x20000500        -       0x00000001   Zero   RW         1133    .bss.SW6306_RegsetSwitch.steps  sw6306.o
    0x20000501   0x080089ff   0x00000003   PAD
    0x20000504        -       0x00000030   Zero   RW         1131    .bss.SW6306_Status  sw6306.o
    0x20000534        -       0x00000001   Zero   RW         1139    .bss.SW6306_StatusLoad.steps  sw6306.o
    0x20000535        -       0x00000001   Zero   RW         1143    .bss.SW6306_Unlock.steps  sw6306.o
    0x20000536   0x080089ff   0x00000002   PAD
    0x20000538        -       0x0000000a   Zero   RW          111    .bss.Setds3231Time  main.o
    0x20000542        -       0x00000001   Zero   RW         1284    .bss.Shtc3_Read_Result.state  shtc3_drv.o
    0x20000543   0x080089ff   0x00000001   PAD
    0x20000544        -       0x00000004   Zero   RW          130    .bss.Temp1_pid.1    main.o
    0x20000548        -       0x00000004   Zero   RW          107    .bss.Temp2          main.o
    0x2000054c        -       0x00000004   Zero   RW         1285    .bss.Temperature    shtc3_drv.o
    0x20000550        -       0x00000002   Zero   RW          104    .bss.Tim1Ch4Pwm     main.o
    0x20000552        -       0x00000001   Zero   RW          108    .bss.TimeSaveTrig   main.o
    0x20000553        -       0x00000001   Zero   RW          110    .bss.TimeSaveTrig2  main.o
    0x20000554        -       0x00000020   Zero   RW          936    .bss.USART_rx_buffer  py32f0xx_bsp_usart.o
    0x20000574        -       0x00000100   Zero   RW          932    .bss.USART_tx_buffer  py32f0xx_bsp_usart.o
    0x20000674        -       0x00000002   Zero   RW          113    .bss.cd_sleep       main.o
    0x20000676        -       0x00000014   Zero   RW          126    .bss.ch             main.o
    0x2000068a   0x080089ff   0x00000002   PAD
    0x2000068c        -       0x00000004   Zero   RW          120    .bss.current_operation_index  main.o
    0x20000690        -       0x00000002   Zero   RW          115    .bss.deattach_delay  main.o
    0x20000692        -       0x00000001   Zero   RW          109    .bss.func_index     main.o
    0x20000693   0x080089ff   0x00000001   PAD
    0x20000694        -       0x00000004   Zero   RW          748    .bss.i2cwdtovf      py32f0xx_bsp_i2c.o
    0x20000698        -       0x00000001   Zero   RW          577    .bss.inttrig        py32f0xx_bsp_exti.o
    0x20000699   0x080089ff   0x00000001   PAD
    0x2000069a        -       0x00000020   Zero   RW          156    .bss.keys           debounce_key.o
    0x200006ba        -       0x00000001   Zero   RW          578    .bss.keytrig        py32f0xx_bsp_exti.o
    0x200006bb        -       0x00000001   Zero   RW          117    .bss.keytrig1       main.o
    0x200006bc        -       0x00000004   Zero   RW           40    .bss.millis         py32f0xx_it.o
    0x200006c0        -       0x00000002   Zero   RW          121    .bss.pt1            main.o
    0x200006c2        -       0x00000002   Zero   RW          122    .bss.pt2            main.o
    0x200006c4        -       0x00000002   Zero   RW          123    .bss.pt3            main.o
    0x200006c6        -       0x00000002   Zero   RW          124    .bss.pt4            main.o
    0x200006c8        -       0x00000002   Zero   RW          125    .bss.pt5            main.o
    0x200006ca        -       0x00000001   Zero   RW          933    .bss.rx_buf_ovf     py32f0xx_bsp_usart.o
    0x200006cb        -       0x00000001   Zero   RW          934    .bss.rx_wr_index    py32f0xx_bsp_usart.o
    0x200006cc        -       0x00000004   Zero   RW          105    .bss.thread_app.endmillis  main.o
    0x200006d0        -       0x00000004   Zero   RW          116    .bss.thread_key.endmillis  main.o
    0x200006d4        -       0x00000004   Zero   RW          118    .bss.thread_lcdprintf.endmillis  main.o
    0x200006d8        -       0x00000001   Zero   RW          119    .bss.time           main.o
    0x200006d9        -       0x00000001   Zero   RW          930    .bss.tx_wr_index    py32f0xx_bsp_usart.o
    0x200006da   0x080089ff   0x00000006   PAD
    0x200006e0        -       0x00000400   Zero   RW            1    STACK               startup_py32f030xx.o


==============================================================================

Image component sizes


      Code (inc. data)   RO Data    RW Data    ZI Data      Debug   Object Name

      1440         36       4490          0       1024      19219   12864oled_drv.o
        40          0          0          0          0        347   bsp_py32f030x6.o
       442          8          0          0         32       3164   debounce_key.o
       458          0          0          0          0       4142   ds3231_drv.o
      7746       1812       1960          5         85      11118   main.o
       184         12          0          0          0       2384   myspi_drv.o
       496         32          0          0          2       4175   py32f0xx_bsp_exti.o
       768         52          0          0          0       6373   py32f0xx_bsp_gpio.o
      2134         84          0          0         20      12363   py32f0xx_bsp_i2c.o
       100          8          0          0          0       1741   py32f0xx_bsp_pwr.o
       376         52          0          0          0       3928   py32f0xx_bsp_rcc.o
       306         16          0          0          0       3343   py32f0xx_bsp_tim.o
      1232         80          0          2        291      11198   py32f0xx_bsp_usart.o
        24          4          0          0          4        809   py32f0xx_it.o
       264         20          0          0          0       3076   py32f0xx_ll_exti.o
       230          0          0          0          0       4095   py32f0xx_ll_gpio.o
       268         16          0          0          0       3844   py32f0xx_ll_i2c.o
       284         36          0          0          0       6747   py32f0xx_ll_rcc.o
       798         48          0          0          0      11350   py32f0xx_ll_tim.o
        52          8          0          0          0       6706   py32f0xx_ll_utils.o
       244         36          0          0          9       1519   shtc3_drv.o
        28          8        192          0       1024        576   startup_py32f030xx.o
      4220        276          0          0         67      17745   sw6306.o
        92         24        128        196          0       2293   system_py32f0xx.o

    ----------------------------------------------------------------------
     22260       2668       6804        204       2576     142255   Object Totals
         0          0         32          0          0          0   (incl. Generated)
        34          0          2          1         18          0   (incl. Padding)

    ----------------------------------------------------------------------

      Code (inc. data)   RO Data    RW Data    ZI Data      Debug   Library Member Name

        46          4          0          0          0        204   dunder.o
        38          0          0          0          0         72   fminf.o
       852         62         56          0          0        136   log.o
       172          0          0          0          0         76   poly.o
         0          0          8          0          0          0   qnan.o
         0          0          0          0          0          0   entry.o
         0          0          0          0          0          0   entry10a.o
         0          0          0          0          0          0   entry11a.o
         8          4          0          0          0          0   entry2.o
         4          0          0          0          0          0   entry5.o
         0          0          0          0          0          0   entry7b.o
         0          0          0          0          0          0   entry8b.o
         8          4          0          0          0          0   entry9a.o
        12          6          0          4          0         60   errno.o
        30          0          0          0          0          0   handlers.o
        36          8          0          0          0         68   init.o
         0          0          0          0          0          0   iusefp.o
        32          0          0          0          0         68   llshl.o
        38          0          0          0          0         68   llsshr.o
        34          0          0          0          0         68   llushr.o
        36          0          0          0          0         60   memcpya.o
        36          0          0          0          0        100   memseta.o
      2306        100          0          0          0        544   printfa.o
        14          0          0          0          0         60   strlen.o
        44          0          0          0          0         72   uidiv.o
        96          0          0          0          0         84   uldiv.o
        40          2          0          0          0         68   cdcmple.o
        40          2          0          0          0         68   cdrcmple.o
        56          0          0          0          0         68   d2f.o
       356          4          0          0          0        140   dadd.o
       240          6          0          0          0         84   ddiv.o
       236          0          0          0          0        216   depilogue.o
        64         10          0          0          0         68   dfixul.o
        40          6          0          0          0         68   dflti.o
        28          4          0          0          0         68   dfltui.o
       208          6          0          0          0         88   dmul.o
        44          0          0          0          0         72   dscalb.o
        40          0          0          0          0         60   f2d.o
       178          0          0          0          0        108   fadd.o
        52          8          0          0          0         60   fcmp4.o
        28          0          0          0          0         60   fcmpgt.o
        28          0          0          0          0         60   fcmplt.o
       124          0          0          0          0         72   fdiv.o
       130          0          0          0          0        144   fepilogue.o
        50          0          0          0          0         60   ffixi.o
        22          0          0          0          0         68   fflti.o
        14          0          0          0          0         68   ffltui.o
       122          0          0          0          0         72   fmul.o

    ----------------------------------------------------------------------
      5988        236         64          4          0       3580   Library Totals
         6          0          0          0          0          0   (incl. Padding)

    ----------------------------------------------------------------------

      Code (inc. data)   RO Data    RW Data    ZI Data      Debug   Library Name

      1108         66         64          0          0        488   m_ps.l
      2734        122          0          4          0       1252   mc_p.l
      2140         48          0          0          0       1840   mf_p.l

    ----------------------------------------------------------------------
      5988        236         64          4          0       3580   Library Totals

    ----------------------------------------------------------------------

==============================================================================


      Code (inc. data)   RO Data    RW Data    ZI Data      Debug   

     28248       2904       6868        208       2576     143727   Grand Totals
     28248       2904       6868        208       2576     143727   ELF Image Totals
     28248       2904       6868        208          0          0   ROM Totals

==============================================================================

    Total RO  Size (Code + RO Data)                35116 (  34.29kB)
    Total RW  Size (RW Data + ZI Data)              2784 (   2.72kB)
    Total ROM Size (Code + RO Data + RW Data)      35324 (  34.50kB)

==============================================================================

