Component: ARM Compiler 6.14 Tool: armlink [5db06800]

==============================================================================

Section Cross References

    startup_py32f030xx.o(RESET) refers to startup_py32f030xx.o(STACK) for __initial_sp
    startup_py32f030xx.o(RESET) refers to startup_py32f030xx.o(.text) for Reset_Handler
    startup_py32f030xx.o(RESET) refers to py32f0xx_it.o(.text.NMI_Handler) for NMI_Handler
    startup_py32f030xx.o(RESET) refers to py32f0xx_it.o(.text.HardFault_Handler) for HardFault_Handler
    startup_py32f030xx.o(RESET) refers to py32f0xx_it.o(.text.SVC_Handler) for SVC_Handler
    startup_py32f030xx.o(RESET) refers to py32f0xx_it.o(.text.PendSV_Handler) for PendSV_Handler
    startup_py32f030xx.o(RESET) refers to py32f0xx_it.o(.text.SysTick_Handler) for SysTick_Handler
    startup_py32f030xx.o(RESET) refers to py32f0xx_bsp_exti.o(.text.EXTI0_1_IRQHandler) for EXTI0_1_IRQHandler
    startup_py32f030xx.o(RESET) refers to py32f0xx_bsp_exti.o(.text.EXTI2_3_IRQHandler) for EXTI2_3_IRQHandler
    startup_py32f030xx.o(RESET) refers to py32f0xx_bsp_exti.o(.text.EXTI4_15_IRQHandler) for EXTI4_15_IRQHandler
    startup_py32f030xx.o(RESET) refers to py32f0xx_bsp_i2c.o(.text.I2C1_IRQHandler) for I2C1_IRQHandler
    startup_py32f030xx.o(RESET) refers to py32f0xx_bsp_usart.o(.text.USART1_IRQHandler) for USART1_IRQHandler
    startup_py32f030xx.o(.text) refers to system_py32f0xx.o(.text.SystemInit) for SystemInit
    startup_py32f030xx.o(.text) refers to entry.o(.ARM.Collect$$$$00000000) for __main
    system_py32f0xx.o(.text.SystemCoreClockUpdate) refers to system_py32f0xx.o(.rodata.HSIFreqTable) for HSIFreqTable
    system_py32f0xx.o(.text.SystemCoreClockUpdate) refers to system_py32f0xx.o(.data.SystemCoreClock) for SystemCoreClock
    system_py32f0xx.o(.text.SystemCoreClockUpdate) refers to system_py32f0xx.o(.rodata.AHBPrescTable) for AHBPrescTable
    system_py32f0xx.o(.ARM.exidx.text.SystemCoreClockUpdate) refers to system_py32f0xx.o(.text.SystemCoreClockUpdate) for [Anonymous Symbol]
    system_py32f0xx.o(.ARM.exidx.text.SystemInit) refers to system_py32f0xx.o(.text.SystemInit) for [Anonymous Symbol]
    system_py32f0xx.o(.text.$Sub$$main) refers to main.o(.text.main) for $Super$$main
    system_py32f0xx.o(.text.$Sub$$main) refers to system_py32f0xx.o(.ARM.__at_0x20000000) for VECT_SRAM_TAB
    system_py32f0xx.o(.ARM.exidx.text.$Sub$$main) refers to system_py32f0xx.o(.text.$Sub$$main) for [Anonymous Symbol]
    py32f0xx_it.o(.ARM.exidx.text.NMI_Handler) refers to py32f0xx_it.o(.text.NMI_Handler) for [Anonymous Symbol]
    py32f0xx_it.o(.ARM.exidx.text.HardFault_Handler) refers to py32f0xx_it.o(.text.HardFault_Handler) for [Anonymous Symbol]
    py32f0xx_it.o(.ARM.exidx.text.SVC_Handler) refers to py32f0xx_it.o(.text.SVC_Handler) for [Anonymous Symbol]
    py32f0xx_it.o(.ARM.exidx.text.PendSV_Handler) refers to py32f0xx_it.o(.text.PendSV_Handler) for [Anonymous Symbol]
    py32f0xx_it.o(.text.SysTick_Handler) refers to py32f0xx_it.o(.bss.millis) for millis
    py32f0xx_it.o(.ARM.exidx.text.SysTick_Handler) refers to py32f0xx_it.o(.text.SysTick_Handler) for [Anonymous Symbol]
    bsp_py32f030x6.o(.text.SysInit) refers to py32f0xx_bsp_rcc.o(.text.BSP_SystemClockConfig) for BSP_SystemClockConfig
    bsp_py32f030x6.o(.text.SysInit) refers to py32f0xx_bsp_pwr.o(.text.BSP_PWR_Config) for BSP_PWR_Config
    bsp_py32f030x6.o(.text.SysInit) refers to py32f0xx_bsp_gpio.o(.text.BSP_GPIO_Config) for BSP_GPIO_Config
    bsp_py32f030x6.o(.text.SysInit) refers to py32f0xx_bsp_exti.o(.text.BSP_EXTI_Config) for BSP_EXTI_Config
    bsp_py32f030x6.o(.text.SysInit) refers to py32f0xx_bsp_tim.o(.text.BSP_TIM_config) for BSP_TIM_config
    bsp_py32f030x6.o(.text.SysInit) refers to py32f0xx_bsp_tim.o(.text.BSP_PWMChannelConfig) for BSP_PWMChannelConfig
    bsp_py32f030x6.o(.text.SysInit) refers to py32f0xx_bsp_usart.o(.text.BSP_USART_Config) for BSP_USART_Config
    bsp_py32f030x6.o(.text.SysInit) refers to py32f0xx_bsp_i2c.o(.text.BSP_I2C_Config) for BSP_I2C_Config
    bsp_py32f030x6.o(.ARM.exidx.text.SysInit) refers to bsp_py32f030x6.o(.text.SysInit) for [Anonymous Symbol]
    main.o(.text.thread_app) refers to sw6306.o(.text.SW6306_Click) for SW6306_Click
    main.o(.text.thread_app) refers to sw6306.o(.text.SW6306_IextEnSet) for SW6306_IextEnSet
    main.o(.text.thread_app) refers to sw6306.o(.text.SW6306_ReadIBAT) for SW6306_ReadIBAT
    main.o(.text.thread_app) refers to sw6306.o(.text.SW6306_ReadIBUS) for SW6306_ReadIBUS
    main.o(.text.thread_app) refers to sw6306.o(.text.SW6306_ReadVBUS) for SW6306_ReadVBUS
    main.o(.text.thread_app) refers to sw6306.o(.text.SW6306_ReadVBAT) for SW6306_ReadVBAT
    main.o(.text.thread_app) refers to uidiv.o(.text) for __aeabi_uidiv
    main.o(.text.thread_app) refers to sw6306.o(.text.SW6306_IextSet) for SW6306_IextSet
    main.o(.text.thread_app) refers to sw6306.o(.text.SW6306_Init) for SW6306_Init
[...]
    __aeabi_memset                           0x08000141   Thumb Code    14  memseta.o(.text)
    __aeabi_memset4                          0x08000141   Thumb Code     0  memseta.o(.text)
    __aeabi_memset8                          0x08000141   Thumb Code     0  memseta.o(.text)
    __aeabi_memclr                           0x0800014f   Thumb Code     4  memseta.o(.text)
    __aeabi_memclr4                          0x0800014f   Thumb Code     0  memseta.o(.text)
    __aeabi_memclr8                          0x0800014f   Thumb Code     0  memseta.o(.text)
    _memset$wrapper                          0x08000153   Thumb Code    18  memseta.o(.text)
    strlen                                   0x08000165   Thumb Code    14  strlen.o(.text)
    __aeabi_fadd                             0x08000173   Thumb Code   162  fadd.o(.text)
    __aeabi_fsub                             0x08000215   Thumb Code     8  fadd.o(.text)
    __aeabi_frsub                            0x0800021d   Thumb Code     8  fadd.o(.text)
    __aeabi_fmul                             0x08000225   Thumb Code   122  fmul.o(.text)
    __aeabi_fdiv                             0x0800029f   Thumb Code   124  fdiv.o(.text)
    __aeabi_dadd                             0x0800031d   Thumb Code   328  dadd.o(.text)
    __aeabi_dsub                             0x08000465   Thumb Code    12  dadd.o(.text)
    __aeabi_drsub                            0x08000471   Thumb Code    12  dadd.o(.text)
    __aeabi_dmul                             0x08000481   Thumb Code   202  dmul.o(.text)
    __aeabi_ddiv                             0x08000551   Thumb Code   234  ddiv.o(.text)
    __aeabi_fcmplt                           0x08000641   Thumb Code    28  fcmplt.o(.text)
    __aeabi_fcmpgt                           0x0800065d   Thumb Code    28  fcmpgt.o(.text)
    __aeabi_i2f                              0x08000679   Thumb Code    22  fflti.o(.text)
    __aeabi_ui2f                             0x0800068f   Thumb Code    14  ffltui.o(.text)
    __aeabi_ui2d                             0x0800069d   Thumb Code    24  dfltui.o(.text)
    __aeabi_f2iz                             0x080006b9   Thumb Code    50  ffixi.o(.text)
    __aeabi_f2d                              0x080006eb   Thumb Code    40  f2d.o(.text)
    __aeabi_d2f                              0x08000713   Thumb Code    56  d2f.o(.text)
    __aeabi_uldivmod                         0x0800074b   Thumb Code    96  uldiv.o(.text)
    __aeabi_llsl                             0x080007ab   Thumb Code    32  llshl.o(.text)
    _ll_shift_l                              0x080007ab   Thumb Code     0  llshl.o(.text)
    __aeabi_lasr                             0x080007cb   Thumb Code    38  llsshr.o(.text)
    _ll_sshift_r                             0x080007cb   Thumb Code     0  llsshr.o(.text)
    __I$use$fp                               0x080007f1   Thumb Code     0  iusefp.o(.text)
    _float_round                             0x080007f1   Thumb Code    16  fepilogue.o(.text)
    _float_epilogue                          0x08000801   Thumb Code   114  fepilogue.o(.text)
    _double_round                            0x08000873   Thumb Code    26  depilogue.o(.text)
    _double_epilogue                         0x0800088d   Thumb Code   164  depilogue.o(.text)
    __ARM_scalbn                             0x08000931   Thumb Code    44  dscalb.o(.text)
    scalbn                                   0x08000931   Thumb Code     0  dscalb.o(.text)
    __aeabi_i2d                              0x0800095d   Thumb Code    34  dflti.o(.text)
    __aeabi_d2ulz                            0x08000985   Thumb Code    54  dfixul.o(.text)
    __aeabi_cdcmpeq                          0x080009c5   Thumb Code     0  cdcmple.o(.text)
    __aeabi_cdcmple                          0x080009c5   Thumb Code    38  cdcmple.o(.text)
    __aeabi_cdrcmple                         0x080009ed   Thumb Code    38  cdrcmple.o(.text)
    __ARM_fcmp4                              0x08000a15   Thumb Code    44  fcmp4.o(.text)
    _fcmp4                                   0x08000a15   Thumb Code     0  fcmp4.o(.text)
    __scatterload                            0x08000a49   Thumb Code    28  init.o(.text)
    __scatterload_rt2                        0x08000a49   Thumb Code     0  init.o(.text)
    __aeabi_llsr                             0x08000a6d   Thumb Code    34  llushr.o(.text)
    __semihosting_library_function           0x08000a6d   Thumb Code     0  semi.o(.text)
    _ll_ushift_r                             0x08000a6d   Thumb Code     0  llushr.o(.text)
    __I$use$semihosting$fputc                0x08000a8f   Thumb Code     0  iusesemip.o(.text)
    main                                     0x08000a91   Thumb Code    44  system_py32f0xx.o(.text.$Sub$$main)
    APP_I2C_Receive                          0x08000ad5   Thumb Code   388  py32f0xx_bsp_i2c.o(.text.APP_I2C_Receive)
    APP_I2C_Transmit                         0x08000c59   Thumb Code   122  py32f0xx_bsp_i2c.o(.text.APP_I2C_Transmit)
    ASYNC_I2C_Receive                        0x08000cd5   Thumb Code    92  py32f0xx_bsp_i2c.o(.text.ASYNC_I2C_Receive)
    ASYNC_I2C_Transmit                       0x08000d31   Thumb Code    96  py32f0xx_bsp_i2c.o(.text.ASYNC_I2C_Transmit)
    BSP_AdcConfig                            0x08000d91   Thumb Code    78  py32f0xx_bsp_gpio.o(.text.BSP_AdcConfig)
    BSP_AdcConvert                           0x08000de1   Thumb Code    44  py32f0xx_bsp_gpio.o(.text.BSP_AdcConvert)
    BSP_EXTI_Config                          0x08000e0d   Thumb Code   200  py32f0xx_bsp_exti.o(.text.BSP_EXTI_Config)
    BSP_GPIO_Config                          0x08000ed5   Thumb Code   176  py32f0xx_bsp_gpio.o(.text.BSP_GPIO_Config)
    BSP_I2C_Config                           0x08000f85   Thumb Code   144  py32f0xx_bsp_i2c.o(.text.BSP_I2C_Config)
    BSP_PWMChannelConfig                     0x08001015   Thumb Code   168  py32f0xx_bsp_tim.o(.text.BSP_PWMChannelConfig)
    BSP_PWR_Config                           0x080010bd   Thumb Code    24  py32f0xx_bsp_pwr.o(.text.BSP_PWR_Config)
    BSP_SystemClockConfig                    0x080010d5   Thumb Code   104  py32f0xx_bsp_rcc.o(.text.BSP_SystemClockConfig)
    BSP_TIM_config                           0x0800113d   Thumb Code    92  py32f0xx_bsp_tim.o(.text.BSP_TIM_config)
    BSP_USART_Config                         0x08001199   Thumb Code   132  py32f0xx_bsp_usart.o(.text.BSP_USART_Config)
    Check_Key_Events                         0x0800121d   Thumb Code   170  debounce_key.o(.text.Check_Key_Events)
    DS3231_getdate                           0x080012c7   Thumb Code    72  ds3231_drv.o(.text.DS3231_getdate)
    DS3231_gettime                           0x0800130f   Thumb Code    82  ds3231_drv.o(.text.DS3231_gettime)
    DS3231_setDate                           0x08001361   Thumb Code   122  ds3231_drv.o(.text.DS3231_setDate)
    DS3231_setTime                           0x080013db   Thumb Code    94  ds3231_drv.o(.text.DS3231_setTime)
    Ds3231SetHome                            0x08001439   Thumb Code   520  main.o(.text.Ds3231SetHome)
    EXTI0_1_IRQHandler                       0x08001641   Thumb Code    52  py32f0xx_bsp_exti.o(.text.EXTI0_1_IRQHandler)
    EXTI2_3_IRQHandler                       0x08001675   Thumb Code    56  py32f0xx_bsp_exti.o(.text.EXTI2_3_IRQHandler)
    EXTI4_15_IRQHandler                      0x080016ad   Thumb Code    44  py32f0xx_bsp_exti.o(.text.EXTI4_15_IRQHandler)
    ElectricArc                              0x080016d9   Thumb Code    64  main.o(.text.ElectricArc)
    FLASH_BufferRead                         0x08001719   Thumb Code    20  flash_drv.o(.text.FLASH_BufferRead)
    FlashProgramTest                         0x080017f5   Thumb Code   180  flash_drv.o(.text.FlashProgramTest)
    GUI_ShowChar                             0x080018a9   Thumb Code   208  12864oled_drv.o(.text.GUI_ShowChar)
    GUI_ShowFont16                           0x08001979   Thumb Code   132  12864oled_drv.o(.text.GUI_ShowFont16)
    GUI_ShowFont24                           0x080019fd   Thumb Code   112  12864oled_drv.o(.text.GUI_ShowFont24)
    GUI_ShowFont32                           0x08001a6d   Thumb Code   112  12864oled_drv.o(.text.GUI_ShowFont32)
    GetShtc3Data                             0x08001add   Thumb Code    32  shtc3_drv.o(.text.GetShtc3Data)
    HAL_FLASH_Erase                          0x08001afd   Thumb Code   436  py32f0xx_hal_flash.o(.text.HAL_FLASH_Erase)
    HAL_FLASH_Lock                           0x08001cb1   Thumb Code    20  py32f0xx_hal_flash.o(.text.HAL_FLASH_Lock)
    HAL_FLASH_Program                        0x08001cc5   Thumb Code   316  py32f0xx_hal_flash.o(.text.HAL_FLASH_Program)
    HAL_FLASH_Unlock                         0x08001e01   Thumb Code    40  py32f0xx_hal_flash.o(.text.HAL_FLASH_Unlock)
    HAL_GetTick                              0x08001e29   Thumb Code    12  py32f0xx_hal.o(.text.HAL_GetTick)
    HardFault_Handler                        0x08001e35   Thumb Code     2  py32f0xx_it.o(.text.HardFault_Handler)
    Home1                                    0x08001e39   Thumb Code  1588  main.o(.text.Home1)
    Home1_2                                  0x0800246d   Thumb Code   468  main.o(.text.Home1_2)
    Home2                                    0x08002641   Thumb Code   524  main.o(.text.Home2)
    I2C1_IRQHandler                          0x0800284d   Thumb Code   592  py32f0xx_bsp_i2c.o(.text.I2C1_IRQHandler)
    I2C_Diagnosis                            0x08002a9d   Thumb Code    24  py32f0xx_bsp_i2c.o(.text.I2C_Diagnosis)
    I2C_Unlock                               0x08002ab5   Thumb Code   124  py32f0xx_bsp_i2c.o(.text.I2C_Unlock)
    IIC_DS3231_ByteRead                      0x08002b31   Thumb Code    42  ds3231_drv.o(.text.IIC_DS3231_ByteRead)
    IIC_DS3231_ByteWrite                     0x08002b5b   Thumb Code    30  ds3231_drv.o(.text.IIC_DS3231_ByteWrite)
    Key_Init                                 0x08002b79   Thumb Code    44  debounce_key.o(.text.Key_Init)
    Key_IsLongPressed                        0x08002ba5   Thumb Code    24  debounce_key.o(.text.Key_IsLongPressed)
    Key_IsLongReleased                       0x08002bbd   Thumb Code    32  debounce_key.o(.text.Key_IsLongReleased)
    Key_IsShortPressed                       0x08002bdd   Thumb Code    32  debounce_key.o(.text.Key_IsShortPressed)
    Key_Read                                 0x08002bfd   Thumb Code    12  debounce_key.o(.text.Key_Read)
    Key_Scan                                 0x08002c09   Thumb Code   108  debounce_key.o(.text.Key_Scan)
    LL_EXTI_Init                             0x08002f21   Thumb Code   152  py32f0xx_ll_exti.o(.text.LL_EXTI_Init)
    LL_GPIO_Init                             0x08003001   Thumb Code   122  py32f0xx_ll_gpio.o(.text.LL_GPIO_Init)
    LL_I2C_Init                              0x080033b5   Thumb Code    58  py32f0xx_ll_i2c.o(.text.LL_I2C_Init)
    LL_RCC_GetSystemClocksFreq               0x08003599   Thumb Code    24  py32f0xx_ll_rcc.o(.text.LL_RCC_GetSystemClocksFreq)
    LL_SetSystemCoreClock                    0x08003695   Thumb Code    12  py32f0xx_ll_utils.o(.text.LL_SetSystemCoreClock)
    LL_TIM_Init                              0x080036c1   Thumb Code   160  py32f0xx_ll_tim.o(.text.LL_TIM_Init)
    LL_TIM_OC_Init                           0x08003761   Thumb Code    80  py32f0xx_ll_tim.o(.text.LL_TIM_OC_Init)
    LL_mDelay                                0x0800398d   Thumb Code    40  py32f0xx_ll_utils.o(.text.LL_mDelay)
    LcdGpioDisable                           0x080039b5   Thumb Code   112  12864oled_drv.o(.text.LcdGpioDisable)
    MCU1LCDbacSet                            0x08003a25   Thumb Code   168  main.o(.text.MCU1LCDbacSet)
    MCU1LEDSet                               0x08003acd   Thumb Code   144  main.o(.text.MCU1LEDSet)
    MCU1Sw6306InputPowerSet                  0x08003b5d   Thumb Code   172  main.o(.text.MCU1Sw6306InputPowerSet)
    Mcu1SaveSet                              0x08003c09   Thumb Code   172  main.o(.text.Mcu1SaveSet)
    Menu_AppInit                             0x08003cb5   Thumb Code   100  main.o(.text.Menu_AppInit)
    MySPI_SwapByte                           0x08003d19   Thumb Code    68  myspi_drv.o(.text.MySPI_SwapByte)
    MySpiGpioInit                            0x08003d5d   Thumb Code    88  myspi_drv.o(.text.MySpiGpioInit)
    NMI_Handler                              0x08003db5   Thumb Code     2  py32f0xx_it.o(.text.NMI_Handler)
    OLED_Clear                               0x08003fc1   Thumb Code    32  12864oled_drv.o(.text.OLED_Clear)
    OLED_Display                             0x08003fe1   Thumb Code    64  12864oled_drv.o(.text.OLED_Display)
    OLED_Display_On                          0x08004021   Thumb Code    30  12864oled_drv.o(.text.OLED_Display_On)
    OLED_Init                                0x08004041   Thumb Code   276  12864oled_drv.o(.text.OLED_Init)
    OLED_Print                               0x08004155   Thumb Code   206  12864oled_drv.o(.text.OLED_Print)
    OLED_Set_Pixel                           0x08004225   Thumb Code    40  12864oled_drv.o(.text.OLED_Set_Pixel)
    OLED_WR_Byte                             0x0800424d   Thumb Code    20  12864oled_drv.o(.text.OLED_WR_Byte)
    PendSV_Handler                           0x08004261   Thumb Code     2  py32f0xx_it.o(.text.PendSV_Handler)
    RCC_GetHCLKClockFreq                     0x08004265   Thumb Code    32  py32f0xx_ll_rcc.o(.text.RCC_GetHCLKClockFreq)
    RCC_GetPCLK1ClockFreq                    0x08004285   Thumb Code    32  py32f0xx_ll_rcc.o(.text.RCC_GetPCLK1ClockFreq)
    RCC_GetSystemClockFreq                   0x080042a5   Thumb Code    84  py32f0xx_ll_rcc.o(.text.RCC_GetSystemClockFreq)
    RCC_PLL_GetFreqDomain_SYS                0x080042f9   Thumb Code    28  py32f0xx_ll_rcc.o(.text.RCC_PLL_GetFreqDomain_SYS)
    SVC_Handler                              0x08004315   Thumb Code     2  py32f0xx_it.o(.text.SVC_Handler)
    SW6306_ADCLoad                           0x08004319   Thumb Code   272  sw6306.o(.text.SW6306_ADCLoad)
    SW6306_ADCRead                           0x08004429   Thumb Code   104  sw6306.o(.text.SW6306_ADCRead)
    SW6306_ByteModify                        0x08004491   Thumb Code    96  sw6306.o(.text.SW6306_ByteModify)
    SW6306_ByteRead                          0x080044f1   Thumb Code    80  sw6306.o(.text.SW6306_ByteRead)
    SW6306_ByteWrite                         0x08004541   Thumb Code    44  sw6306.o(.text.SW6306_ByteWrite)
    SW6306_CapacityLoad                      0x0800456d   Thumb Code   196  sw6306.o(.text.SW6306_CapacityLoad)
    SW6306_Click                             0x08004631   Thumb Code    68  sw6306.o(.text.SW6306_Click)
    SW6306_IextDirSet                        0x08004675   Thumb Code    88  sw6306.o(.text.SW6306_IextDirSet)
    SW6306_IextEnSet                         0x080046cd   Thumb Code    88  sw6306.o(.text.SW6306_IextEnSet)
    SW6306_IextSet                           0x08004725   Thumb Code   104  sw6306.o(.text.SW6306_IextSet)
    SW6306_Init                              0x0800478d   Thumb Code   944  sw6306.o(.text.SW6306_Init)
    SW6306_IsBatteryDepleted                 0x08004b3d   Thumb Code    12  sw6306.o(.text.SW6306_IsBatteryDepleted)
    SW6306_IsCharging                        0x08004b49   Thumb Code    12  sw6306.o(.text.SW6306_IsCharging)
    SW6306_IsDischarging                     0x08004b55   Thumb Code    12  sw6306.o(.text.SW6306_IsDischarging)
    SW6306_IsErrorinCharging                 0x08004b61   Thumb Code    12  sw6306.o(.text.SW6306_IsErrorinCharging)
    SW6306_IsErrorinDischarging              0x08004b6d   Thumb Code    12  sw6306.o(.text.SW6306_IsErrorinDischarging)
    SW6306_IsFullCharged                     0x08004b79   Thumb Code    12  sw6306.o(.text.SW6306_IsFullCharged)
    SW6306_IsInitialized                     0x08004b85   Thumb Code    48  sw6306.o(.text.SW6306_IsInitialized)
    SW6306_IsOverHeated                      0x08004bb5   Thumb Code    24  sw6306.o(.text.SW6306_IsOverHeated)
    SW6306_IsPortA1ON                        0x08004bcd   Thumb Code    12  sw6306.o(.text.SW6306_IsPortA1ON)
    SW6306_IsPortA2ON                        0x08004bd9   Thumb Code    12  sw6306.o(.text.SW6306_IsPortA2ON)
    SW6306_IsPortC1ON                        0x08004be5   Thumb Code    12  sw6306.o(.text.SW6306_IsPortC1ON)
    SW6306_IsPortC2ON                        0x08004bf1   Thumb Code    12  sw6306.o(.text.SW6306_IsPortC2ON)
    SW6306_IsQCStatAFC                       0x08004bfd   Thumb Code    16  sw6306.o(.text.SW6306_IsQCStatAFC)
    SW6306_IsQCStatFCP                       0x08004c0d   Thumb Code    16  sw6306.o(.text.SW6306_IsQCStatFCP)
    SW6306_IsQCStatNONE                      0x08004c1d   Thumb Code    16  sw6306.o(.text.SW6306_IsQCStatNONE)
    SW6306_IsQCStatPDFIX                     0x08004c2d   Thumb Code    16  sw6306.o(.text.SW6306_IsQCStatPDFIX)
    SW6306_IsQCStatPDPPS                     0x08004c3d   Thumb Code    16  sw6306.o(.text.SW6306_IsQCStatPDPPS)
    SW6306_IsQCStatPE11                      0x08004c4d   Thumb Code    16  sw6306.o(.text.SW6306_IsQCStatPE11)
    SW6306_IsQCStatPE20                      0x08004c5d   Thumb Code    16  sw6306.o(.text.SW6306_IsQCStatPE20)
    SW6306_IsQCStatPQC                       0x08004c6d   Thumb Code    12  sw6306.o(.text.SW6306_IsQCStatPQC)
    SW6306_IsQCStatQC2                       0x08004c79   Thumb Code    16  sw6306.o(.text.SW6306_IsQCStatQC2)
    SW6306_IsQCStatQC3                       0x08004c89   Thumb Code    16  sw6306.o(.text.SW6306_IsQCStatQC3)
    SW6306_IsQCStatQC3P                      0x08004c99   Thumb Code    16  sw6306.o(.text.SW6306_IsQCStatQC3P)
    SW6306_IsQCStatSCP                       0x08004ca9   Thumb Code    16  sw6306.o(.text.SW6306_IsQCStatSCP)
    SW6306_IsQCStatSFCP                      0x08004cb9   Thumb Code    16  sw6306.o(.text.SW6306_IsQCStatSFCP)
    SW6306_IsQCStatSVOOC                     0x08004cc9   Thumb Code    16  sw6306.o(.text.SW6306_IsQCStatSVOOC)
    SW6306_IsQCStatUFCS                      0x08004cd9   Thumb Code    16  sw6306.o(.text.SW6306_IsQCStatUFCS)
    SW6306_IsQCStatVOOC1                     0x08004ce9   Thumb Code    16  sw6306.o(.text.SW6306_IsQCStatVOOC1)
    SW6306_IsQCStatVOOC4                     0x08004cf9   Thumb Code    16  sw6306.o(.text.SW6306_IsQCStatVOOC4)
    SW6306_IsQCStatVQC                       0x08004d09   Thumb Code    16  sw6306.o(.text.SW6306_IsQCStatVQC)
    SW6306_LPSet                             0x08004d19   Thumb Code    72  sw6306.o(.text.SW6306_LPSet)
    SW6306_PDSet                             0x08004d61   Thumb Code   384  sw6306.o(.text.SW6306_PDSet)
    SW6306_PortA1Remove                      0x08004ee1   Thumb Code    64  sw6306.o(.text.SW6306_PortA1Remove)
    SW6306_PortA2Remove                      0x08004f21   Thumb Code    64  sw6306.o(.text.SW6306_PortA2Remove)
    SW6306_PortStatusLoad                    0x08004f61   Thumb Code   164  sw6306.o(.text.SW6306_PortStatusLoad)
    SW6306_PowerLoad                         0x08005005   Thumb Code   244  sw6306.o(.text.SW6306_PowerLoad)
    SW6306_ReadCapacity                      0x080050f9   Thumb Code    12  sw6306.o(.text.SW6306_ReadCapacity)
    SW6306_ReadIBAT                          0x08005105   Thumb Code     8  sw6306.o(.text.SW6306_ReadIBAT)
    SW6306_ReadIBUS                          0x0800510d   Thumb Code     8  sw6306.o(.text.SW6306_ReadIBUS)
    SW6306_ReadMaxGuageCap                   0x08005115   Thumb Code    32  sw6306.o(.text.SW6306_ReadMaxGuageCap)
    SW6306_ReadMaxInputPower                 0x08005135   Thumb Code     8  sw6306.o(.text.SW6306_ReadMaxInputPower)
    SW6306_ReadMaxOutputPower                0x0800513d   Thumb Code     8  sw6306.o(.text.SW6306_ReadMaxOutputPower)
    SW6306_ReadPresentGuageCap               0x08005145   Thumb Code    32  sw6306.o(.text.SW6306_ReadPresentGuageCap)
    SW6306_ReadTCHIP                         0x08005165   Thumb Code    44  sw6306.o(.text.SW6306_ReadTCHIP)
    SW6306_ReadTNTC                          0x08005191   Thumb Code    16  sw6306.o(.text.SW6306_ReadTNTC)
    SW6306_ReadVBAT                          0x080051a1   Thumb Code     8  sw6306.o(.text.SW6306_ReadVBAT)
    SW6306_ReadVBUS                          0x080051a9   Thumb Code     8  sw6306.o(.text.SW6306_ReadVBUS)
    SW6306_RegsetSwitch                      0x080051b1   Thumb Code   104  sw6306.o(.text.SW6306_RegsetSwitch)
    SW6306_StatusLoad                        0x08005219   Thumb Code   260  sw6306.o(.text.SW6306_StatusLoad)
    SW6306_Unlock                            0x0800531d   Thumb Code   148  sw6306.o(.text.SW6306_Unlock)
    SetSw6306VInputPowMax                    0x080053b1   Thumb Code    12  sw6306.o(.text.SetSw6306VInputPowMax)
    SetTempControl                           0x080053bd   Thumb Code    68  main.o(.text.SetTempControl)
    Shtc3Hibernate                           0x08005401   Thumb Code    28  shtc3_drv.o(.text.Shtc3Hibernate)
    Shtc3Wakeup                              0x0800541d   Thumb Code    28  shtc3_drv.o(.text.Shtc3Wakeup)
    Shtc3_Read_Result                        0x08005439   Thumb Code   156  shtc3_drv.o(.text.Shtc3_Read_Result)
    SysInit                                  0x080054d5   Thumb Code    40  bsp_py32f030x6.o(.text.SysInit)
    SysTick_Handler                          0x080054fd   Thumb Code    16  py32f0xx_it.o(.text.SysTick_Handler)
    SystemInit                               0x0800550d   Thumb Code    48  system_py32f0xx.o(.text.SystemInit)
    USART1_IRQHandler                        0x0800553d   Thumb Code   168  py32f0xx_bsp_usart.o(.text.USART1_IRQHandler)
    USART_IsBusy                             0x080055e5   Thumb Code    26  py32f0xx_bsp_usart.o(.text.USART_IsBusy)
    USART_bufread                            0x08005601   Thumb Code    76  py32f0xx_bsp_usart.o(.text.USART_bufread)
    USART_bufsend                            0x0800564d   Thumb Code   128  py32f0xx_bsp_usart.o(.text.USART_bufsend)
    USART_getvalidnum                        0x080056cd   Thumb Code    36  py32f0xx_bsp_usart.o(.text.USART_getvalidnum)
    Write_IIC_Command                        0x080056f1   Thumb Code    32  12864oled_drv.o(.text.Write_IIC_Command)
    Write_IIC_Data                           0x08005711   Thumb Code    40  12864oled_drv.o(.text.Write_IIC_Data)
    bcdToDec                                 0x080057d1   Thumb Code    16  ds3231_drv.o(.text.bcdToDec)
    $Super$$main                             0x080057e1   Thumb Code   412  main.o(.text.main)
    thread_app                               0x0800597d   Thumb Code  2520  main.o(.text.thread_app)
    thread_echo                              0x08006355   Thumb Code    70  main.o(.text.thread_echo)
    thread_key                               0x0800639d   Thumb Code  1536  main.o(.text.thread_key)
    thread_lcdprintf                         0x0800699d   Thumb Code   128  main.o(.text.thread_lcdprintf)
    thread_trig                              0x08006a1d   Thumb Code   232  main.o(.text.thread_trig)
    uprintf                                  0x08006b05   Thumb Code    44  py32f0xx_bsp_usart.o(.text.uprintf)
    __0printf                                0x08006b31   Thumb Code    24  printfa.o(i.__0printf)
    __1printf                                0x08006b31   Thumb Code     0  printfa.o(i.__0printf)
    __2printf                                0x08006b31   Thumb Code     0  printfa.o(i.__0printf)
    __c89printf                              0x08006b31   Thumb Code     0  printfa.o(i.__0printf)
    printf                                   0x08006b31   Thumb Code     0  printfa.o(i.__0printf)
    __0sprintf                               0x08006b51   Thumb Code    36  printfa.o(i.__0sprintf)
    __1sprintf                               0x08006b51   Thumb Code     0  printfa.o(i.__0sprintf)
    __2sprintf                               0x08006b51   Thumb Code     0  printfa.o(i.__0sprintf)
    __c89sprintf                             0x08006b51   Thumb Code     0  printfa.o(i.__0sprintf)
    sprintf                                  0x08006b51   Thumb Code     0  printfa.o(i.__0sprintf)
    __0vsprintf                              0x08006b79   Thumb Code    30  printfa.o(i.__0vsprintf)
    __1vsprintf                              0x08006b79   Thumb Code     0  printfa.o(i.__0vsprintf)
    __2vsprintf                              0x08006b79   Thumb Code     0  printfa.o(i.__0vsprintf)
    __c89vsprintf                            0x08006b79   Thumb Code     0  printfa.o(i.__0vsprintf)
    vsprintf                                 0x08006b79   Thumb Code     0  printfa.o(i.__0vsprintf)
    __ARM_clz                                0x08006b9d   Thumb Code    46  depilogue.o(i.__ARM_clz)
    __kernel_poly                            0x08006bcb   Thumb Code   172  poly.o(i.__kernel_poly)
    __mathlib_dbl_divzero                    0x08006c79   Thumb Code    16  dunder.o(i.__mathlib_dbl_divzero)
    __mathlib_dbl_infnan                     0x08006c8d   Thumb Code    10  dunder.o(i.__mathlib_dbl_infnan)
    __mathlib_dbl_invalid                    0x08006c97   Thumb Code    16  dunder.o(i.__mathlib_dbl_invalid)
    __scatterload_copy                       0x08006ca7   Thumb Code    14  handlers.o(i.__scatterload_copy)
    __scatterload_null                       0x08006cb5   Thumb Code     2  handlers.o(i.__scatterload_null)
    __scatterload_zeroinit                   0x08006cb7   Thumb Code    14  handlers.o(i.__scatterload_zeroinit)
    __set_errno                              0x08006cc5   Thumb Code     6  errno.o(i.__set_errno)
    fminf                                    0x08007587   Thumb Code    38  fminf.o(i.fminf)
    fputc                                    0x080075ad   Thumb Code    18  fputc.o(i.fputc)
    log                                      0x080075c1   Thumb Code   790  log.o(i.log)
    __mathlib_zero                           0x08007950   Data           8  qnan.o(.constdata)
    AHBPrescTable                            0x08007958   Data          64  system_py32f0xx.o(.rodata.AHBPrescTable)
    APBPrescTable                            0x08007998   Data          32  system_py32f0xx.o(.rodata.APBPrescTable)
    F6x8                                     0x080079b8   Data         760  12864oled_drv.o(.rodata.F6x8)
    F8X16                                    0x08007cb0   Data        1520  12864oled_drv.o(.rodata.F8X16)
    HSIFreqTable                             0x080082a0   Data          32  system_py32f0xx.o(.rodata.HSIFreqTable)
    _FlashTimmingParam                       0x080082c0   Data          32  py32f0xx_hal_flash.o(.rodata._FlashTimmingParam)
    cfont16                                  0x080082e0   Data        2516  12864oled_drv.o(.rodata.cfont16)
    cfont24                                  0x08008cb4   Data          74  12864oled_drv.o(.rodata.cfont24)
    cfont32                                  0x08008cfe   Data         130  12864oled_drv.o(.rodata.cfont32)
    Region$$Table$$Base                      0x08009564   Number         0  anon$$obj.o(Region$$Table)
    Region$$Table$$Limit                     0x08009584   Number         0  anon$$obj.o(Region$$Table)
    VECT_SRAM_TAB                            0x20000000   Data         192  system_py32f0xx.o(.ARM.__at_0x20000000)
    __stdout                                 0x200000c0   Data           4  stdout.o(.data)
    SystemCoreClock                          0x200000cc   Data           4  system_py32f0xx.o(.data.SystemCoreClock)
    I2C1_Status                              0x200000e8   Data          16  py32f0xx_bsp_i2c.o(.bss.I2C1_Status)
    Tim1Ch4Pwm                               0x2000056c   Data           2  main.o(.bss.Tim1Ch4Pwm)
    cd_sleep                                 0x20000690   Data           2  main.o(.bss.cd_sleep)
    i2cwdtovf                                0x200006b0   Data           4  py32f0xx_bsp_i2c.o(.bss.i2cwdtovf)
    inttrig                                  0x200006b4   Data           1  py32f0xx_bsp_exti.o(.bss.inttrig)
    keytrig                                  0x200006d6   Data           1  py32f0xx_bsp_exti.o(.bss.keytrig)
    millis                                   0x200006d8   Data           4  py32f0xx_it.o(.bss.millis)
    pFlash                                   0x200006dc   Data          24  py32f0xx_hal_flash.o(.bss.pFlash)
    pt1                                      0x200006f4   Data           2  main.o(.bss.pt1)
    pt2                                      0x200006f6   Data           2  main.o(.bss.pt2)
    pt3                                      0x200006f8   Data           2  main.o(.bss.pt3)
    pt4                                      0x200006fa   Data           2  main.o(.bss.pt4)
    pt5                                      0x200006fc   Data           2  main.o(.bss.pt5)
    rx_buf_ovf                               0x200006fe   Data           1  py32f0xx_bsp_usart.o(.bss.rx_buf_ovf)
    uwTick                                   0x20000710   Data           4  py32f0xx_hal.o(.bss.uwTick)
    __initial_sp                             0x20000b18   Data           0  startup_py32f030xx.o(STACK)



==============================================================================

Memory Map of the image

  Image Entry point : 0x080000c1

  Load Region LR_IROM1 (Base: 0x08000000, Size: 0x00009660, Max: 0x00010000, ABSOLUTE)

    Execution Region ER_IROM1 (Exec base: 0x08000000, Load base: 0x08000000, Size: 0x00009584, Max: 0x00010000, ABSOLUTE)

    Exec Addr    Load Addr    Size         Type   Attr      Idx    E Section Name        Object

    0x08000000   0x08000000   0x000000c0   Data   RO            3    RESET               startup_py32f030xx.o
    0x080000c0   0x080000c0   0x00000000   Code   RO         1525  * .ARM.Collect$$$$00000000  mc_p.l(entry.o)
    0x080000c0   0x080000c0   0x00000004   Code   RO         1846    .ARM.Collect$$$$00000001  mc_p.l(entry2.o)
    0x080000c4   0x080000c4   0x00000004   Code   RO         1849    .ARM.Collect$$$$00000004  mc_p.l(entry5.o)
    0x080000c8   0x080000c8   0x00000000   Code   RO         1851    .ARM.Collect$$$$00000008  mc_p.l(entry7b.o)
    0x080000c8   0x080000c8   0x00000000   Code   RO         1853    .ARM.Collect$$$$0000000A  mc_p.l(entry8b.o)
    0x080000c8   0x080000c8   0x00000008   Code   RO         1854    .ARM.Collect$$$$0000000B  mc_p.l(entry9a.o)
    0x080000d0   0x080000d0   0x00000000   Code   RO         1856    .ARM.Collect$$$$0000000D  mc_p.l(entry10a.o)
    0x080000d0   0x080000d0   0x00000000   Code   RO         1858    .ARM.Collect$$$$0000000F  mc_p.l(entry11a.o)
    0x080000d0   0x080000d0   0x00000004   Code   RO         1847    .ARM.Collect$$$$00002712  mc_p.l(entry2.o)
    0x080000d4   0x080000d4   0x0000001c   Code   RO            4    .text               startup_py32f030xx.o
    0x080000f0   0x080000f0   0x0000002c   Code   RO         1528    .text               mc_p.l(uidiv.o)
    0x0800011c   0x0800011c   0x00000024   Code   RO         1532    .text               mc_p.l(memcpya.o)
    0x08000140   0x08000140   0x00000024   Code   RO         1534    .text               mc_p.l(memseta.o)
    0x08000164   0x08000164   0x0000000e   Code   RO         1536    .text               mc_p.l(strlen.o)
    0x08000172   0x08000172   0x000000b2   Code   RO         1801    .text               mf_p.l(fadd.o)
    0x08000224   0x08000224   0x0000007a   Code   RO         1803    .text               mf_p.l(fmul.o)
    0x0800029e   0x0800029e   0x0000007c   Code   RO         1805    .text               mf_p.l(fdiv.o)
    0x0800031a   0x0800031a   0x00000002   PAD
    0x0800031c   0x0800031c   0x00000164   Code   RO         1807    .text               mf_p.l(dadd.o)
    0x08000480   0x08000480   0x000000d0   Code   RO         1809    .text               mf_p.l(dmul.o)
    0x08000550   0x08000550   0x000000f0   Code   RO         1811    .text               mf_p.l(ddiv.o)
    0x08000640   0x08000640   0x0000001c   Code   RO         1813    .text               mf_p.l(fcmplt.o)
    0x0800065c   0x0800065c   0x0000001c   Code   RO         1815    .text               mf_p.l(fcmpgt.o)
    0x08000678   0x08000678   0x00000016   Code   RO         1817    .text               mf_p.l(fflti.o)
    0x0800068e   0x0800068e   0x0000000e   Code   RO         1819    .text               mf_p.l(ffltui.o)
    0x0800069c   0x0800069c   0x0000001c   Code   RO         1821    .text               mf_p.l(dfltui.o)
    0x080006b8   0x080006b8   0x00000032   Code   RO         1823    .text               mf_p.l(ffixi.o)
    0x080006ea   0x080006ea   0x00000028   Code   RO         1825    .text               mf_p.l(f2d.o)
    0x08000712   0x08000712   0x00000038   Code   RO         1827    .text               mf_p.l(d2f.o)
    0x0800074a   0x0800074a   0x00000060   Code   RO         1865    .text               mc_p.l(uldiv.o)
    0x080007aa   0x080007aa   0x00000020   Code   RO         1867    .text               mc_p.l(llshl.o)
    0x080007ca   0x080007ca   0x00000026   Code   RO         1869    .text               mc_p.l(llsshr.o)
    0x080007f0   0x080007f0   0x00000000   Code   RO         1878    .text               mc_p.l(iusefp.o)
    0x080007f0   0x080007f0   0x00000082   Code   RO         1879    .text               mf_p.l(fepilogue.o)
    0x08000872   0x08000872   0x000000be   Code   RO         1881    .text               mf_p.l(depilogue.o)
    0x08000930   0x08000930   0x0000002c   Code   RO         1885    .text               mf_p.l(dscalb.o)
    0x0800095c   0x0800095c   0x00000028   Code   RO         1887    .text               mf_p.l(dflti.o)
    0x08000984   0x08000984   0x00000040   Code   RO         1889    .text               mf_p.l(dfixul.o)
    0x080009c4   0x080009c4   0x00000028   Code   RO         1891    .text               mf_p.l(cdcmple.o)
    0x080009ec   0x080009ec   0x00000028   Code   RO         1893    .text               mf_p.l(cdrcmple.o)
    0x08000a14   0x08000a14   0x00000034   Code   RO         1895    .text               mf_p.l(fcmp4.o)
    0x08000a48   0x08000a48   0x00000024   Code   RO         1897    .text               mc_p.l(init.o)
    0x08000a6c   0x08000a6c   0x00000000   Code   RO         1899    .text               mc_p.l(semi.o)
    0x08000a6c   0x08000a6c   0x00000022   Code   RO         1900    .text               mc_p.l(llushr.o)
    0x08000a8e   0x08000a8e   0x00000000   Code   RO         1902    .text               mc_p.l(iusesemip.o)
    0x08000a8e   0x08000a8e   0x00000002   PAD
    0x08000a90   0x08000a90   0x0000002c   Code   RO           15    .text.$Sub$$main    system_py32f0xx.o
    0x08000abc   0x08000abc   0x00000018   Code   RO          609    .text.APP_AdcCalibrate  py32f0xx_bsp_gpio.o
    0x08000ad4   0x08000ad4   0x00000184   Code   RO          715    .text.APP_I2C_Receive  py32f0xx_bsp_i2c.o
    0x08000c58   0x08000c58   0x0000007a   Code   RO          709    .text.APP_I2C_Transmit  py32f0xx_bsp_i2c.o
    0x08000cd2   0x08000cd2   0x00000002   PAD
    0x08000cd4   0x08000cd4   0x0000005c   Code   RO          739    .text.ASYNC_I2C_Receive  py32f0xx_bsp_i2c.o
    0x08000d30   0x08000d30   0x00000060   Code   RO          735    .text.ASYNC_I2C_Transmit  py32f0xx_bsp_i2c.o
    0x08000d90   0x08000d90   0x0000004e   Code   RO          603    .text.BSP_AdcConfig  py32f0xx_bsp_gpio.o
    0x08000dde   0x08000dde   0x00000002   PAD
    0x08000de0   0x08000de0   0x0000002c   Code   RO          635    .text.BSP_AdcConvert  py32f0xx_bsp_gpio.o
    0x08000e0c   0x08000e0c   0x000000c8   Code   RO          569    .text.BSP_EXTI_Config  py32f0xx_bsp_exti.o
    0x08000ed4   0x08000ed4   0x000000b0   Code   RO          597    .text.BSP_GPIO_Config  py32f0xx_bsp_gpio.o
    0x08000f84   0x08000f84   0x00000090   Code   RO          667    .text.BSP_I2C_Config  py32f0xx_bsp_i2c.o
    0x08001014   0x08001014   0x000000a8   Code   RO          834    .text.BSP_PWMChannelConfig  py32f0xx_bsp_tim.o
    0x080010bc   0x080010bc   0x00000018   Code   RO          767    .text.BSP_PWR_Config  py32f0xx_bsp_pwr.o
    0x080010d4   0x080010d4   0x00000068   Code   RO          786    .text.BSP_SystemClockConfig  py32f0xx_bsp_rcc.o
    0x0800113c   0x0800113c   0x0000005c   Code   RO          826    .text.BSP_TIM_config  py32f0xx_bsp_tim.o
    0x08001198   0x08001198   0x00000084   Code   RO          844    .text.BSP_USART_Config  py32f0xx_bsp_usart.o
    0x0800121c   0x0800121c   0x000000aa   Code   RO          164    .text.Check_Key_Events  debounce_key.o
    0x080012c6   0x080012c6   0x00000048   Code   RO         1320    .text.DS3231_getdate  ds3231_drv.o
    0x0800130e   0x0800130e   0x00000052   Code   RO         1318    .text.DS3231_gettime  ds3231_drv.o
    0x08001360   0x08001360   0x0000007a   Code   RO         1312    .text.DS3231_setDate  ds3231_drv.o
    0x080013da   0x080013da   0x0000005e   Code   RO         1314    .text.DS3231_setTime  ds3231_drv.o
    0x08001438   0x08001438   0x00000208   Code   RO           96    .text.Ds3231SetHome  main.o
    0x08001640   0x08001640   0x00000034   Code   RO          583    .text.EXTI0_1_IRQHandler  py32f0xx_bsp_exti.o
    0x08001674   0x08001674   0x00000038   Code   RO          585    .text.EXTI2_3_IRQHandler  py32f0xx_bsp_exti.o
    0x080016ac   0x080016ac   0x0000002c   Code   RO          577    .text.EXTI4_15_IRQHandler  py32f0xx_bsp_exti.o
    0x080016d8   0x080016d8   0x00000040   Code   RO           98    .text.ElectricArc   main.o
    0x08001718   0x08001718   0x00000014   Code   RO         1336    .text.FLASH_BufferRead  flash_drv.o
    0x0800172c   0x0800172c   0x00000020   Code   RO         1362    .text.FLASH_MassErase  py32f0xx_hal_flash.o
    0x0800174c   0x0800174c   0x0000001c   Code   RO         1364    .text.FLASH_PageErase  py32f0xx_hal_flash.o
    0x08001768   0x08001768   0x00000044   Code   RO         1374    .text.FLASH_Program_Page  py32f0xx_hal_flash.o
    0x080017ac   0x080017ac   0x00000018   Code   RO         1366    .text.FLASH_SectorErase  py32f0xx_hal_flash.o
    0x080017c4   0x080017c4   0x00000030   Code   RO         1360    .text.FLASH_WaitForLastOperation  py32f0xx_hal_flash.o
    0x080017f4   0x080017f4   0x000000b4   Code   RO         1334    .text.FlashProgramTest  flash_drv.o
    0x080018a8   0x080018a8   0x000000d0   Code   RO         1241    .text.GUI_ShowChar  12864oled_drv.o
    0x08001978   0x08001978   0x00000084   Code   RO         1249    .text.GUI_ShowFont16  12864oled_drv.o
    0x080019fc   0x080019fc   0x00000070   Code   RO         1251    .text.GUI_ShowFont24  12864oled_drv.o
    0x08001a6c   0x08001a6c   0x00000070   Code   RO         1253    .text.GUI_ShowFont32  12864oled_drv.o
    0x08001adc   0x08001adc   0x00000020   Code   RO         1295    .text.GetShtc3Data  shtc3_drv.o
    0x08001afc   0x08001afc   0x000001b4   Code   RO         1358    .text.HAL_FLASH_Erase  py32f0xx_hal_flash.o
    0x08001cb0   0x08001cb0   0x00000014   Code   RO         1348    .text.HAL_FLASH_Lock  py32f0xx_hal_flash.o
    0x08001cc4   0x08001cc4   0x0000013c   Code   RO         1372    .text.HAL_FLASH_Program  py32f0xx_hal_flash.o
    0x08001e00   0x08001e00   0x00000028   Code   RO         1346    .text.HAL_FLASH_Unlock  py32f0xx_hal_flash.o
    0x08001e28   0x08001e28   0x0000000c   Code   RO         1420    .text.HAL_GetTick   py32f0xx_hal.o
    0x08001e34   0x08001e34   0x00000002   Code   RO           32    .text.HardFault_Handler  py32f0xx_it.o
    0x08001e36   0x08001e36   0x00000002   PAD
    0x08001e38   0x08001e38   0x00000634   Code   RO           88    .text.Home1         main.o
    0x0800246c   0x0800246c   0x000001d4   Code   RO           92    .text.Home1_2       main.o
    0x08002640   0x08002640   0x0000020c   Code   RO           90    .text.Home2         main.o
    0x0800284c   0x0800284c   0x00000250   Code   RO          741    .text.I2C1_IRQHandler  py32f0xx_bsp_i2c.o
    0x08002a9c   0x08002a9c   0x00000018   Code   RO          731    .text.I2C_Diagnosis  py32f0xx_bsp_i2c.o
    0x08002ab4   0x08002ab4   0x0000007c   Code   RO          669    .text.I2C_Unlock    py32f0xx_bsp_i2c.o
    0x08002b30   0x08002b30   0x0000002a   Code   RO         1310    .text.IIC_DS3231_ByteRead  ds3231_drv.o
    0x08002b5a   0x08002b5a   0x0000001e   Code   RO         1308    .text.IIC_DS3231_ByteWrite  ds3231_drv.o
    0x08002b78   0x08002b78   0x0000002c   Code   RO          150    .text.Key_Init      debounce_key.o
    0x08002ba4   0x08002ba4   0x00000018   Code   RO          160    .text.Key_IsLongPressed  debounce_key.o
    0x08002bbc   0x08002bbc   0x00000020   Code   RO          162    .text.Key_IsLongReleased  debounce_key.o
    0x08002bdc   0x08002bdc   0x00000020   Code   RO          158    .text.Key_IsShortPressed  debounce_key.o
    0x08002bfc   0x08002bfc   0x0000000c   Code   RO          152    .text.Key_Read      debounce_key.o
    0x08002c08   0x08002c08   0x0000006c   Code   RO          156    .text.Key_Scan      debounce_key.o
    0x08002c74   0x08002c74   0x00000008   Code   RO          645    .text.LL_ADC_ClearFlag_EOC  py32f0xx_bsp_gpio.o
    0x08002c7c   0x08002c7c   0x00000010   Code   RO          639    .text.LL_ADC_Enable  py32f0xx_bsp_gpio.o
    0x08002c8c   0x08002c8c   0x00000010   Code   RO          643    .text.LL_ADC_IsActiveFlag_EOC  py32f0xx_bsp_gpio.o
    0x08002c9c   0x08002c9c   0x00000008   Code   RO          657    .text.LL_ADC_IsCalibrationOnGoing  py32f0xx_bsp_gpio.o
    0x08002ca4   0x08002ca4   0x0000000c   Code   RO          653    .text.LL_ADC_IsEnabled  py32f0xx_bsp_gpio.o
    0x08002cb0   0x08002cb0   0x0000000c   Code   RO          647    .text.LL_ADC_REG_ReadConversionData12  py32f0xx_bsp_gpio.o
    0x08002cbc   0x08002cbc   0x00000010   Code   RO          633    .text.LL_ADC_REG_SetContinuousMode  py32f0xx_bsp_gpio.o
    0x08002ccc   0x08002ccc   0x0000000c   Code   RO          627    .text.LL_ADC_REG_SetDMATransfer  py32f0xx_bsp_gpio.o
    0x08002cd8   0x08002cd8   0x00000010   Code   RO          629    .text.LL_ADC_REG_SetOverrun  py32f0xx_bsp_gpio.o
    0x08002ce8   0x08002ce8   0x00000014   Code   RO          637    .text.LL_ADC_REG_SetSequencerChannels  py32f0xx_bsp_gpio.o
    0x08002cfc   0x08002cfc   0x00000010   Code   RO          631    .text.LL_ADC_REG_SetSequencerDiscont  py32f0xx_bsp_gpio.o
    0x08002d0c   0x08002d0c   0x00000010   Code   RO          625    .text.LL_ADC_REG_SetTriggerSource  py32f0xx_bsp_gpio.o
    0x08002d1c   0x08002d1c   0x00000010   Code   RO          641    .text.LL_ADC_REG_StartConversion  py32f0xx_bsp_gpio.o
    0x08002d2c   0x08002d2c   0x0000000c   Code   RO          605    .text.LL_ADC_Reset  py32f0xx_bsp_gpio.o
    0x08002d38   0x08002d38   0x00000018   Code   RO          615    .text.LL_ADC_SetClock  py32f0xx_bsp_gpio.o
    0x08002d50   0x08002d50   0x00000014   Code   RO          613    .text.LL_ADC_SetCommonPathInternalCh  py32f0xx_bsp_gpio.o
    0x08002d64   0x08002d64   0x0000000c   Code   RO          619    .text.LL_ADC_SetDataAlignment  py32f0xx_bsp_gpio.o
    0x08002d70   0x08002d70   0x00000010   Code   RO          621    .text.LL_ADC_SetLowPowerMode  py32f0xx_bsp_gpio.o
    0x08002d80   0x08002d80   0x00000010   Code   RO          617    .text.LL_ADC_SetResolution  py32f0xx_bsp_gpio.o
    0x08002d90   0x08002d90   0x00000010   Code   RO          623    .text.LL_ADC_SetSamplingTimeCommonChannels  py32f0xx_bsp_gpio.o
    0x08002da0   0x08002da0   0x00000018   Code   RO          655    .text.LL_ADC_StartCalibration  py32f0xx_bsp_gpio.o
    0x08002db8   0x08002db8   0x0000001c   Code   RO          671    .text.LL_APB1_GRP1_EnableClock  py32f0xx_bsp_i2c.o
    0x08002dd4   0x08002dd4   0x00000020   Code   RO          790    .text.LL_APB1_GRP1_EnableClock  py32f0xx_bsp_rcc.o
    0x08002df4   0x08002df4   0x00000010   Code   RO          673    .text.LL_APB1_GRP1_ForceReset  py32f0xx_bsp_i2c.o
    0x08002e04   0x08002e04   0x00000014   Code   RO          675    .text.LL_APB1_GRP1_ReleaseReset  py32f0xx_bsp_i2c.o
    0x08002e18   0x08002e18   0x0000001c   Code   RO          607    .text.LL_APB1_GRP2_EnableClock  py32f0xx_bsp_gpio.o
    0x08002e34   0x08002e34   0x00000018   Code   RO          788    .text.LL_APB1_GRP2_EnableClock  py32f0xx_bsp_rcc.o
    0x08002e4c   0x08002e4c   0x00000018   Code   RO          828    .text.LL_APB1_GRP2_EnableClock  py32f0xx_bsp_tim.o
    0x08002e64   0x08002e64   0x00000020   Code   RO          846    .text.LL_APB1_GRP2_EnableClock  py32f0xx_bsp_usart.o
    0x08002e84   0x08002e84   0x00000010   Code   RO          649    .text.LL_APB1_GRP2_ForceReset  py32f0xx_bsp_gpio.o
    0x08002e94   0x08002e94   0x00000014   Code   RO          651    .text.LL_APB1_GRP2_ReleaseReset  py32f0xx_bsp_gpio.o
    0x08002ea8   0x08002ea8   0x00000008   Code   RO          581    .text.LL_EXTI_ClearFlag  py32f0xx_bsp_exti.o
    0x08002eb0   0x08002eb0   0x0000000c   Code   RO          244    .text.LL_EXTI_DisableEvent  py32f0xx_ll_exti.o
    0x08002ebc   0x08002ebc   0x0000000c   Code   RO          252    .text.LL_EXTI_DisableFallingTrig  py32f0xx_ll_exti.o
    0x08002ec8   0x08002ec8   0x0000000c   Code   RO          248    .text.LL_EXTI_DisableIT  py32f0xx_ll_exti.o
    0x08002ed4   0x08002ed4   0x0000000c   Code   RO          256    .text.LL_EXTI_DisableRisingTrig  py32f0xx_ll_exti.o
    0x08002ee0   0x08002ee0   0x00000010   Code   RO          250    .text.LL_EXTI_EnableEvent  py32f0xx_ll_exti.o
    0x08002ef0   0x08002ef0   0x00000010   Code   RO          258    .text.LL_EXTI_EnableFallingTrig  py32f0xx_ll_exti.o
    0x08002f00   0x08002f00   0x00000010   Code   RO          246    .text.LL_EXTI_EnableIT  py32f0xx_ll_exti.o
    0x08002f10   0x08002f10   0x00000010   Code   RO          254    .text.LL_EXTI_EnableRisingTrig  py32f0xx_ll_exti.o
    0x08002f20   0x08002f20   0x00000098   Code   RO          242    .text.LL_EXTI_Init  py32f0xx_ll_exti.o
    0x08002fb8   0x08002fb8   0x00000014   Code   RO          579    .text.LL_EXTI_IsActiveFlag  py32f0xx_bsp_exti.o
    0x08002fcc   0x08002fcc   0x00000024   Code   RO          571    .text.LL_EXTI_SetEXTISource  py32f0xx_bsp_exti.o
    0x08002ff0   0x08002ff0   0x00000010   Code   RO          810    .text.LL_FLASH_SetLatency  py32f0xx_bsp_rcc.o
    0x08003000   0x08003000   0x0000007a   Code   RO          276    .text.LL_GPIO_Init  py32f0xx_ll_gpio.o
    0x0800307a   0x0800307a   0x0000000c   Code   RO           58    .text.LL_GPIO_IsInputPinSet  main.o
    0x08003086   0x08003086   0x00000002   PAD
    0x08003088   0x08003088   0x00000014   Code   RO          154    .text.LL_GPIO_IsInputPinSet  debounce_key.o
    0x0800309c   0x0800309c   0x00000010   Code   RO          729    .text.LL_GPIO_IsInputPinSet  py32f0xx_bsp_i2c.o
    0x080030ac   0x080030ac   0x0000000c   Code   RO           60    .text.LL_GPIO_ResetOutputPin  main.o
    0x080030b8   0x080030b8   0x00000010   Code   RO          601    .text.LL_GPIO_ResetOutputPin  py32f0xx_bsp_gpio.o
    0x080030c8   0x080030c8   0x0000000c   Code   RO          725    .text.LL_GPIO_ResetOutputPin  py32f0xx_bsp_i2c.o
    0x080030d4   0x080030d4   0x00000014   Code   RO          284    .text.LL_GPIO_SetAFPin_0_7  py32f0xx_ll_gpio.o
    0x080030e8   0x080030e8   0x00000018   Code   RO          872    .text.LL_GPIO_SetAFPin_0_7  py32f0xx_bsp_usart.o
    0x08003100   0x08003100   0x00000016   Code   RO          286    .text.LL_GPIO_SetAFPin_8_15  py32f0xx_ll_gpio.o
    0x08003116   0x08003116   0x00000002   PAD
    0x08003118   0x08003118   0x00000010   Code   RO           62    .text.LL_GPIO_SetOutputPin  main.o
    0x08003128   0x08003128   0x0000000c   Code   RO          727    .text.LL_GPIO_SetOutputPin  py32f0xx_bsp_i2c.o
    0x08003134   0x08003134   0x00000012   Code   RO          278    .text.LL_GPIO_SetPinMode  py32f0xx_ll_gpio.o
    0x08003146   0x08003146   0x00000012   Code   RO          611    .text.LL_GPIO_SetPinMode  py32f0xx_bsp_gpio.o
    0x08003158   0x08003158   0x00000016   Code   RO          866    .text.LL_GPIO_SetPinMode  py32f0xx_bsp_usart.o
    0x0800316e   0x0800316e   0x0000000c   Code   RO          288    .text.LL_GPIO_SetPinOutputType  py32f0xx_ll_gpio.o
    0x0800317a   0x0800317a   0x00000012   Code   RO          282    .text.LL_GPIO_SetPinPull  py32f0xx_ll_gpio.o
    0x0800318c   0x0800318c   0x00000018   Code   RO          870    .text.LL_GPIO_SetPinPull  py32f0xx_bsp_usart.o
    0x080031a4   0x080031a4   0x00000012   Code   RO          280    .text.LL_GPIO_SetPinSpeed  py32f0xx_ll_gpio.o
    0x080031b6   0x080031b6   0x00000002   PAD
    0x080031b8   0x080031b8   0x00000014   Code   RO          868    .text.LL_GPIO_SetPinSpeed  py32f0xx_bsp_usart.o
    0x080031cc   0x080031cc   0x0000000e   Code   RO          316    .text.LL_I2C_AcknowledgeNextData  py32f0xx_ll_i2c.o
    0x080031da   0x080031da   0x00000002   PAD
    0x080031dc   0x080031dc   0x00000010   Code   RO          717    .text.LL_I2C_AcknowledgeNextData  py32f0xx_bsp_i2c.o
    0x080031ec   0x080031ec   0x00000014   Code   RO          707    .text.LL_I2C_ClearFlag_ADDR  py32f0xx_bsp_i2c.o
    0x08003200   0x08003200   0x00000010   Code   RO          751    .text.LL_I2C_ClearFlag_AF  py32f0xx_bsp_i2c.o
    0x08003210   0x08003210   0x00000010   Code   RO          755    .text.LL_I2C_ClearFlag_BERR  py32f0xx_bsp_i2c.o
    0x08003220   0x08003220   0x000000a4   Code   RO          310    .text.LL_I2C_ConfigSpeed  py32f0xx_ll_i2c.o
    0x080032c4   0x080032c4   0x0000000a   Code   RO          308    .text.LL_I2C_Disable  py32f0xx_ll_i2c.o
    0x080032ce   0x080032ce   0x00000002   PAD
    0x080032d0   0x080032d0   0x00000010   Code   RO          695    .text.LL_I2C_DisableBitPOS  py32f0xx_bsp_i2c.o
    0x080032e0   0x080032e0   0x00000010   Code   RO          687    .text.LL_I2C_DisableIT_BUF  py32f0xx_bsp_i2c.o
    0x080032f0   0x080032f0   0x00000010   Code   RO          689    .text.LL_I2C_DisableIT_EVT  py32f0xx_bsp_i2c.o
    0x08003300   0x08003300   0x00000010   Code   RO          743    .text.LL_I2C_DisableIT_RX  py32f0xx_bsp_i2c.o
    0x08003310   0x08003310   0x00000010   Code   RO          745    .text.LL_I2C_DisableIT_TX  py32f0xx_bsp_i2c.o
    0x08003320   0x08003320   0x00000010   Code   RO          679    .text.LL_I2C_DisableReset  py32f0xx_bsp_i2c.o
    0x08003330   0x08003330   0x0000000a   Code   RO          314    .text.LL_I2C_Enable  py32f0xx_ll_i2c.o
    0x0800333a   0x0800333a   0x00000002   PAD
    0x0800333c   0x0800333c   0x00000010   Code   RO          719    .text.LL_I2C_EnableBitPOS  py32f0xx_bsp_i2c.o
    0x0800334c   0x0800334c   0x00000010   Code   RO          685    .text.LL_I2C_EnableIT_ERR  py32f0xx_bsp_i2c.o
    0x0800335c   0x0800335c   0x00000010   Code   RO          747    .text.LL_I2C_EnableIT_RX  py32f0xx_bsp_i2c.o
    0x0800336c   0x0800336c   0x00000014   Code   RO          737    .text.LL_I2C_EnableIT_TX  py32f0xx_bsp_i2c.o
    0x08003380   0x08003380   0x00000010   Code   RO          677    .text.LL_I2C_EnableReset  py32f0xx_bsp_i2c.o
    0x08003390   0x08003390   0x00000010   Code   RO          697    .text.LL_I2C_GenerateStartCondition  py32f0xx_bsp_i2c.o
    0x080033a0   0x080033a0   0x00000014   Code   RO          705    .text.LL_I2C_GenerateStopCondition  py32f0xx_bsp_i2c.o
    0x080033b4   0x080033b4   0x0000003a   Code   RO          306    .text.LL_I2C_Init   py32f0xx_ll_i2c.o
    0x080033ee   0x080033ee   0x00000002   PAD
    0x080033f0   0x080033f0   0x0000000c   Code   RO          703    .text.LL_I2C_IsActiveFlag_ADDR  py32f0xx_bsp_i2c.o
    0x080033fc   0x080033fc   0x0000000c   Code   RO          749    .text.LL_I2C_IsActiveFlag_AF  py32f0xx_bsp_i2c.o
    0x08003408   0x08003408   0x0000000c   Code   RO          753    .text.LL_I2C_IsActiveFlag_BERR  py32f0xx_bsp_i2c.o
    0x08003414   0x08003414   0x0000000c   Code   RO          713    .text.LL_I2C_IsActiveFlag_BTF  py32f0xx_bsp_i2c.o
    0x08003420   0x08003420   0x00000010   Code   RO          693    .text.LL_I2C_IsActiveFlag_BUSY  py32f0xx_bsp_i2c.o
    0x08003430   0x08003430   0x0000000c   Code   RO          721    .text.LL_I2C_IsActiveFlag_RXNE  py32f0xx_bsp_i2c.o
    0x0800343c   0x0800343c   0x0000000c   Code   RO          699    .text.LL_I2C_IsActiveFlag_SB  py32f0xx_bsp_i2c.o
    0x08003448   0x08003448   0x00000010   Code   RO          711    .text.LL_I2C_IsActiveFlag_TXE  py32f0xx_bsp_i2c.o
    0x08003458   0x08003458   0x00000008   Code   RO          723    .text.LL_I2C_ReceiveData8  py32f0xx_bsp_i2c.o
    0x08003460   0x08003460   0x0000000c   Code   RO          312    .text.LL_I2C_SetOwnAddress1  py32f0xx_ll_i2c.o
    0x0800346c   0x0800346c   0x00000014   Code   RO          701    .text.LL_I2C_TransmitData8  py32f0xx_bsp_i2c.o
    0x08003480   0x08003480   0x00000018   Code   RO          599    .text.LL_IOP_GRP1_EnableClock  py32f0xx_bsp_gpio.o
    0x08003498   0x08003498   0x00000018   Code   RO          864    .text.LL_IOP_GRP1_EnableClock  py32f0xx_bsp_usart.o
    0x080034b0   0x080034b0   0x00000018   Code   RO         1211    .text.LL_IOP_GRP1_EnableClock  12864oled_drv.o
    0x080034c8   0x080034c8   0x0000001c   Code   RO         1277    .text.LL_IOP_GRP1_EnableClock  myspi_drv.o
    0x080034e4   0x080034e4   0x00000014   Code   RO          806    .text.LL_InitTick   py32f0xx_bsp_rcc.o
    0x080034f8   0x080034f8   0x0000000c   Code   RO          769    .text.LL_LPM_DisableEventOnPend  py32f0xx_bsp_pwr.o
    0x08003504   0x08003504   0x0000000c   Code   RO          775    .text.LL_LPM_DisableSleepOnExit  py32f0xx_bsp_pwr.o
    0x08003510   0x08003510   0x0000000c   Code   RO           80    .text.LL_LPM_EnableDeepSleep  main.o
    0x0800351c   0x0800351c   0x0000000c   Code   RO           84    .text.LL_LPM_EnableSleep  main.o
    0x08003528   0x08003528   0x00000010   Code   RO          777    .text.LL_LPM_EnableSleep  py32f0xx_bsp_pwr.o
    0x08003538   0x08003538   0x00000010   Code   RO          773    .text.LL_PWR_EnableLowPowerRunMode  py32f0xx_bsp_pwr.o
    0x08003548   0x08003548   0x00000014   Code   RO          771    .text.LL_PWR_SetRegulVoltageScaling  py32f0xx_bsp_pwr.o
    0x0800355c   0x0800355c   0x0000000c   Code   RO          419    .text.LL_RCC_GetAHBPrescaler  py32f0xx_ll_rcc.o
    0x08003568   0x08003568   0x0000000c   Code   RO          421    .text.LL_RCC_GetAPB1Prescaler  py32f0xx_ll_rcc.o
    0x08003574   0x08003574   0x0000000c   Code   RO          417    .text.LL_RCC_GetHSIDiv  py32f0xx_ll_rcc.o
    0x08003580   0x08003580   0x0000000c   Code   RO          369    .text.LL_RCC_GetSysClkSource  py32f0xx_ll_rcc.o
    0x0800358c   0x0800358c   0x0000000c   Code   RO          802    .text.LL_RCC_GetSysClkSource  py32f0xx_bsp_rcc.o
    0x08003598   0x08003598   0x00000018   Code   RO          375    .text.LL_RCC_GetSystemClocksFreq  py32f0xx_ll_rcc.o
    0x080035b0   0x080035b0   0x00000010   Code   RO          814    .text.LL_RCC_HSE_Disable  py32f0xx_bsp_rcc.o
    0x080035c0   0x080035c0   0x00000010   Code   RO          792    .text.LL_RCC_HSI_Enable  py32f0xx_bsp_rcc.o
    0x080035d0   0x080035d0   0x00000014   Code   RO          387    .text.LL_RCC_HSI_GetFreq  py32f0xx_ll_rcc.o
    0x080035e4   0x080035e4   0x00000010   Code   RO          796    .text.LL_RCC_HSI_IsReady  py32f0xx_bsp_rcc.o
    0x080035f4   0x080035f4   0x00000018   Code   RO          794    .text.LL_RCC_HSI_SetCalibFreq  py32f0xx_bsp_rcc.o
    0x0800360c   0x0800360c   0x00000010   Code   RO          812    .text.LL_RCC_LSE_Disable  py32f0xx_bsp_rcc.o
    0x0800361c   0x0800361c   0x00000010   Code   RO          816    .text.LL_RCC_LSI_Disable  py32f0xx_bsp_rcc.o
    0x0800362c   0x0800362c   0x00000010   Code   RO          423    .text.LL_RCC_PLL_GetMainSource  py32f0xx_ll_rcc.o
    0x0800363c   0x0800363c   0x00000010   Code   RO          798    .text.LL_RCC_SetAHBPrescaler  py32f0xx_bsp_rcc.o
    0x0800364c   0x0800364c   0x00000010   Code   RO          804    .text.LL_RCC_SetAPB1Prescaler  py32f0xx_bsp_rcc.o
    0x0800365c   0x0800365c   0x00000010   Code   RO          800    .text.LL_RCC_SetSysClkSource  py32f0xx_bsp_rcc.o
    0x0800366c   0x0800366c   0x0000000c   Code   RO           78    .text.LL_SYSTICK_DisableIT  main.o
    0x08003678   0x08003678   0x0000000c   Code   RO           82    .text.LL_SYSTICK_EnableIT  main.o
    0x08003684   0x08003684   0x00000010   Code   RO          808    .text.LL_SYSTICK_EnableIT  py32f0xx_bsp_rcc.o
    0x08003694   0x08003694   0x0000000c   Code   RO          515    .text.LL_SetSystemCoreClock  py32f0xx_ll_utils.o
    0x080036a0   0x080036a0   0x0000000c   Code   RO          830    .text.LL_TIM_EnableAllOutputs  py32f0xx_bsp_tim.o
    0x080036ac   0x080036ac   0x0000000a   Code   RO          832    .text.LL_TIM_EnableCounter  py32f0xx_bsp_tim.o
    0x080036b6   0x080036b6   0x0000000a   Code   RO          453    .text.LL_TIM_GenerateEvent_UPDATE  py32f0xx_ll_tim.o
    0x080036c0   0x080036c0   0x000000a0   Code   RO          445    .text.LL_TIM_Init   py32f0xx_ll_tim.o
    0x08003760   0x08003760   0x00000050   Code   RO          457    .text.LL_TIM_OC_Init  py32f0xx_ll_tim.o
    0x080037b0   0x080037b0   0x00000004   Code   RO          495    .text.LL_TIM_OC_SetCompareCH1  py32f0xx_ll_tim.o
    0x080037b4   0x080037b4   0x0000000c   Code   RO           76    .text.LL_TIM_OC_SetCompareCH2  main.o
    0x080037c0   0x080037c0   0x00000004   Code   RO          489    .text.LL_TIM_OC_SetCompareCH2  py32f0xx_ll_tim.o
    0x080037c4   0x080037c4   0x00000004   Code   RO          497    .text.LL_TIM_OC_SetCompareCH3  py32f0xx_ll_tim.o
    0x080037c8   0x080037c8   0x00000004   Code   RO          499    .text.LL_TIM_OC_SetCompareCH4  py32f0xx_ll_tim.o
    0x080037cc   0x080037cc   0x00000004   Code   RO          447    .text.LL_TIM_SetAutoReload  py32f0xx_ll_tim.o
    0x080037d0   0x080037d0   0x00000004   Code   RO          449    .text.LL_TIM_SetPrescaler  py32f0xx_ll_tim.o
    0x080037d4   0x080037d4   0x00000004   Code   RO          451    .text.LL_TIM_SetRepetitionCounter  py32f0xx_ll_tim.o
    0x080037d8   0x080037d8   0x00000014   Code   RO          918    .text.LL_USART_ClearFlag_FE  py32f0xx_bsp_usart.o
    0x080037ec   0x080037ec   0x00000014   Code   RO          926    .text.LL_USART_ClearFlag_NE  py32f0xx_bsp_usart.o
    0x08003800   0x08003800   0x00000014   Code   RO          922    .text.LL_USART_ClearFlag_ORE  py32f0xx_bsp_usart.o
    0x08003814   0x08003814   0x00000014   Code   RO          914    .text.LL_USART_ClearFlag_PE  py32f0xx_bsp_usart.o
    0x08003828   0x08003828   0x0000000c   Code   RO          862    .text.LL_USART_ClearFlag_TC  py32f0xx_bsp_usart.o
    0x08003834   0x08003834   0x0000000c   Code   RO          908    .text.LL_USART_DisableIT_TXE  py32f0xx_bsp_usart.o
    0x08003840   0x08003840   0x00000010   Code   RO          860    .text.LL_USART_Enable  py32f0xx_bsp_usart.o
    0x08003850   0x08003850   0x0000000c   Code   RO          876    .text.LL_USART_EnableIT_ERROR  py32f0xx_bsp_usart.o
    0x0800385c   0x0800385c   0x00000010   Code   RO          874    .text.LL_USART_EnableIT_PE  py32f0xx_bsp_usart.o
    0x0800386c   0x0800386c   0x0000000c   Code   RO          878    .text.LL_USART_EnableIT_RXNE  py32f0xx_bsp_usart.o
    0x08003878   0x08003878   0x0000000c   Code   RO          894    .text.LL_USART_EnableIT_TXE  py32f0xx_bsp_usart.o
    0x08003884   0x08003884   0x0000000c   Code   RO          916    .text.LL_USART_IsActiveFlag_FE  py32f0xx_bsp_usart.o
    0x08003890   0x08003890   0x0000000c   Code   RO          924    .text.LL_USART_IsActiveFlag_NE  py32f0xx_bsp_usart.o
    0x0800389c   0x0800389c   0x0000000c   Code   RO          920    .text.LL_USART_IsActiveFlag_ORE  py32f0xx_bsp_usart.o
    0x080038a8   0x080038a8   0x0000000c   Code   RO          912    .text.LL_USART_IsActiveFlag_PE  py32f0xx_bsp_usart.o
    0x080038b4   0x080038b4   0x0000000c   Code   RO          886    .text.LL_USART_IsActiveFlag_RXNE  py32f0xx_bsp_usart.o
    0x080038c0   0x080038c0   0x00000010   Code   RO          906    .text.LL_USART_IsActiveFlag_TXE  py32f0xx_bsp_usart.o
    0x080038d0   0x080038d0   0x0000000c   Code   RO          888    .text.LL_USART_IsEnabledIT_TXE  py32f0xx_bsp_usart.o
    0x080038dc   0x080038dc   0x00000008   Code   RO          910    .text.LL_USART_ReceiveData8  py32f0xx_bsp_usart.o
    0x080038e4   0x080038e4   0x00000044   Code   RO          848    .text.LL_USART_SetBaudRate  py32f0xx_bsp_usart.o
    0x08003928   0x08003928   0x00000010   Code   RO          850    .text.LL_USART_SetDataWidth  py32f0xx_bsp_usart.o
    0x08003938   0x08003938   0x00000014   Code   RO          856    .text.LL_USART_SetHWFlowCtrl  py32f0xx_bsp_usart.o
    0x0800394c   0x0800394c   0x00000010   Code   RO          854    .text.LL_USART_SetParity  py32f0xx_bsp_usart.o
    0x0800395c   0x0800395c   0x00000014   Code   RO          852    .text.LL_USART_SetStopBitsLength  py32f0xx_bsp_usart.o
    0x08003970   0x08003970   0x00000010   Code   RO          858    .text.LL_USART_SetTransferDirection  py32f0xx_bsp_usart.o
    0x08003980   0x08003980   0x0000000c   Code   RO          892    .text.LL_USART_TransmitData8  py32f0xx_bsp_usart.o
    0x0800398c   0x0800398c   0x00000028   Code   RO          513    .text.LL_mDelay     py32f0xx_ll_utils.o
    0x080039b4   0x080039b4   0x00000070   Code   RO         1213    .text.LcdGpioDisable  12864oled_drv.o
    0x08003a24   0x08003a24   0x000000a8   Code   RO          104    .text.MCU1LCDbacSet  main.o
    0x08003acc   0x08003acc   0x00000090   Code   RO           94    .text.MCU1LEDSet    main.o
    0x08003b5c   0x08003b5c   0x000000ac   Code   RO          106    .text.MCU1Sw6306InputPowerSet  main.o
    0x08003c08   0x08003c08   0x000000ac   Code   RO          102    .text.Mcu1SaveSet   main.o
    0x08003cb4   0x08003cb4   0x00000064   Code   RO           74    .text.Menu_AppInit  main.o
    0x08003d18   0x08003d18   0x00000044   Code   RO         1279    .text.MySPI_SwapByte  myspi_drv.o
    0x08003d5c   0x08003d5c   0x00000058   Code   RO         1275    .text.MySpiGpioInit  myspi_drv.o
    0x08003db4   0x08003db4   0x00000002   Code   RO           30    .text.NMI_Handler   py32f0xx_it.o
    0x08003db6   0x08003db6   0x00000002   PAD
    0x08003db8   0x08003db8   0x0000007c   Code   RO          459    .text.OC1Config     py32f0xx_ll_tim.o
    0x08003e34   0x08003e34   0x00000088   Code   RO          461    .text.OC2Config     py32f0xx_ll_tim.o
    0x08003ebc   0x08003ebc   0x00000090   Code   RO          463    .text.OC3Config     py32f0xx_ll_tim.o
    0x08003f4c   0x08003f4c   0x00000074   Code   RO          465    .text.OC4Config     py32f0xx_ll_tim.o
    0x08003fc0   0x08003fc0   0x00000020   Code   RO         1207    .text.OLED_Clear    12864oled_drv.o
    0x08003fe0   0x08003fe0   0x00000040   Code   RO         1205    .text.OLED_Display  12864oled_drv.o
    0x08004020   0x08004020   0x0000001e   Code   RO         1199    .text.OLED_Display_On  12864oled_drv.o
    0x0800403e   0x0800403e   0x00000002   PAD
    0x08004040   0x08004040   0x00000114   Code   RO         1215    .text.OLED_Init     12864oled_drv.o
    0x08004154   0x08004154   0x000000ce   Code   RO         1257    .text.OLED_Print    12864oled_drv.o
    0x08004222   0x08004222   0x00000002   PAD
    0x08004224   0x08004224   0x00000028   Code   RO         1203    .text.OLED_Set_Pixel  12864oled_drv.o
    0x0800424c   0x0800424c   0x00000014   Code   RO         1195    .text.OLED_WR_Byte  12864oled_drv.o
    0x08004260   0x08004260   0x00000002   Code   RO           36    .text.PendSV_Handler  py32f0xx_it.o
    0x08004262   0x08004262   0x00000002   PAD
    0x08004264   0x08004264   0x00000020   Code   RO          379    .text.RCC_GetHCLKClockFreq  py32f0xx_ll_rcc.o
    0x08004284   0x08004284   0x00000020   Code   RO          381    .text.RCC_GetPCLK1ClockFreq  py32f0xx_ll_rcc.o
    0x080042a4   0x080042a4   0x00000054   Code   RO          377    .text.RCC_GetSystemClockFreq  py32f0xx_ll_rcc.o
    0x080042f8   0x080042f8   0x0000001c   Code   RO          389    .text.RCC_PLL_GetFreqDomain_SYS  py32f0xx_ll_rcc.o
    0x08004314   0x08004314   0x00000002   Code   RO           34    .text.SVC_Handler   py32f0xx_it.o
    0x08004316   0x08004316   0x00000002   PAD
    0x08004318   0x08004318   0x00000110   Code   RO          967    .text.SW6306_ADCLoad  sw6306.o
    0x08004428   0x08004428   0x00000068   Code   RO          965    .text.SW6306_ADCRead  sw6306.o
    0x08004490   0x08004490   0x00000060   Code   RO          963    .text.SW6306_ByteModify  sw6306.o
    0x080044f0   0x080044f0   0x00000050   Code   RO          959    .text.SW6306_ByteRead  sw6306.o
    0x08004540   0x08004540   0x0000002c   Code   RO          957    .text.SW6306_ByteWrite  sw6306.o
    0x0800456c   0x0800456c   0x000000c4   Code   RO         1073    .text.SW6306_CapacityLoad  sw6306.o
    0x08004630   0x08004630   0x00000044   Code   RO         1081    .text.SW6306_Click  sw6306.o
    0x08004674   0x08004674   0x00000058   Code   RO         1111    .text.SW6306_IextDirSet  sw6306.o
    0x080046cc   0x080046cc   0x00000058   Code   RO         1109    .text.SW6306_IextEnSet  sw6306.o
    0x08004724   0x08004724   0x00000068   Code   RO         1113    .text.SW6306_IextSet  sw6306.o
    0x0800478c   0x0800478c   0x000003b0   Code   RO         1137    .text.SW6306_Init   sw6306.o
    0x08004b3c   0x08004b3c   0x0000000c   Code   RO         1057    .text.SW6306_IsBatteryDepleted  sw6306.o
    0x08004b48   0x08004b48   0x0000000c   Code   RO         1051    .text.SW6306_IsCharging  sw6306.o
    0x08004b54   0x08004b54   0x0000000c   Code   RO         1053    .text.SW6306_IsDischarging  sw6306.o
    0x08004b60   0x08004b60   0x0000000c   Code   RO         1061    .text.SW6306_IsErrorinCharging  sw6306.o
    0x08004b6c   0x08004b6c   0x0000000c   Code   RO         1063    .text.SW6306_IsErrorinDischarging  sw6306.o
    0x08004b78   0x08004b78   0x0000000c   Code   RO         1055    .text.SW6306_IsFullCharged  sw6306.o
    0x08004b84   0x08004b84   0x00000030   Code   RO         1139    .text.SW6306_IsInitialized  sw6306.o
    0x08004bb4   0x08004bb4   0x00000018   Code   RO         1069    .text.SW6306_IsOverHeated  sw6306.o
    0x08004bcc   0x08004bcc   0x0000000c   Code   RO          989    .text.SW6306_IsPortA1ON  sw6306.o
    0x08004bd8   0x08004bd8   0x0000000c   Code   RO          991    .text.SW6306_IsPortA2ON  sw6306.o
    0x08004be4   0x08004be4   0x0000000c   Code   RO          985    .text.SW6306_IsPortC1ON  sw6306.o
    0x08004bf0   0x08004bf0   0x0000000c   Code   RO          987    .text.SW6306_IsPortC2ON  sw6306.o
    0x08004bfc   0x08004bfc   0x00000010   Code   RO         1001    .text.SW6306_IsQCStatAFC  sw6306.o
    0x08004c0c   0x08004c0c   0x00000010   Code   RO         1021    .text.SW6306_IsQCStatFCP  sw6306.o
    0x08004c1c   0x08004c1c   0x00000010   Code   RO         1029    .text.SW6306_IsQCStatNONE  sw6306.o
    0x08004c2c   0x08004c2c   0x00000010   Code   RO         1017    .text.SW6306_IsQCStatPDFIX  sw6306.o
    0x08004c3c   0x08004c3c   0x00000010   Code   RO         1015    .text.SW6306_IsQCStatPDPPS  sw6306.o
    0x08004c4c   0x08004c4c   0x00000010   Code   RO         1013    .text.SW6306_IsQCStatPE11  sw6306.o
    0x08004c5c   0x08004c5c   0x00000010   Code   RO         1011    .text.SW6306_IsQCStatPE20  sw6306.o
    0x08004c6c   0x08004c6c   0x0000000c   Code   RO          997    .text.SW6306_IsQCStatPQC  sw6306.o
    0x08004c78   0x08004c78   0x00000010   Code   RO         1027    .text.SW6306_IsQCStatQC2  sw6306.o
    0x08004c88   0x08004c88   0x00000010   Code   RO         1025    .text.SW6306_IsQCStatQC3  sw6306.o
    0x08004c98   0x08004c98   0x00000010   Code   RO         1023    .text.SW6306_IsQCStatQC3P  sw6306.o
    0x08004ca8   0x08004ca8   0x00000010   Code   RO         1019    .text.SW6306_IsQCStatSCP  sw6306.o
    0x08004cb8   0x08004cb8   0x00000010   Code   RO         1003    .text.SW6306_IsQCStatSFCP  sw6306.o
    0x08004cc8   0x08004cc8   0x00000010   Code   RO         1005    .text.SW6306_IsQCStatSVOOC  sw6306.o
    0x08004cd8   0x08004cd8   0x00000010   Code   RO          999    .text.SW6306_IsQCStatUFCS  sw6306.o
    0x08004ce8   0x08004ce8   0x00000010   Code   RO         1009    .text.SW6306_IsQCStatVOOC1  sw6306.o
    0x08004cf8   0x08004cf8   0x00000010   Code   RO         1007    .text.SW6306_IsQCStatVOOC4  sw6306.o
    0x08004d08   0x08004d08   0x00000010   Code   RO          995    .text.SW6306_IsQCStatVQC  sw6306.o
    0x08004d18   0x08004d18   0x00000048   Code   RO         1087    .text.SW6306_LPSet  sw6306.o
    0x08004d60   0x08004d60   0x00000180   Code   RO         1135    .text.SW6306_PDSet  sw6306.o
    0x08004ee0   0x08004ee0   0x00000040   Code   RO         1097    .text.SW6306_PortA1Remove  sw6306.o
    0x08004f20   0x08004f20   0x00000040   Code   RO         1101    .text.SW6306_PortA2Remove  sw6306.o
    0x08004f60   0x08004f60   0x000000a4   Code   RO          983    .text.SW6306_PortStatusLoad  sw6306.o
    0x08005004   0x08005004   0x000000f4   Code   RO         1031    .text.SW6306_PowerLoad  sw6306.o
    0x080050f8   0x080050f8   0x0000000c   Code   RO         1075    .text.SW6306_ReadCapacity  sw6306.o
    0x08005104   0x08005104   0x00000008   Code   RO          975    .text.SW6306_ReadIBAT  sw6306.o
    0x0800510c   0x0800510c   0x00000008   Code   RO          971    .text.SW6306_ReadIBUS  sw6306.o
    0x08005114   0x08005114   0x00000020   Code   RO         1077    .text.SW6306_ReadMaxGuageCap  sw6306.o
    0x08005134   0x08005134   0x00000008   Code   RO         1039    .text.SW6306_ReadMaxInputPower  sw6306.o
    0x0800513c   0x0800513c   0x00000008   Code   RO         1037    .text.SW6306_ReadMaxOutputPower  sw6306.o
    0x08005144   0x08005144   0x00000020   Code   RO         1079    .text.SW6306_ReadPresentGuageCap  sw6306.o
    0x08005164   0x08005164   0x0000002c   Code   RO          979    .text.SW6306_ReadTCHIP  sw6306.o
    0x08005190   0x08005190   0x00000010   Code   RO          977    .text.SW6306_ReadTNTC  sw6306.o
    0x080051a0   0x080051a0   0x00000008   Code   RO          973    .text.SW6306_ReadVBAT  sw6306.o
    0x080051a8   0x080051a8   0x00000008   Code   RO          969    .text.SW6306_ReadVBUS  sw6306.o
    0x080051b0   0x080051b0   0x00000068   Code   RO          961    .text.SW6306_RegsetSwitch  sw6306.o
    0x08005218   0x08005218   0x00000104   Code   RO         1041    .text.SW6306_StatusLoad  sw6306.o
    0x0800531c   0x0800531c   0x00000094   Code   RO         1085    .text.SW6306_Unlock  sw6306.o
    0x080053b0   0x080053b0   0x0000000c   Code   RO         1141    .text.SetSw6306VInputPowMax  sw6306.o
    0x080053bc   0x080053bc   0x00000044   Code   RO          100    .text.SetTempControl  main.o
    0x08005400   0x08005400   0x0000001c   Code   RO         1293    .text.Shtc3Hibernate  shtc3_drv.o
    0x0800541c   0x0800541c   0x0000001c   Code   RO         1291    .text.Shtc3Wakeup   shtc3_drv.o
    0x08005438   0x08005438   0x0000009c   Code   RO         1289    .text.Shtc3_Read_Result  shtc3_drv.o
    0x080054d4   0x080054d4   0x00000028   Code   RO           48    .text.SysInit       bsp_py32f030x6.o
    0x080054fc   0x080054fc   0x00000010   Code   RO           38    .text.SysTick_Handler  py32f0xx_it.o
    0x0800550c   0x0800550c   0x00000030   Code   RO           13    .text.SystemInit    system_py32f0xx.o
    0x0800553c   0x0800553c   0x000000a8   Code   RO          904    .text.USART1_IRQHandler  py32f0xx_bsp_usart.o
    0x080055e4   0x080055e4   0x0000001a   Code   RO          884    .text.USART_IsBusy  py32f0xx_bsp_usart.o
    0x080055fe   0x080055fe   0x00000002   PAD
    0x08005600   0x08005600   0x0000004c   Code   RO          902    .text.USART_bufread  py32f0xx_bsp_usart.o
    0x0800564c   0x0800564c   0x00000080   Code   RO          890    .text.USART_bufsend  py32f0xx_bsp_usart.o
    0x080056cc   0x080056cc   0x00000024   Code   RO          898    .text.USART_getvalidnum  py32f0xx_bsp_usart.o
    0x080056f0   0x080056f0   0x00000020   Code   RO         1191    .text.Write_IIC_Command  12864oled_drv.o
    0x08005710   0x08005710   0x00000028   Code   RO         1193    .text.Write_IIC_Data  12864oled_drv.o
    0x08005738   0x08005738   0x00000014   Code   RO          575    .text.__NVIC_EnableIRQ  py32f0xx_bsp_exti.o
    0x0800574c   0x0800574c   0x0000000c   Code   RO          683    .text.__NVIC_EnableIRQ  py32f0xx_bsp_i2c.o
    0x08005758   0x08005758   0x00000010   Code   RO          882    .text.__NVIC_EnableIRQ  py32f0xx_bsp_usart.o
    0x08005768   0x08005768   0x0000003c   Code   RO          573    .text.__NVIC_SetPriority  py32f0xx_bsp_exti.o
    0x080057a4   0x080057a4   0x00000014   Code   RO          681    .text.__NVIC_SetPriority  py32f0xx_bsp_i2c.o
    0x080057b8   0x080057b8   0x00000018   Code   RO          880    .text.__NVIC_SetPriority  py32f0xx_bsp_usart.o
    0x080057d0   0x080057d0   0x00000010   Code   RO         1316    .text.bcdToDec      ds3231_drv.o
    0x080057e0   0x080057e0   0x0000019c   Code   RO           72    .text.main          main.o
    0x0800597c   0x0800597c   0x000009d8   Code   RO           56    .text.thread_app    main.o
    0x08006354   0x08006354   0x00000046   Code   RO           64    .text.thread_echo   main.o
    0x0800639a   0x0800639a   0x00000002   PAD
    0x0800639c   0x0800639c   0x00000600   Code   RO           66    .text.thread_key    main.o
    0x0800699c   0x0800699c   0x00000080   Code   RO           70    .text.thread_lcdprintf  main.o
    0x08006a1c   0x08006a1c   0x000000e8   Code   RO           68    .text.thread_trig   main.o
    0x08006b04   0x08006b04   0x0000002c   Code   RO          938    .text.uprintf       py32f0xx_bsp_usart.o
    0x08006b30   0x08006b30   0x00000020   Code   RO         1773    i.__0printf         mc_p.l(printfa.o)
    0x08006b50   0x08006b50   0x00000028   Code   RO         1775    i.__0sprintf        mc_p.l(printfa.o)
    0x08006b78   0x08006b78   0x00000024   Code   RO         1779    i.__0vsprintf       mc_p.l(printfa.o)
    0x08006b9c   0x08006b9c   0x0000002e   Code   RO         1883    i.__ARM_clz         mf_p.l(depilogue.o)
    0x08006bca   0x08006bca   0x000000ac   Code   RO         1843    i.__kernel_poly     m_ps.l(poly.o)
    0x08006c76   0x08006c76   0x00000002   PAD
    0x08006c78   0x08006c78   0x00000014   Code   RO         1829    i.__mathlib_dbl_divzero  m_ps.l(dunder.o)
    0x08006c8c   0x08006c8c   0x0000000a   Code   RO         1830    i.__mathlib_dbl_infnan  m_ps.l(dunder.o)
    0x08006c96   0x08006c96   0x00000010   Code   RO         1832    i.__mathlib_dbl_invalid  m_ps.l(dunder.o)
    0x08006ca6   0x08006ca6   0x0000000e   Code   RO         1905    i.__scatterload_copy  mc_p.l(handlers.o)
    0x08006cb4   0x08006cb4   0x00000002   Code   RO         1906    i.__scatterload_null  mc_p.l(handlers.o)
    0x08006cb6   0x08006cb6   0x0000000e   Code   RO         1907    i.__scatterload_zeroinit  mc_p.l(handlers.o)
    0x08006cc4   0x08006cc4   0x0000000c   Code   RO         1873    i.__set_errno       mc_p.l(errno.o)
    0x08006cd0   0x08006cd0   0x00000174   Code   RO         1780    i._fp_digits        mc_p.l(printfa.o)
    0x08006e44   0x08006e44   0x000006ec   Code   RO         1781    i._printf_core      mc_p.l(printfa.o)
    0x08007530   0x08007530   0x00000020   Code   RO         1782    i._printf_post_padding  mc_p.l(printfa.o)
    0x08007550   0x08007550   0x0000002c   Code   RO         1783    i._printf_pre_padding  mc_p.l(printfa.o)
    0x0800757c   0x0800757c   0x0000000a   Code   RO         1785    i._sputc            mc_p.l(printfa.o)
    0x08007586   0x08007586   0x00000026   Code   RO         1523    i.fminf             m_ps.l(fminf.o)
    0x080075ac   0x080075ac   0x00000012   Code   RO         1860    i.fputc             mc_p.l(fputc.o)
    0x080075be   0x080075be   0x00000002   PAD
    0x080075c0   0x080075c0   0x00000354   Code   RO         1514    i.log               m_ps.l(log.o)
    0x08007914   0x08007914   0x00000004   PAD
    0x08007918   0x08007918   0x00000038   Data   RO         1515    .constdata          m_ps.l(log.o)
    0x08007950   0x08007950   0x00000008   Data   RO         1845    .constdata          m_ps.l(qnan.o)
    0x08007958   0x08007958   0x00000040   Data   RO           18    .rodata.AHBPrescTable  system_py32f0xx.o
    0x08007998   0x08007998   0x00000020   Data   RO           19    .rodata.APBPrescTable  system_py32f0xx.o
    0x080079b8   0x080079b8   0x000002f8   Data   RO         1261    .rodata.F6x8        12864oled_drv.o
    0x08007cb0   0x08007cb0   0x000005f0   Data   RO         1262    .rodata.F8X16       12864oled_drv.o
    0x080082a0   0x080082a0   0x00000020   Data   RO           20    .rodata.HSIFreqTable  system_py32f0xx.o
    0x080082c0   0x080082c0   0x00000020   Data   RO         1399    .rodata._FlashTimmingParam  py32f0xx_hal_flash.o
    0x080082e0   0x080082e0   0x000009d4   Data   RO         1263    .rodata.cfont16     12864oled_drv.o
    0x08008cb4   0x08008cb4   0x0000004a   Data   RO         1264    .rodata.cfont24     12864oled_drv.o
    0x08008cfe   0x08008cfe   0x00000082   Data   RO         1265    .rodata.cfont32     12864oled_drv.o
    0x08008d80   0x08008d80   0x000002f8   Data   RO          120    .rodata.str1.1      main.o
    0x08009078   0x08009078   0x0000003b   Data   RO          137    .rodata.str1.4      main.o
    0x080090b3   0x080090b3   0x00000001   PAD
    0x080090b4   0x080090b4   0x000004b0   Data   RO          138    .rodata.table       main.o
    0x08009564   0x08009564   0x00000020   Data   RO         1904    Region$$Table       anon$$obj.o


    Execution Region RW_IRAM1 (Exec base: 0x20000000, Load base: 0x08009588, Size: 0x00000b18, Max: 0x00002000, ABSOLUTE)

    Exec Addr    Load Addr    Size         Type   Attr      Idx    E Section Name        Object

    0x20000000   0x08009588   0x000000c0   Data   RW           21    .ARM.__at_0x20000000  system_py32f0xx.o
    0x200000c0   0x08009648   0x00000004   Data   RW         1864    .data               mc_p.l(stdout.o)
    0x200000c4   0x0800964c   0x00000004   Data   RW         1874    .data               mc_p.l(errno.o)
    0x200000c8   0x08009650   0x00000001   Data   RW         1182    .data.SW6306_INPUT_POWER_MAX  sw6306.o
    0x200000c9   0x08009651   0x00000003   PAD
    0x200000cc   0x08009654   0x00000004   Data   RW           17    .data.SystemCoreClock  system_py32f0xx.o
    0x200000d0   0x08009658   0x00000004   Data   RW          139    .data.Temp1_pid.0   main.o
    0x200000d4   0x0800965c   0x00000001   Data   RW          945    .data.rx_rd_index   py32f0xx_bsp_usart.o
    0x200000d5   0x0800965d   0x00000001   Data   RW          110    .data.timeusart     main.o
    0x200000d6   0x0800965e   0x00000001   Data   RW          941    .data.tx_rd_index   py32f0xx_bsp_usart.o
    0x200000d7   0x0800965f   0x00000001   PAD
    0x200000d8        -       0x0000000a   Zero   RW          117    .bss.Getds3231Time  main.o
    0x200000e2   0x0800965f   0x00000002   PAD
    0x200000e4        -       0x00000004   Zero   RW         1299    .bss.Humidity       shtc3_drv.o
    0x200000e8        -       0x00000010   Zero   RW          757    .bss.I2C1_Status    py32f0xx_bsp_i2c.o
    0x200000f8        -       0x00000001   Zero   RW          126    .bss.Mcu1ResetSign  main.o
    0x200000f9        -       0x00000001   Zero   RW          125    .bss.Mcu1SaveSign   main.o
    0x200000fa   0x0800965f   0x00000002   PAD
    0x200000fc        -       0x0000000c   Zero   RW          112    .bss.Mcu1Setdat     main.o
    0x20000108        -       0x00000400   Zero   RW         1266    .bss.OLED_buffer    12864oled_drv.o
    0x20000508        -       0x00000001   Zero   RW         1148    .bss.SW6306_ADCLoad.swld_steps  sw6306.o
    0x20000509        -       0x00000001   Zero   RW         1147    .bss.SW6306_ADCRead.sw_steps  sw6306.o
    0x2000050a        -       0x00000001   Zero   RW         1146    .bss.SW6306_ByteModify.swmd_steps  sw6306.o
    0x2000050b        -       0x00000001   Zero   RW         1144    .bss.SW6306_ByteRead.swrd_steps  sw6306.o
    0x2000050c        -       0x00000001   Zero   RW         1152    .bss.SW6306_CapacityLoad.steps  sw6306.o
    0x2000050d        -       0x00000001   Zero   RW         1153    .bss.SW6306_Click.steps  sw6306.o
    0x2000050e        -       0x00000001   Zero   RW         1168    .bss.SW6306_IextDirSet.steps  sw6306.o
    0x2000050f        -       0x00000001   Zero   RW         1167    .bss.SW6306_IextEnSet.steps  sw6306.o
    0x20000510        -       0x00000001   Zero   RW         1169    .bss.SW6306_IextSet.steps  sw6306.o
    0x20000511        -       0x00000001   Zero   RW         1181    .bss.SW6306_Init.steps  sw6306.o
    0x20000512        -       0x00000001   Zero   RW         1156    .bss.SW6306_LPSet.steps  sw6306.o
    0x20000513        -       0x00000001   Zero   RW         1180    .bss.SW6306_PDSet.steps  sw6306.o
    0x20000514        -       0x00000001   Zero   RW         1161    .bss.SW6306_PortA1Remove.steps  sw6306.o
    0x20000515        -       0x00000001   Zero   RW         1163    .bss.SW6306_PortA2Remove.steps  sw6306.o
    0x20000516        -       0x00000001   Zero   RW         1149    .bss.SW6306_PortStatusLoad.steps  sw6306.o
    0x20000517        -       0x00000001   Zero   RW         1150    .bss.SW6306_PowerLoad.steps  sw6306.o
    0x20000518        -       0x00000001   Zero   RW         1145    .bss.SW6306_RegsetSwitch.steps  sw6306.o
    0x20000519   0x0800965f   0x00000003   PAD
    0x2000051c        -       0x00000030   Zero   RW         1143    .bss.SW6306_Status  sw6306.o
    0x2000054c        -       0x00000001   Zero   RW         1151    .bss.SW6306_StatusLoad.steps  sw6306.o
    0x2000054d        -       0x00000001   Zero   RW         1155    .bss.SW6306_Unlock.steps  sw6306.o
    0x2000054e   0x0800965f   0x00000002   PAD
    0x20000550        -       0x0000000a   Zero   RW          116    .bss.Setds3231Time  main.o
    0x2000055a        -       0x00000001   Zero   RW         1297    .bss.Shtc3_Read_Result.state  shtc3_drv.o
    0x2000055b        -       0x00000001   Zero   RW          122    .bss.Sw6306InputPowerMAX  main.o
    0x2000055c        -       0x00000001   Zero   RW          118    .bss.Sw6306InputPowerMaxSign  main.o
    0x2000055d   0x0800965f   0x00000003   PAD
    0x20000560        -       0x00000004   Zero   RW          140    .bss.Temp1_pid.1    main.o
    0x20000564        -       0x00000004   Zero   RW          111    .bss.Temp2          main.o
    0x20000568        -       0x00000004   Zero   RW         1298    .bss.Temperature    shtc3_drv.o
    0x2000056c        -       0x00000002   Zero   RW          108    .bss.Tim1Ch4Pwm     main.o
    0x2000056e        -       0x00000001   Zero   RW          113    .bss.TimeSaveTrig   main.o
    0x2000056f        -       0x00000001   Zero   RW          115    .bss.TimeSaveTrig2  main.o
    0x20000570        -       0x00000020   Zero   RW          946    .bss.USART_rx_buffer  py32f0xx_bsp_usart.o
    0x20000590        -       0x00000100   Zero   RW          942    .bss.USART_tx_buffer  py32f0xx_bsp_usart.o
    0x20000690        -       0x00000002   Zero   RW          119    .bss.cd_sleep       main.o
    0x20000692        -       0x00000014   Zero   RW          136    .bss.ch             main.o
    0x200006a6   0x0800965f   0x00000002   PAD
    0x200006a8        -       0x00000004   Zero   RW          130    .bss.current_operation_index  main.o
    0x200006ac        -       0x00000002   Zero   RW          121    .bss.deattach_delay  main.o
    0x200006ae        -       0x00000001   Zero   RW          114    .bss.func_index     main.o
    0x200006af   0x0800965f   0x00000001   PAD
    0x200006b0        -       0x00000004   Zero   RW          758    .bss.i2cwdtovf      py32f0xx_bsp_i2c.o
    0x200006b4        -       0x00000001   Zero   RW          587    .bss.inttrig        py32f0xx_bsp_exti.o
    0x200006b5        -       0x00000001   Zero   RW          124    .bss.key_data       main.o
    0x200006b6        -       0x00000020   Zero   RW          166    .bss.keys           debounce_key.o
    0x200006d6        -       0x00000001   Zero   RW          588    .bss.keytrig        py32f0xx_bsp_exti.o
    0x200006d7        -       0x00000001   Zero   RW          127    .bss.keytrig1       main.o
    0x200006d8        -       0x00000004   Zero   RW           40    .bss.millis         py32f0xx_it.o
    0x200006dc        -       0x00000018   Zero   RW         1398    .bss.pFlash         py32f0xx_hal_flash.o
    0x200006f4        -       0x00000002   Zero   RW          131    .bss.pt1            main.o
    0x200006f6        -       0x00000002   Zero   RW          132    .bss.pt2            main.o
    0x200006f8        -       0x00000002   Zero   RW          133    .bss.pt3            main.o
    0x200006fa        -       0x00000002   Zero   RW          134    .bss.pt4            main.o
    0x200006fc        -       0x00000002   Zero   RW          135    .bss.pt5            main.o
    0x200006fe        -       0x00000001   Zero   RW          943    .bss.rx_buf_ovf     py32f0xx_bsp_usart.o
    0x200006ff        -       0x00000001   Zero   RW          944    .bss.rx_wr_index    py32f0xx_bsp_usart.o
    0x20000700        -       0x00000004   Zero   RW          109    .bss.thread_app.endmillis  main.o
    0x20000704        -       0x00000004   Zero   RW          123    .bss.thread_key.endmillis  main.o
    0x20000708        -       0x00000004   Zero   RW          128    .bss.thread_lcdprintf.endmillis  main.o
    0x2000070c        -       0x00000001   Zero   RW          129    .bss.time           main.o
    0x2000070d        -       0x00000001   Zero   RW          940    .bss.tx_wr_index    py32f0xx_bsp_usart.o
    0x2000070e   0x0800965f   0x00000002   PAD
    0x20000710        -       0x00000004   Zero   RW         1454    .bss.uwTick         py32f0xx_hal.o
    0x20000714   0x0800965f   0x00000004   PAD
    0x20000718        -       0x00000400   Zero   RW            1    STACK               startup_py32f030xx.o


==============================================================================

Image component sizes


      Code (inc. data)   RO Data    RW Data    ZI Data      Debug   Object Name

      1440         36       5000          0       1024      19219   12864oled_drv.o
        40          0          0          0          0        347   bsp_py32f030x6.o
       442          8          0          0         32       3164   debounce_key.o
       458          0          0          0          0       4142   ds3231_drv.o
       200         32          0          0          0       2069   flash_drv.o
      8986       2298       2019          5        102      12199   main.o
       184         12          0          0          0       2384   myspi_drv.o
       496         32          0          0          2       4175   py32f0xx_bsp_exti.o
       768         52          0          0          0       6373   py32f0xx_bsp_gpio.o
      2134         84          0          0         20      12363   py32f0xx_bsp_i2c.o
       100          8          0          0          0       1741   py32f0xx_bsp_pwr.o
       376         52          0          0          0       3928   py32f0xx_bsp_rcc.o
       306         16          0          0          0       3343   py32f0xx_bsp_tim.o
      1232         80          0          2        291      11198   py32f0xx_bsp_usart.o
        12          4          0          0          4       5300   py32f0xx_hal.o
      1012         68         32          0         24       9863   py32f0xx_hal_flash.o
        24          4          0          0          4        809   py32f0xx_it.o
       264         20          0          0          0       3076   py32f0xx_ll_exti.o
       230          0          0          0          0       4095   py32f0xx_ll_gpio.o
       268         16          0          0          0       3844   py32f0xx_ll_i2c.o
       284         36          0          0          0       6747   py32f0xx_ll_rcc.o
       798         48          0          0          0      11350   py32f0xx_ll_tim.o
        52          8          0          0          0       6706   py32f0xx_ll_utils.o
       244         36          0          0          9       1519   shtc3_drv.o
        28          8        192          0       1024        576   startup_py32f030xx.o
      4260        284          0          1         67      17997   sw6306.o
        92         24        128        196          0       2293   system_py32f0xx.o

    ----------------------------------------------------------------------
     24764       3266       7404        208       2624     160820   Object Totals
         0          0         32          0          0          0   (incl. Generated)
        34          0          1          4         21          0   (incl. Padding)

    ----------------------------------------------------------------------

      Code (inc. data)   RO Data    RW Data    ZI Data      Debug   Library Member Name

        46          4          0          0          0        204   dunder.o
        38          0          0          0          0         72   fminf.o
       852         62         56          0          0        136   log.o
       172          0          0          0          0         76   poly.o
         0          0          8          0          0          0   qnan.o
         0          0          0          0          0          0   entry.o
         0          0          0          0          0          0   entry10a.o
         0          0          0          0          0          0   entry11a.o
         8          4          0          0          0          0   entry2.o
         4          0          0          0          0          0   entry5.o
         0          0          0          0          0          0   entry7b.o
         0          0          0          0          0          0   entry8b.o
         8          4          0          0          0          0   entry9a.o
        12          6          0          4          0         60   errno.o
        18          0          0          0          0         72   fputc.o
        30          0          0          0          0          0   handlers.o
        36          8          0          0          0         68   init.o
         0          0          0          0          0          0   iusefp.o
         0          0          0          0          0          0   iusesemip.o
        32          0          0          0          0         68   llshl.o
        38          0          0          0          0         68   llsshr.o
        34          0          0          0          0         68   llushr.o
        36          0          0          0          0         60   memcpya.o
        36          0          0          0          0        100   memseta.o
      2338        108          0          0          0        628   printfa.o
         0          0          0          0          0          0   semi.o
         0          0          0          4          0          0   stdout.o
        14          0          0          0          0         60   strlen.o
        44          0          0          0          0         72   uidiv.o
        96          0          0          0          0         84   uldiv.o
        40          2          0          0          0         68   cdcmple.o
        40          2          0          0          0         68   cdrcmple.o
        56          0          0          0          0         68   d2f.o
       356          4          0          0          0        140   dadd.o
       240          6          0          0          0         84   ddiv.o
       236          0          0          0          0        216   depilogue.o
        64         10          0          0          0         68   dfixul.o
        40          6          0          0          0         68   dflti.o
        28          4          0          0          0         68   dfltui.o
       208          6          0          0          0         88   dmul.o
        44          0          0          0          0         72   dscalb.o
        40          0          0          0          0         60   f2d.o
       178          0          0          0          0        108   fadd.o
        52          8          0          0          0         60   fcmp4.o
        28          0          0          0          0         60   fcmpgt.o
        28          0          0          0          0         60   fcmplt.o
       124          0          0          0          0         72   fdiv.o
       130          0          0          0          0        144   fepilogue.o
        50          0          0          0          0         60   ffixi.o
        22          0          0          0          0         68   fflti.o
        14          0          0          0          0         68   ffltui.o
       122          0          0          0          0         72   fmul.o

    ----------------------------------------------------------------------
      6044        248         64          8          0       3736   Library Totals
        12          4          0          0          0          0   (incl. Padding)

    ----------------------------------------------------------------------

      Code (inc. data)   RO Data    RW Data    ZI Data      Debug   Library Name

      1108         66         64          0          0        488   m_ps.l
      2784        130          0          8          0       1408   mc_p.l
      2140         48          0          0          0       1840   mf_p.l

    ----------------------------------------------------------------------
      6044        248         64          8          0       3736   Library Totals

    ----------------------------------------------------------------------

==============================================================================


      Code (inc. data)   RO Data    RW Data    ZI Data      Debug   

     30808       3514       7468        216       2624     162312   Grand Totals
     30808       3514       7468        216       2624     162312   ELF Image Totals
     30808       3514       7468        216          0          0   ROM Totals

==============================================================================

    Total RO  Size (Code + RO Data)                38276 (  37.38kB)
    Total RW  Size (RW Data + ZI Data)              2840 (   2.77kB)
    Total ROM Size (Code + RO Data + RW Data)      38492 (  37.59kB)

==============================================================================

